Archive member included to satisfy reference by file (symbol)

C:/ST/STM32CubeIDE_1.15.1/STM32CubeIDE/plugins/com.st.stm32cube.ide.mcu.externaltools.gnu-tools-for-stm32.12.3.rel1.win32_1.0.100.202403111256/tools/bin/../lib/gcc/arm-none-eabi/12.3.1/../../../../arm-none-eabi/lib/thumb/v8-m.main+fp/hard\libc_nano.a(libc_a-exit.o)
                              C:/ST/STM32CubeIDE_1.15.1/STM32CubeIDE/plugins/com.st.stm32cube.ide.mcu.externaltools.gnu-tools-for-stm32.12.3.rel1.win32_1.0.100.202403111256/tools/bin/../lib/gcc/arm-none-eabi/12.3.1/../../../../arm-none-eabi/lib/thumb/v8-m.main+fp/hard/crt0.o (exit)
C:/ST/STM32CubeIDE_1.15.1/STM32CubeIDE/plugins/com.st.stm32cube.ide.mcu.externaltools.gnu-tools-for-stm32.12.3.rel1.win32_1.0.100.202403111256/tools/bin/../lib/gcc/arm-none-eabi/12.3.1/../../../../arm-none-eabi/lib/thumb/v8-m.main+fp/hard\libc_nano.a(libc_a-findfp.o)
                              C:/ST/STM32CubeIDE_1.15.1/STM32CubeIDE/plugins/com.st.stm32cube.ide.mcu.externaltools.gnu-tools-for-stm32.12.3.rel1.win32_1.0.100.202403111256/tools/bin/../lib/gcc/arm-none-eabi/12.3.1/../../../../arm-none-eabi/lib/thumb/v8-m.main+fp/hard\libc_nano.a(libc_a-exit.o) (__stdio_exit_handler)
C:/ST/STM32CubeIDE_1.15.1/STM32CubeIDE/plugins/com.st.stm32cube.ide.mcu.externaltools.gnu-tools-for-stm32.12.3.rel1.win32_1.0.100.202403111256/tools/bin/../lib/gcc/arm-none-eabi/12.3.1/../../../../arm-none-eabi/lib/thumb/v8-m.main+fp/hard\libc_nano.a(libc_a-fwalk.o)
                              C:/ST/STM32CubeIDE_1.15.1/STM32CubeIDE/plugins/com.st.stm32cube.ide.mcu.externaltools.gnu-tools-for-stm32.12.3.rel1.win32_1.0.100.202403111256/tools/bin/../lib/gcc/arm-none-eabi/12.3.1/../../../../arm-none-eabi/lib/thumb/v8-m.main+fp/hard\libc_nano.a(libc_a-findfp.o) (_fwalk_sglue)
C:/ST/STM32CubeIDE_1.15.1/STM32CubeIDE/plugins/com.st.stm32cube.ide.mcu.externaltools.gnu-tools-for-stm32.12.3.rel1.win32_1.0.100.202403111256/tools/bin/../lib/gcc/arm-none-eabi/12.3.1/../../../../arm-none-eabi/lib/thumb/v8-m.main+fp/hard\libc_nano.a(libc_a-puts.o)
                              ./Core/Src/i2c.o (puts)
C:/ST/STM32CubeIDE_1.15.1/STM32CubeIDE/plugins/com.st.stm32cube.ide.mcu.externaltools.gnu-tools-for-stm32.12.3.rel1.win32_1.0.100.202403111256/tools/bin/../lib/gcc/arm-none-eabi/12.3.1/../../../../arm-none-eabi/lib/thumb/v8-m.main+fp/hard\libc_nano.a(libc_a-stdio.o)
                              C:/ST/STM32CubeIDE_1.15.1/STM32CubeIDE/plugins/com.st.stm32cube.ide.mcu.externaltools.gnu-tools-for-stm32.12.3.rel1.win32_1.0.100.202403111256/tools/bin/../lib/gcc/arm-none-eabi/12.3.1/../../../../arm-none-eabi/lib/thumb/v8-m.main+fp/hard\libc_nano.a(libc_a-findfp.o) (__sread)
C:/ST/STM32CubeIDE_1.15.1/STM32CubeIDE/plugins/com.st.stm32cube.ide.mcu.externaltools.gnu-tools-for-stm32.12.3.rel1.win32_1.0.100.202403111256/tools/bin/../lib/gcc/arm-none-eabi/12.3.1/../../../../arm-none-eabi/lib/thumb/v8-m.main+fp/hard\libc_nano.a(libc_a-wbuf.o)
                              C:/ST/STM32CubeIDE_1.15.1/STM32CubeIDE/plugins/com.st.stm32cube.ide.mcu.externaltools.gnu-tools-for-stm32.12.3.rel1.win32_1.0.100.202403111256/tools/bin/../lib/gcc/arm-none-eabi/12.3.1/../../../../arm-none-eabi/lib/thumb/v8-m.main+fp/hard\libc_nano.a(libc_a-puts.o) (__swbuf_r)
C:/ST/STM32CubeIDE_1.15.1/STM32CubeIDE/plugins/com.st.stm32cube.ide.mcu.externaltools.gnu-tools-for-stm32.12.3.rel1.win32_1.0.100.202403111256/tools/bin/../lib/gcc/arm-none-eabi/12.3.1/../../../../arm-none-eabi/lib/thumb/v8-m.main+fp/hard\libc_nano.a(libc_a-wsetup.o)
                              C:/ST/STM32CubeIDE_1.15.1/STM32CubeIDE/plugins/com.st.stm32cube.ide.mcu.externaltools.gnu-tools-for-stm32.12.3.rel1.win32_1.0.100.202403111256/tools/bin/../lib/gcc/arm-none-eabi/12.3.1/../../../../arm-none-eabi/lib/thumb/v8-m.main+fp/hard\libc_nano.a(libc_a-puts.o) (__swsetup_r)
C:/ST/STM32CubeIDE_1.15.1/STM32CubeIDE/plugins/com.st.stm32cube.ide.mcu.externaltools.gnu-tools-for-stm32.12.3.rel1.win32_1.0.100.202403111256/tools/bin/../lib/gcc/arm-none-eabi/12.3.1/../../../../arm-none-eabi/lib/thumb/v8-m.main+fp/hard\libc_nano.a(libc_a-memset.o)
                              C:/ST/STM32CubeIDE_1.15.1/STM32CubeIDE/plugins/com.st.stm32cube.ide.mcu.externaltools.gnu-tools-for-stm32.12.3.rel1.win32_1.0.100.202403111256/tools/bin/../lib/gcc/arm-none-eabi/12.3.1/../../../../arm-none-eabi/lib/thumb/v8-m.main+fp/hard/crt0.o (memset)
C:/ST/STM32CubeIDE_1.15.1/STM32CubeIDE/plugins/com.st.stm32cube.ide.mcu.externaltools.gnu-tools-for-stm32.12.3.rel1.win32_1.0.100.202403111256/tools/bin/../lib/gcc/arm-none-eabi/12.3.1/../../../../arm-none-eabi/lib/thumb/v8-m.main+fp/hard\libc_nano.a(libc_a-closer.o)
                              C:/ST/STM32CubeIDE_1.15.1/STM32CubeIDE/plugins/com.st.stm32cube.ide.mcu.externaltools.gnu-tools-for-stm32.12.3.rel1.win32_1.0.100.202403111256/tools/bin/../lib/gcc/arm-none-eabi/12.3.1/../../../../arm-none-eabi/lib/thumb/v8-m.main+fp/hard\libc_nano.a(libc_a-stdio.o) (_close_r)
[...]
Memory Configuration

Name             Origin             Length             Attributes
RAM              0x20000000         0x000c0000         xrw
SRAM4            0x28000000         0x00004000         xrw
FLASH            0x08000000         0x00010000         xr
*default*        0x00000000         0xffffffff

Linker script and memory map

LOAD C:/ST/STM32CubeIDE_1.15.1/STM32CubeIDE/plugins/com.st.stm32cube.ide.mcu.externaltools.gnu-tools-for-stm32.12.3.rel1.win32_1.0.100.202403111256/tools/bin/../lib/gcc/arm-none-eabi/12.3.1/thumb/v8-m.main+fp/hard/crti.o
LOAD C:/ST/STM32CubeIDE_1.15.1/STM32CubeIDE/plugins/com.st.stm32cube.ide.mcu.externaltools.gnu-tools-for-stm32.12.3.rel1.win32_1.0.100.202403111256/tools/bin/../lib/gcc/arm-none-eabi/12.3.1/thumb/v8-m.main+fp/hard/crtbegin.o
LOAD C:/ST/STM32CubeIDE_1.15.1/STM32CubeIDE/plugins/com.st.stm32cube.ide.mcu.externaltools.gnu-tools-for-stm32.12.3.rel1.win32_1.0.100.202403111256/tools/bin/../lib/gcc/arm-none-eabi/12.3.1/../../../../arm-none-eabi/lib/thumb/v8-m.main+fp/hard/crt0.o
LOAD ./Core/Src/adc.o
LOAD ./Core/Src/app_freertos.o
LOAD ./Core/Src/gpio.o
LOAD ./Core/Src/i2c.o
LOAD ./Core/Src/icache.o
LOAD ./Core/Src/main.o
LOAD ./Core/Src/memorymap.o
LOAD ./Core/Src/stm32u5xx_hal_msp.o
LOAD ./Core/Src/stm32u5xx_hal_timebase_tim.o
LOAD ./Core/Src/stm32u5xx_it.o
LOAD ./Core/Src/syscalls.o
LOAD ./Core/Src/sysmem.o
LOAD ./Core/Src/system_stm32u5xx.o
LOAD ./Core/Src/ucpd.o
LOAD ./Core/Src/usart.o
LOAD ./Core/Src/usb_otg.o
LOAD ./Core/Startup/startup_stm32u575zitxq.o
LOAD ./Drivers/STM32U5xx_HAL_Driver/Src/stm32u5xx_hal.o
LOAD ./Drivers/STM32U5xx_HAL_Driver/Src/stm32u5xx_hal_adc.o
LOAD ./Drivers/STM32U5xx_HAL_Driver/Src/stm32u5xx_hal_adc_ex.o
LOAD ./Drivers/STM32U5xx_HAL_Driver/Src/stm32u5xx_hal_cortex.o
LOAD ./Drivers/STM32U5xx_HAL_Driver/Src/stm32u5xx_hal_dma.o
LOAD ./Drivers/STM32U5xx_HAL_Driver/Src/stm32u5xx_hal_dma_ex.o
LOAD ./Drivers/STM32U5xx_HAL_Driver/Src/stm32u5xx_hal_exti.o
LOAD ./Drivers/STM32U5xx_HAL_Driver/Src/stm32u5xx_hal_flash.o
LOAD ./Drivers/STM32U5xx_HAL_Driver/Src/stm32u5xx_hal_flash_ex.o
LOAD ./Drivers/STM32U5xx_HAL_Driver/Src/stm32u5xx_hal_gpio.o
LOAD ./Drivers/STM32U5xx_HAL_Driver/Src/stm32u5xx_hal_gtzc.o
LOAD ./Drivers/STM32U5xx_HAL_Driver/Src/stm32u5xx_hal_i2c.o
LOAD ./Drivers/STM32U5xx_HAL_Driver/Src/stm32u5xx_hal_i2c_ex.o
LOAD ./Drivers/STM32U5xx_HAL_Driver/Src/stm32u5xx_hal_icache.o
LOAD ./Drivers/STM32U5xx_HAL_Driver/Src/stm32u5xx_hal_pcd.o
LOAD ./Drivers/STM32U5xx_HAL_Driver/Src/stm32u5xx_hal_pcd_ex.o
LOAD ./Drivers/STM32U5xx_HAL_Driver/Src/stm32u5xx_hal_pwr.o
LOAD ./Drivers/STM32U5xx_HAL_Driver/Src/stm32u5xx_hal_pwr_ex.o
LOAD ./Drivers/STM32U5xx_HAL_Driver/Src/stm32u5xx_hal_rcc.o
LOAD ./Drivers/STM32U5xx_HAL_Driver/Src/stm32u5xx_hal_rcc_ex.o
LOAD ./Drivers/STM32U5xx_HAL_Driver/Src/stm32u5xx_hal_tim.o
LOAD ./Drivers/STM32U5xx_HAL_Driver/Src/stm32u5xx_hal_tim_ex.o
LOAD ./Drivers/STM32U5xx_HAL_Driver/Src/stm32u5xx_hal_uart.o
LOAD ./Drivers/STM32U5xx_HAL_Driver/Src/stm32u5xx_hal_uart_ex.o
LOAD ./Drivers/STM32U5xx_HAL_Driver/Src/stm32u5xx_ll_dma.o
LOAD ./Drivers/STM32U5xx_HAL_Driver/Src/stm32u5xx_ll_exti.o
LOAD ./Drivers/STM32U5xx_HAL_Driver/Src/stm32u5xx_ll_gpio.o
LOAD ./Drivers/STM32U5xx_HAL_Driver/Src/stm32u5xx_ll_lpgpio.o
LOAD ./Drivers/STM32U5xx_HAL_Driver/Src/stm32u5xx_ll_ucpd.o
LOAD ./Drivers/STM32U5xx_HAL_Driver/Src/stm32u5xx_ll_usb.o
LOAD ./Drivers/STM32U5xx_HAL_Driver/Src/stm32u5xx_ll_utils.o
LOAD ./Middlewares/Third_Party/FreeRTOS/Source/CMSIS_RTOS_V2/cmsis_os2.o
LOAD ./Middlewares/Third_Party/FreeRTOS/Source/croutine.o
LOAD ./Middlewares/Third_Party/FreeRTOS/Source/event_groups.o
LOAD ./Middlewares/Third_Party/FreeRTOS/Source/list.o
LOAD ./Middlewares/Third_Party/FreeRTOS/Source/queue.o
LOAD ./Middlewares/Third_Party/FreeRTOS/Source/stream_buffer.o
LOAD ./Middlewares/Third_Party/FreeRTOS/Source/tasks.o
LOAD ./Middlewares/Third_Party/FreeRTOS/Source/timers.o
LOAD ./Middlewares/Third_Party/FreeRTOS/Source/portable/GCC/ARM_CM33_NTZ/non_secure/port.o
LOAD ./Middlewares/Third_Party/FreeRTOS/Source/portable/GCC/ARM_CM33_NTZ/non_secure/portasm.o
LOAD ./Middlewares/Third_Party/FreeRTOS/Source/portable/MemMang/heap_1.o
START GROUP
LOAD C:/ST/STM32CubeIDE_1.15.1/STM32CubeIDE/plugins/com.st.stm32cube.ide.mcu.externaltools.gnu-tools-for-stm32.12.3.rel1.win32_1.0.100.202403111256/tools/bin/../lib/gcc/arm-none-eabi/12.3.1/../../../../arm-none-eabi/lib/thumb/v8-m.main+fp/hard\libc_nano.a
LOAD C:/ST/STM32CubeIDE_1.15.1/STM32CubeIDE/plugins/com.st.stm32cube.ide.mcu.externaltools.gnu-tools-for-stm32.12.3.rel1.win32_1.0.100.202403111256/tools/bin/../lib/gcc/arm-none-eabi/12.3.1/../../../../arm-none-eabi/lib/thumb/v8-m.main+fp/hard\libm.a
END GROUP
START GROUP
LOAD C:/ST/STM32CubeIDE_1.15.1/STM32CubeIDE/plugins/com.st.stm32cube.ide.mcu.externaltools.gnu-tools-for-stm32.12.3.rel1.win32_1.0.100.202403111256/tools/bin/../lib/gcc/arm-none-eabi/12.3.1/thumb/v8-m.main+fp/hard\libgcc.a
LOAD C:/ST/STM32CubeIDE_1.15.1/STM32CubeIDE/plugins/com.st.stm32cube.ide.mcu.externaltools.gnu-tools-for-stm32.12.3.rel1.win32_1.0.100.202403111256/tools/bin/../lib/gcc/arm-none-eabi/12.3.1/../../../../arm-none-eabi/lib/thumb/v8-m.main+fp/hard\libc_nano.a
END GROUP
START GROUP
LOAD C:/ST/STM32CubeIDE_1.15.1/STM32CubeIDE/plugins/com.st.stm32cube.ide.mcu.externaltools.gnu-tools-for-stm32.12.3.rel1.win32_1.0.100.202403111256/tools/bin/../lib/gcc/arm-none-eabi/12.3.1/thumb/v8-m.main+fp/hard\libgcc.a
LOAD C:/ST/STM32CubeIDE_1.15.1/STM32CubeIDE/plugins/com.st.stm32cube.ide.mcu.externaltools.gnu-tools-for-stm32.12.3.rel1.win32_1.0.100.202403111256/tools/bin/../lib/gcc/arm-none-eabi/12.3.1/../../../../arm-none-eabi/lib/thumb/v8-m.main+fp/hard\libc_nano.a
LOAD C:/ST/STM32CubeIDE_1.15.1/STM32CubeIDE/plugins/com.st.stm32cube.ide.mcu.externaltools.gnu-tools-for-stm32.12.3.rel1.win32_1.0.100.202403111256/tools/bin/../lib/gcc/arm-none-eabi/12.3.1/../../../../arm-none-eabi/lib/thumb/v8-m.main+fp/hard\libnosys.a
END GROUP
START GROUP
LOAD C:/ST/STM32CubeIDE_1.15.1/STM32CubeIDE/plugins/com.st.stm32cube.ide.mcu.externaltools.gnu-tools-for-stm32.12.3.rel1.win32_1.0.100.202403111256/tools/bin/../lib/gcc/arm-none-eabi/12.3.1/thumb/v8-m.main+fp/hard\libgcc.a
LOAD C:/ST/STM32CubeIDE_1.15.1/STM32CubeIDE/plugins/com.st.stm32cube.ide.mcu.externaltools.gnu-tools-for-stm32.12.3.rel1.win32_1.0.100.202403111256/tools/bin/../lib/gcc/arm-none-eabi/12.3.1/../../../../arm-none-eabi/lib/thumb/v8-m.main+fp/hard\libc_nano.a
LOAD C:/ST/STM32CubeIDE_1.15.1/STM32CubeIDE/plugins/com.st.stm32cube.ide.mcu.externaltools.gnu-tools-for-stm32.12.3.rel1.win32_1.0.100.202403111256/tools/bin/../lib/gcc/arm-none-eabi/12.3.1/../../../../arm-none-eabi/lib/thumb/v8-m.main+fp/hard\libnosys.a
END GROUP
LOAD C:/ST/STM32CubeIDE_1.15.1/STM32CubeIDE/plugins/com.st.stm32cube.ide.mcu.externaltools.gnu-tools-for-stm32.12.3.rel1.win32_1.0.100.202403111256/tools/bin/../lib/gcc/arm-none-eabi/12.3.1/thumb/v8-m.main+fp/hard/crtend.o
LOAD C:/ST/STM32CubeIDE_1.15.1/STM32CubeIDE/plugins/com.st.stm32cube.ide.mcu.externaltools.gnu-tools-for-stm32.12.3.rel1.win32_1.0.100.202403111256/tools/bin/../lib/gcc/arm-none-eabi/12.3.1/thumb/v8-m.main+fp/hard/crtn.o
                0x200c0000                        _estack = (ORIGIN (RAM) + LENGTH (RAM))
                0x00000200                        _Min_Heap_Size = 0x200
                0x00000400                        _Min_Stack_Size = 0x400

.isr_vector     0x08000000      0x238
 *(.isr_vector)
 .isr_vector    0x08000000      0x238 ./Core/Startup/startup_stm32u575zitxq.o
                0x08000000                g_pfnVectors

.text           0x08000240     0xe3e4
 *(.text)
 .text          0x08000240       0x40 C:/ST/STM32CubeIDE_1.15.1/STM32CubeIDE/plugins/com.st.stm32cube.ide.mcu.externaltools.gnu-tools-for-stm32.12.3.rel1.win32_1.0.100.202403111256/tools/bin/../lib/gcc/arm-none-eabi/12.3.1/thumb/v8-m.main+fp/hard/crtbegin.o
 .text          0x08000280       0x30 C:/ST/STM32CubeIDE_1.15.1/STM32CubeIDE/plugins/com.st.stm32cube.ide.mcu.externaltools.gnu-tools-for-stm32.12.3.rel1.win32_1.0.100.202403111256/tools/bin/../lib/gcc/arm-none-eabi/12.3.1/thumb/v8-m.main+fp/hard\libgcc.a(_aeabi_uldivmod.o)
                0x08000280                __aeabi_uldivmod
 .text          0x080002b0      0x2e4 C:/ST/STM32CubeIDE_1.15.1/STM32CubeIDE/plugins/com.st.stm32cube.ide.mcu.externaltools.gnu-tools-for-stm32.12.3.rel1.win32_1.0.100.202403111256/tools/bin/../lib/gcc/arm-none-eabi/12.3.1/thumb/v8-m.main+fp/hard\libgcc.a(_udivmoddi4.o)
                0x080002b0                __udivmoddi4
 .text          0x08000594        0x4 C:/ST/STM32CubeIDE_1.15.1/STM32CubeIDE/plugins/com.st.stm32cube.ide.mcu.externaltools.gnu-tools-for-stm32.12.3.rel1.win32_1.0.100.202403111256/tools/bin/../lib/gcc/arm-none-eabi/12.3.1/thumb/v8-m.main+fp/hard\libgcc.a(_dvmd_tls.o)
                0x08000594                __aeabi_idiv0
                0x08000594                __aeabi_ldiv0
 *(.text*)
 .text.MX_ADC1_Init
                0x08000598       0x88 ./Core/Src/adc.o
                0x08000598                MX_ADC1_Init
 .text.HAL_ADC_MspInit
                0x08000620       0xc8 ./Core/Src/adc.o
                0x08000620                HAL_ADC_MspInit
 .text.MX_FREERTOS_Init
                0x080006e8       0x40 ./Core/Src/app_freertos.o
                0x080006e8                MX_FREERTOS_Init
 .text.StartDefaultTask
                0x08000728       0x10 ./Core/Src/app_freertos.o
                0x08000728                StartDefaultTask
 .text.StartBlinkingLed
                0x08000738       0x20 ./Core/Src/app_freertos.o
                0x08000738                StartBlinkingLed
 .text.MX_GPIO_Init
                0x08000758      0x150 ./Core/Src/gpio.o
                0x08000758                MX_GPIO_Init
 .text.MX_I2C1_Init
                0x080008a8       0x90 ./Core/Src/i2c.o
                0x080008a8                MX_I2C1_Init
 .text.HAL_I2C_MspInit
                0x08000938       0xf0 ./Core/Src/i2c.o
                0x08000938                HAL_I2C_MspInit
 .text.go2APP   0x08000a28       0x88 ./Core/Src/i2c.o
                0x08000a28                go2APP
 .text.process_data
                0x08000ab0        0xe ./Core/Src/i2c.o
                0x08000ab0                process_data
 .text.HAL_I2C_ListenCpltCallback
                0x08000abe       0x16 ./Core/Src/i2c.o
                0x08000abe                HAL_I2C_ListenCpltCallback
 .text.HAL_I2C_AddrCallback
                0x08000ad4       0x64 ./Core/Src/i2c.o
                0x08000ad4                HAL_I2C_AddrCallback
 .text.HAL_I2C_SlaveTxCpltCallback
                0x08000b38       0x44 ./Core/Src/i2c.o
                0x08000b38                HAL_I2C_SlaveTxCpltCallback
 .text.HAL_I2C_SlaveRxCpltCallback
                0x08000b7c      0x2b8 ./Core/Src/i2c.o
                0x08000b7c                HAL_I2C_SlaveRxCpltCallback
 .text.HAL_I2C_ErrorCallback
                0x08000e34       0x4c ./Core/Src/i2c.o
                0x08000e34                HAL_I2C_ErrorCallback
 .text.MX_ICACHE_Init
                0x08000e80       0x26 ./Core/Src/icache.o
                0x08000e80                MX_ICACHE_Init
 .text.main     0x08000ea6       0x3c ./Core/Src/main.o
                0x08000ea6                main
 .text.SystemClock_Config
                0x08000ee2       0xc8 ./Core/Src/main.o
                0x08000ee2                SystemClock_Config
 .text.SystemPower_Config
                0x08000faa       0x1c ./Core/Src/main.o
 *fill*         0x08000fc6        0x2 
 .text.HAL_TIM_PeriodElapsedCallback
                0x08000fc8       0x24 ./Core/Src/main.o
                0x08000fc8                HAL_TIM_PeriodElapsedCallback
 .text.Error_Handler
                0x08000fec        0xc ./Core/Src/main.o
                0x08000fec                Error_Handler
 .text.HAL_MspInit
                0x08000ff8       0x40 ./Core/Src/stm32u5xx_hal_msp.o
                0x08000ff8                HAL_MspInit
 .text.HAL_InitTick
                0x08001038       0xe0 ./Core/Src/stm32u5xx_hal_timebase_tim.o
                0x08001038                HAL_InitTick
 .text.NMI_Handler
                0x08001118        0x8 ./Core/Src/stm32u5xx_it.o
                0x08001118                NMI_Handler
 .text.HardFault_Handler
                0x08001120        0x8 ./Core/Src/stm32u5xx_it.o
                0x08001120                HardFault_Handler
 .text.MemManage_Handler
                0x08001128        0x8 ./Core/Src/stm32u5xx_it.o
                0x08001128                MemManage_Handler
 .text.BusFault_Handler
                0x08001130        0x8 ./Core/Src/stm32u5xx_it.o
                0x08001130                BusFault_Handler
 .text.UsageFault_Handler
                0x08001138        0x8 ./Core/Src/stm32u5xx_it.o
                0x08001138                UsageFault_Handler
 .text.DebugMon_Handler
                0x08001140        0xe ./Core/Src/stm32u5xx_it.o
                0x08001140                DebugMon_Handler
 *fill*         0x0800114e        0x2 
 .text.TIM1_UP_IRQHandler
                0x08001150       0x14 ./Core/Src/stm32u5xx_it.o
                0x08001150                TIM1_UP_IRQHandler
 .text.I2C1_EV_IRQHandler
                0x08001164       0x14 ./Core/Src/stm32u5xx_it.o
                0x08001164                I2C1_EV_IRQHandler
 .text.I2C1_ER_IRQHandler
                0x08001178       0x14 ./Core/Src/stm32u5xx_it.o
                0x08001178                I2C1_ER_IRQHandler
 .text.OTG_FS_IRQHandler
                0x0800118c       0x14 ./Core/Src/stm32u5xx_it.o
                0x0800118c                OTG_FS_IRQHandler
 .text._read    0x080011a0       0x3a ./Core/Src/syscalls.o
                0x080011a0                _read
 .text._write   0x080011da       0x38 ./Core/Src/syscalls.o
                0x080011da                _write
 .text._close   0x08001212       0x18 ./Core/Src/syscalls.o
                0x08001212                _close
 .text._fstat   0x0800122a       0x20 ./Core/Src/syscalls.o
                0x0800122a                _fstat
 .text._isatty  0x0800124a       0x16 ./Core/Src/syscalls.o
                0x0800124a                _isatty
 .text._lseek   0x08001260       0x1a ./Core/Src/syscalls.o
                0x08001260                _lseek
 *fill*         0x0800127a        0x2 
 .text._sbrk    0x0800127c       0x6c ./Core/Src/sysmem.o
                0x0800127c                _sbrk
 .text.SystemInit
                0x080012e8       0x70 ./Core/Src/system_stm32u5xx.o
                0x080012e8                SystemInit
 .text.LL_AHB2_GRP1_EnableClock
                0x08001358       0x38 ./Core/Src/ucpd.o
 .text.LL_APB1_GRP2_EnableClock
                0x08001390       0x38 ./Core/Src/ucpd.o
 .text.MX_UCPD1_Init
                0x080013c8       0x6c ./Core/Src/ucpd.o
                0x080013c8                MX_UCPD1_Init
 .text.MX_USART1_UART_Init
                0x08001434       0x98 ./Core/Src/usart.o
                0x08001434                MX_USART1_UART_Init
 .text.HAL_UART_MspInit
                0x080014cc       0xd0 ./Core/Src/usart.o
                0x080014cc                HAL_UART_MspInit
 .text.MX_USB_OTG_FS_PCD_Init
                0x0800159c       0x64 ./Core/Src/usb_otg.o
                0x0800159c                MX_USB_OTG_FS_PCD_Init
 .text.HAL_PCD_MspInit
                0x08001600      0x128 ./Core/Src/usb_otg.o
                0x08001600                HAL_PCD_MspInit
 .text.Reset_Handler
                0x08001728       0x50 ./Core/Startup/startup_stm32u575zitxq.o
                0x08001728                Reset_Handler
 .text.Default_Handler
                0x08001778        0x2 ./Core/Startup/startup_stm32u575zitxq.o
                0x08001778                EXTI2_IRQHandler
                0x08001778                TIM8_TRG_COM_IRQHandler
                0x08001778                TIM8_CC_IRQHandler
                0x08001778                EXTI5_IRQHandler
                0x08001778                FLASH_S_IRQHandler
                0x08001778                EXTI13_IRQHandler
                0x08001778                TIM1_CC_IRQHandler
                0x08001778                TSC_IRQHandler
                0x08001778                TAMP_IRQHandler
                0x08001778                TIM6_IRQHandler
                0x08001778                EXTI12_IRQHandler
                0x08001778                CORDIC_IRQHandler
                0x08001778                EXTI3_IRQHandler
                0x08001778                LPTIM4_IRQHandler
                0x08001778                GPDMA1_Channel5_IRQHandler
                0x08001778                EXTI8_IRQHandler
                0x08001778                LPTIM2_IRQHandler
                0x08001778                I2C3_ER_IRQHandler
                0x08001778                PWR_S3WU_IRQHandler
                0x08001778                MDF1_FLT2_IRQHandler
                0x08001778                LPDMA1_Channel3_IRQHandler
                0x08001778                LPTIM3_IRQHandler
                0x08001778                EXTI0_IRQHandler
                0x08001778                I2C2_EV_IRQHandler
                0x08001778                FPU_IRQHandler
                0x08001778                GPDMA1_Channel3_IRQHandler
                0x08001778                GPDMA1_Channel7_IRQHandler
                0x08001778                MDF1_FLT4_IRQHandler
                0x08001778                FDCAN1_IT1_IRQHandler
                0x08001778                RAMCFG_IRQHandler
                0x08001778                GPDMA1_Channel9_IRQHandler
                0x08001778                DCACHE1_IRQHandler
                0x08001778                SPI1_IRQHandler
                0x08001778                OCTOSPI1_IRQHandler
                0x08001778                GPDMA1_Channel2_IRQHandler
                0x08001778                TIM8_UP_IRQHandler
                0x08001778                RCC_S_IRQHandler
                0x08001778                OCTOSPI2_IRQHandler
                0x08001778                SAI2_IRQHandler
                0x08001778                MDF1_FLT1_IRQHandler
                0x08001778                ADC1_IRQHandler
                0x08001778                MDF1_FLT5_IRQHandler
                0x08001778                EXTI15_IRQHandler
                0x08001778                TIM17_IRQHandler
                0x08001778                USART3_IRQHandler
                0x08001778                RTC_IRQHandler
                0x08001778                EXTI9_IRQHandler
                0x08001778                UART5_IRQHandler
                0x08001778                TIM4_IRQHandler
                0x08001778                GPDMA1_Channel12_IRQHandler
                0x08001778                GPDMA1_Channel1_IRQHandler
                0x08001778                TIM16_IRQHandler
                0x08001778                GPDMA1_Channel15_IRQHandler
                0x08001778                UART4_IRQHandler
                0x08001778                SecureFault_Handler
                0x08001778                TIM3_IRQHandler
                0x08001778                RCC_IRQHandler
                0x08001778                TIM1_TRG_COM_IRQHandler
                0x08001778                Default_Handler
                0x08001778                GPDMA1_Channel8_IRQHandler
                0x08001778                FMAC_IRQHandler
                0x08001778                GPDMA1_Channel11_IRQHandler
                0x08001778                TIM7_IRQHandler
                0x08001778                SDMMC1_IRQHandler
                0x08001778                TIM5_IRQHandler
                0x08001778                UCPD1_IRQHandler
                0x08001778                GPDMA1_Channel0_IRQHandler
                0x08001778                TIM15_IRQHandler
                0x08001778                I2C3_EV_IRQHandler
                0x08001778                LPDMA1_Channel0_IRQHandler
                0x08001778                PVD_PVM_IRQHandler
                0x08001778                SPI2_IRQHandler
                0x08001778                LPDMA1_Channel1_IRQHandler
                0x08001778                EXTI14_IRQHandler
                0x08001778                EXTI11_IRQHandler
                0x08001778                CRS_IRQHandler
                0x08001778                GPDMA1_Channel14_IRQHandler
                0x08001778                LSECSSD_IRQHandler
                0x08001778                EXTI4_IRQHandler
                0x08001778                RTC_S_IRQHandler
                0x08001778                GPDMA1_Channel13_IRQHandler
                0x08001778                RNG_IRQHandler
                0x08001778                COMP_IRQHandler
                0x08001778                ADC4_IRQHandler
                0x08001778                WWDG_IRQHandler
                0x08001778                I2C4_EV_IRQHandler
                0x08001778                ADF1_IRQHandler
                0x08001778                IWDG_IRQHandler
                0x08001778                LPUART1_IRQHandler
                0x08001778                MDF1_FLT0_IRQHandler
                0x08001778                FDCAN1_IT0_IRQHandler
                0x08001778                TIM2_IRQHandler
                0x08001778                GPDMA1_Channel4_IRQHandler
                0x08001778                EXTI7_IRQHandler
                0x08001778                DMA2D_IRQHandler
                0x08001778                TIM1_BRK_IRQHandler
                0x08001778                EXTI1_IRQHandler
                0x08001778                SDMMC2_IRQHandler
                0x08001778                DAC1_IRQHandler
                0x08001778                GTZC_IRQHandler
                0x08001778                MDF1_FLT3_IRQHandler
                0x08001778                USART2_IRQHandler
                0x08001778                GPDMA1_Channel6_IRQHandler
                0x08001778                I2C2_ER_IRQHandler
                0x08001778                TIM8_BRK_IRQHandler
                0x08001778                FLASH_IRQHandler
                0x08001778                USART1_IRQHandler
                0x08001778                EXTI10_IRQHandler
                0x08001778                SPI3_IRQHandler
                0x08001778                LPDMA1_Channel2_IRQHandler
                0x08001778                FMC_IRQHandler
                0x08001778                EXTI6_IRQHandler
                0x08001778                LPTIM1_IRQHandler
                0x08001778                DCMI_PSSI_IRQHandler
                0x08001778                I2C4_ER_IRQHandler
                0x08001778                GPDMA1_Channel10_IRQHandler
                0x08001778                ICACHE_IRQHandler
                0x08001778                SAI1_IRQHandler
                0x08001778                HASH_IRQHandler
 *fill*         0x0800177a        0x2 
 .text.HAL_Init
                0x0800177c       0x60 ./Drivers/STM32U5xx_HAL_Driver/Src/stm32u5xx_hal.o
                0x0800177c                HAL_Init
 .text.HAL_IncTick
                0x080017dc       0x28 ./Drivers/STM32U5xx_HAL_Driver/Src/stm32u5xx_hal.o
                0x080017dc                HAL_IncTick
 .text.HAL_GetTick
                0x08001804       0x18 ./Drivers/STM32U5xx_HAL_Driver/Src/stm32u5xx_hal.o
                0x08001804                HAL_GetTick
 .text.HAL_Delay
                0x0800181c       0x48 ./Drivers/STM32U5xx_HAL_Driver/Src/stm32u5xx_hal.o
                0x0800181c                HAL_Delay
 .text.LL_ADC_SetCommonClock
                0x08001864       0x26 ./Drivers/STM32U5xx_HAL_Driver/Src/stm32u5xx_hal_adc.o
 *fill*         0x0800188a        0x2 
 .text.LL_ADC_SetResolution
                0x0800188c       0x40 ./Drivers/STM32U5xx_HAL_Driver/Src/stm32u5xx_hal_adc.o
 .text.LL_ADC_SetGainCompensation
                0x080018cc       0x46 ./Drivers/STM32U5xx_HAL_Driver/Src/stm32u5xx_hal_adc.o
 .text.LL_ADC_SetSamplingTimeCommonChannels
                0x08001912       0x3e ./Drivers/STM32U5xx_HAL_Driver/Src/stm32u5xx_hal_adc.o
 .text.LL_ADC_DisableDeepPowerDown
                0x08001950       0x24 ./Drivers/STM32U5xx_HAL_Driver/Src/stm32u5xx_hal_adc.o
 .text.LL_ADC_IsDeepPowerDownEnabled
                0x08001974       0x28 ./Drivers/STM32U5xx_HAL_Driver/Src/stm32u5xx_hal_adc.o
 .text.LL_ADC_EnableInternalRegulator
                0x0800199c       0x28 ./Drivers/STM32U5xx_HAL_Driver/Src/stm32u5xx_hal_adc.o
 .text.LL_ADC_IsInternalRegulatorEnabled
                0x080019c4       0x28 ./Drivers/STM32U5xx_HAL_Driver/Src/stm32u5xx_hal_adc.o
 .text.LL_ADC_IsEnabled
                0x080019ec       0x26 ./Drivers/STM32U5xx_HAL_Driver/Src/stm32u5xx_hal_adc.o
 .text.LL_ADC_REG_IsConversionOngoing
                0x08001a12       0x26 ./Drivers/STM32U5xx_HAL_Driver/Src/stm32u5xx_hal_adc.o
 .text.LL_ADC_INJ_IsConversionOngoing
                0x08001a38       0x26 ./Drivers/STM32U5xx_HAL_Driver/Src/stm32u5xx_hal_adc.o
 *fill*         0x08001a5e        0x2 
 .text.HAL_ADC_Init
                0x08001a60      0x594 ./Drivers/STM32U5xx_HAL_Driver/Src/stm32u5xx_hal_adc.o
                0x08001a60                HAL_ADC_Init
 .text.__NVIC_SetPriorityGrouping
                0x08001ff4       0x48 ./Drivers/STM32U5xx_HAL_Driver/Src/stm32u5xx_hal_cortex.o
 .text.__NVIC_GetPriorityGrouping
                0x0800203c       0x1c ./Drivers/STM32U5xx_HAL_Driver/Src/stm32u5xx_hal_cortex.o
 .text.__NVIC_EnableIRQ
                0x08002058       0x3c ./Drivers/STM32U5xx_HAL_Driver/Src/stm32u5xx_hal_cortex.o
 .text.__NVIC_SetPriority
                0x08002094       0x54 ./Drivers/STM32U5xx_HAL_Driver/Src/stm32u5xx_hal_cortex.o
 .text.NVIC_EncodePriority
                0x080020e8       0x66 ./Drivers/STM32U5xx_HAL_Driver/Src/stm32u5xx_hal_cortex.o
 .text.HAL_NVIC_SetPriorityGrouping
                0x0800214e       0x16 ./Drivers/STM32U5xx_HAL_Driver/Src/stm32u5xx_hal_cortex.o
                0x0800214e                HAL_NVIC_SetPriorityGrouping
 .text.HAL_NVIC_SetPriority
                0x08002164       0x34 ./Drivers/STM32U5xx_HAL_Driver/Src/stm32u5xx_hal_cortex.o
                0x08002164                HAL_NVIC_SetPriority
 .text.HAL_NVIC_EnableIRQ
                0x08002198       0x1c ./Drivers/STM32U5xx_HAL_Driver/Src/stm32u5xx_hal_cortex.o
                0x08002198                HAL_NVIC_EnableIRQ
 .text.HAL_SYSTICK_CLKSourceConfig
                0x080021b4       0xb0 ./Drivers/STM32U5xx_HAL_Driver/Src/stm32u5xx_hal_cortex.o
                0x080021b4                HAL_SYSTICK_CLKSourceConfig
 .text.HAL_DMA_Abort_IT
                0x08002264       0x52 ./Drivers/STM32U5xx_HAL_Driver/Src/stm32u5xx_hal_dma.o
                0x08002264                HAL_DMA_Abort_IT
 .text.HAL_DMA_GetState
                0x080022b6       0x1c ./Drivers/STM32U5xx_HAL_Driver/Src/stm32u5xx_hal_dma.o
                0x080022b6                HAL_DMA_GetState
 .text.HAL_DMAEx_GetFifoLevel
                0x080022d2       0x1e ./Drivers/STM32U5xx_HAL_Driver/Src/stm32u5xx_hal_dma_ex.o
                0x080022d2                HAL_DMAEx_GetFifoLevel
 .text.HAL_FLASH_Program
                0x080022f0       0x94 ./Drivers/STM32U5xx_HAL_Driver/Src/stm32u5xx_hal_flash.o
                0x080022f0                HAL_FLASH_Program
 .text.HAL_FLASH_Unlock
                0x08002384       0x44 ./Drivers/STM32U5xx_HAL_Driver/Src/stm32u5xx_hal_flash.o
                0x08002384                HAL_FLASH_Unlock
 .text.HAL_FLASH_Lock
                0x080023c8       0x34 ./Drivers/STM32U5xx_HAL_Driver/Src/stm32u5xx_hal_flash.o
                0x080023c8                HAL_FLASH_Lock
 .text.HAL_FLASH_OB_Unlock
                0x080023fc       0x44 ./Drivers/STM32U5xx_HAL_Driver/Src/stm32u5xx_hal_flash.o
                0x080023fc                HAL_FLASH_OB_Unlock
 .text.HAL_FLASH_OB_Lock
                0x08002440       0x30 ./Drivers/STM32U5xx_HAL_Driver/Src/stm32u5xx_hal_flash.o
                0x08002440                HAL_FLASH_OB_Lock
 .text.HAL_FLASH_OB_Launch
                0x08002470       0x20 ./Drivers/STM32U5xx_HAL_Driver/Src/stm32u5xx_hal_flash.o
                0x08002470                HAL_FLASH_OB_Launch
 .text.FLASH_WaitForLastOperation
                0x08002490       0x8c ./Drivers/STM32U5xx_HAL_Driver/Src/stm32u5xx_hal_flash.o
                0x08002490                FLASH_WaitForLastOperation
 .text.FLASH_Program_QuadWord
                0x0800251c       0x78 ./Drivers/STM32U5xx_HAL_Driver/Src/stm32u5xx_hal_flash.o
 .text.FLASH_Program_Burst
                0x08002594       0x7c ./Drivers/STM32U5xx_HAL_Driver/Src/stm32u5xx_hal_flash.o
 .text.HAL_FLASHEx_Erase
                0x08002610       0xe0 ./Drivers/STM32U5xx_HAL_Driver/Src/stm32u5xx_hal_flash_ex.o
                0x08002610                HAL_FLASHEx_Erase
 .text.FLASH_MassErase
                0x080026f0       0x4c ./Drivers/STM32U5xx_HAL_Driver/Src/stm32u5xx_hal_flash_ex.o
 .text.FLASH_PageErase
                0x0800273c       0x60 ./Drivers/STM32U5xx_HAL_Driver/Src/stm32u5xx_hal_flash_ex.o
                0x0800273c                FLASH_PageErase
 .text.HAL_GPIO_Init
                0x0800279c      0x3b0 ./Drivers/STM32U5xx_HAL_Driver/Src/stm32u5xx_hal_gpio.o
                0x0800279c                HAL_GPIO_Init
 .text.HAL_GPIO_WritePin
                0x08002b4c       0x30 ./Drivers/STM32U5xx_HAL_Driver/Src/stm32u5xx_hal_gpio.o
                0x08002b4c                HAL_GPIO_WritePin
 .text.HAL_GPIO_TogglePin
                0x08002b7c       0x34 ./Drivers/STM32U5xx_HAL_Driver/Src/stm32u5xx_hal_gpio.o
                0x08002b7c                HAL_GPIO_TogglePin
 .text.HAL_I2C_Init
                0x08002bb0      0x136 ./Drivers/STM32U5xx_HAL_Driver/Src/stm32u5xx_hal_i2c.o
                0x08002bb0                HAL_I2C_Init
 *fill*         0x08002ce6        0x2 
 .text.HAL_I2C_Slave_Seq_Transmit_IT
                0x08002ce8      0x164 ./Drivers/STM32U5xx_HAL_Driver/Src/stm32u5xx_hal_i2c.o
                0x08002ce8                HAL_I2C_Slave_Seq_Transmit_IT
 .text.HAL_I2C_Slave_Seq_Receive_IT
                0x08002e4c      0x164 ./Drivers/STM32U5xx_HAL_Driver/Src/stm32u5xx_hal_i2c.o
                0x08002e4c                HAL_I2C_Slave_Seq_Receive_IT
 .text.HAL_I2C_EnableListen_IT
                0x08002fb0       0x40 ./Drivers/STM32U5xx_HAL_Driver/Src/stm32u5xx_hal_i2c.o
                0x08002fb0                HAL_I2C_EnableListen_IT
 .text.HAL_I2C_EV_IRQHandler
                0x08002ff0       0x34 ./Drivers/STM32U5xx_HAL_Driver/Src/stm32u5xx_hal_i2c.o
                0x08002ff0                HAL_I2C_EV_IRQHandler
 .text.HAL_I2C_ER_IRQHandler
                0x08003024       0xb6 ./Drivers/STM32U5xx_HAL_Driver/Src/stm32u5xx_hal_i2c.o
                0x08003024                HAL_I2C_ER_IRQHandler
 .text.HAL_I2C_MasterTxCpltCallback
                0x080030da       0x14 ./Drivers/STM32U5xx_HAL_Driver/Src/stm32u5xx_hal_i2c.o
                0x080030da                HAL_I2C_MasterTxCpltCallback
 .text.HAL_I2C_MasterRxCpltCallback
                0x080030ee       0x14 ./Drivers/STM32U5xx_HAL_Driver/Src/stm32u5xx_hal_i2c.o
                0x080030ee                HAL_I2C_MasterRxCpltCallback
 .text.HAL_I2C_MemTxCpltCallback
                0x08003102       0x14 ./Drivers/STM32U5xx_HAL_Driver/Src/stm32u5xx_hal_i2c.o
                0x08003102                HAL_I2C_MemTxCpltCallback
 .text.HAL_I2C_MemRxCpltCallback
                0x08003116       0x14 ./Drivers/STM32U5xx_HAL_Driver/Src/stm32u5xx_hal_i2c.o
                0x08003116                HAL_I2C_MemRxCpltCallback
 .text.HAL_I2C_AbortCpltCallback
                0x0800312a       0x14 ./Drivers/STM32U5xx_HAL_Driver/Src/stm32u5xx_hal_i2c.o
                0x0800312a                HAL_I2C_AbortCpltCallback
 .text.HAL_I2C_GetError
                0x0800313e       0x18 ./Drivers/STM32U5xx_HAL_Driver/Src/stm32u5xx_hal_i2c.o
                0x0800313e                HAL_I2C_GetError
 .text.I2C_Slave_ISR_IT
                0x08003156      0x1f2 ./Drivers/STM32U5xx_HAL_Driver/Src/stm32u5xx_hal_i2c.o
 .text.I2C_Master_ISR_DMA
                0x08003348      0x1d6 ./Drivers/STM32U5xx_HAL_Driver/Src/stm32u5xx_hal_i2c.o
 *fill*         0x0800351e        0x2 
 .text.I2C_Mem_ISR_DMA
                0x08003520      0x24c ./Drivers/STM32U5xx_HAL_Driver/Src/stm32u5xx_hal_i2c.o
 .text.I2C_Slave_ISR_DMA
                0x0800376c      0x1d0 ./Drivers/STM32U5xx_HAL_Driver/Src/stm32u5xx_hal_i2c.o
 .text.I2C_ITAddrCplt
                0x0800393c      0x108 ./Drivers/STM32U5xx_HAL_Driver/Src/stm32u5xx_hal_i2c.o
 .text.I2C_ITMasterSeqCplt
                0x08003a44       0x7a ./Drivers/STM32U5xx_HAL_Driver/Src/stm32u5xx_hal_i2c.o
 .text.I2C_ITSlaveSeqCplt
                0x08003abe       0xb8 ./Drivers/STM32U5xx_HAL_Driver/Src/stm32u5xx_hal_i2c.o
 *fill*         0x08003b76        0x2 
 .text.I2C_ITMasterCplt
                0x08003b78      0x190 ./Drivers/STM32U5xx_HAL_Driver/Src/stm32u5xx_hal_i2c.o
 .text.I2C_ITSlaveCplt
                0x08003d08      0x2ec ./Drivers/STM32U5xx_HAL_Driver/Src/stm32u5xx_hal_i2c.o
 .text.I2C_ITListenCplt
                0x08003ff4       0xa8 ./Drivers/STM32U5xx_HAL_Driver/Src/stm32u5xx_hal_i2c.o
 .text.I2C_ITError
                0x0800409c      0x1e0 ./Drivers/STM32U5xx_HAL_Driver/Src/stm32u5xx_hal_i2c.o
 .text.I2C_TreatErrorCallback
                0x0800427c       0x4e ./Drivers/STM32U5xx_HAL_Driver/Src/stm32u5xx_hal_i2c.o
 .text.I2C_Flush_TXDR
                0x080042ca       0x48 ./Drivers/STM32U5xx_HAL_Driver/Src/stm32u5xx_hal_i2c.o
 .text.I2C_DMAAbort
                0x08004312       0x3c ./Drivers/STM32U5xx_HAL_Driver/Src/stm32u5xx_hal_i2c.o
 *fill*         0x0800434e        0x2 
 .text.I2C_TransferConfig
                0x08004350       0x64 ./Drivers/STM32U5xx_HAL_Driver/Src/stm32u5xx_hal_i2c.o
 .text.I2C_Enable_IRQ
                0x080043b4      0x108 ./Drivers/STM32U5xx_HAL_Driver/Src/stm32u5xx_hal_i2c.o
 .text.I2C_Disable_IRQ
                0x080044bc       0xbc ./Drivers/STM32U5xx_HAL_Driver/Src/stm32u5xx_hal_i2c.o
 .text.HAL_I2CEx_ConfigAnalogFilter
                0x08004578       0x96 ./Drivers/STM32U5xx_HAL_Driver/Src/stm32u5xx_hal_i2c_ex.o
                0x08004578                HAL_I2CEx_ConfigAnalogFilter
 .text.HAL_I2CEx_ConfigDigitalFilter
                0x0800460e       0x98 ./Drivers/STM32U5xx_HAL_Driver/Src/stm32u5xx_hal_i2c_ex.o
                0x0800460e                HAL_I2CEx_ConfigDigitalFilter
 *fill*         0x080046a6        0x2 
 .text.HAL_ICACHE_ConfigAssociativityMode
                0x080046a8       0x40 ./Drivers/STM32U5xx_HAL_Driver/Src/stm32u5xx_hal_icache.o
                0x080046a8                HAL_ICACHE_ConfigAssociativityMode
 .text.HAL_ICACHE_Enable
                0x080046e8       0x20 ./Drivers/STM32U5xx_HAL_Driver/Src/stm32u5xx_hal_icache.o
                0x080046e8                HAL_ICACHE_Enable
 .text.HAL_PCD_Init
                0x08004708      0x230 ./Drivers/STM32U5xx_HAL_Driver/Src/stm32u5xx_hal_pcd.o
                0x08004708                HAL_PCD_Init
 .text.HAL_PCD_IRQHandler
                0x08004938      0x99c ./Drivers/STM32U5xx_HAL_Driver/Src/stm32u5xx_hal_pcd.o
                0x08004938                HAL_PCD_IRQHandler
 .text.HAL_PCD_DataOutStageCallback
                0x080052d4       0x18 ./Drivers/STM32U5xx_HAL_Driver/Src/stm32u5xx_hal_pcd.o
                0x080052d4                HAL_PCD_DataOutStageCallback
 .text.HAL_PCD_DataInStageCallback
                0x080052ec       0x18 ./Drivers/STM32U5xx_HAL_Driver/Src/stm32u5xx_hal_pcd.o
                0x080052ec                HAL_PCD_DataInStageCallback
 .text.HAL_PCD_SetupStageCallback
                0x08005304       0x14 ./Drivers/STM32U5xx_HAL_Driver/Src/stm32u5xx_hal_pcd.o
                0x08005304                HAL_PCD_SetupStageCallback
 .text.HAL_PCD_SOFCallback
                0x08005318       0x14 ./Drivers/STM32U5xx_HAL_Driver/Src/stm32u5xx_hal_pcd.o
                0x08005318                HAL_PCD_SOFCallback
 .text.HAL_PCD_ResetCallback
                0x0800532c       0x14 ./Drivers/STM32U5xx_HAL_Driver/Src/stm32u5xx_hal_pcd.o
                0x0800532c                HAL_PCD_ResetCallback
 .text.HAL_PCD_SuspendCallback
                0x08005340       0x14 ./Drivers/STM32U5xx_HAL_Driver/Src/stm32u5xx_hal_pcd.o
                0x08005340                HAL_PCD_SuspendCallback
 .text.HAL_PCD_ResumeCallback
                0x08005354       0x14 ./Drivers/STM32U5xx_HAL_Driver/Src/stm32u5xx_hal_pcd.o
                0x08005354                HAL_PCD_ResumeCallback
 .text.HAL_PCD_ISOOUTIncompleteCallback
                0x08005368       0x18 ./Drivers/STM32U5xx_HAL_Driver/Src/stm32u5xx_hal_pcd.o
                0x08005368                HAL_PCD_ISOOUTIncompleteCallback
 .text.HAL_PCD_ISOINIncompleteCallback
                0x08005380       0x18 ./Drivers/STM32U5xx_HAL_Driver/Src/stm32u5xx_hal_pcd.o
                0x08005380                HAL_PCD_ISOINIncompleteCallback
 .text.HAL_PCD_ConnectCallback
                0x08005398       0x14 ./Drivers/STM32U5xx_HAL_Driver/Src/stm32u5xx_hal_pcd.o
                0x08005398                HAL_PCD_ConnectCallback
 .text.HAL_PCD_DisconnectCallback
                0x080053ac       0x14 ./Drivers/STM32U5xx_HAL_Driver/Src/stm32u5xx_hal_pcd.o
                0x080053ac                HAL_PCD_DisconnectCallback
 .text.HAL_PCD_EP_Abort
                0x080053c0       0x62 ./Drivers/STM32U5xx_HAL_Driver/Src/stm32u5xx_hal_pcd.o
                0x080053c0                HAL_PCD_EP_Abort
 .text.PCD_WriteEmptyTxFifo
                0x08005422      0x118 ./Drivers/STM32U5xx_HAL_Driver/Src/stm32u5xx_hal_pcd.o
 *fill*         0x0800553a        0x2 
 .text.PCD_EP_OutXfrComplete_int
                0x0800553c      0x1d0 ./Drivers/STM32U5xx_HAL_Driver/Src/stm32u5xx_hal_pcd.o
 .text.PCD_EP_OutSetupPacket_int
                0x0800570c       0x8c ./Drivers/STM32U5xx_HAL_Driver/Src/stm32u5xx_hal_pcd.o
 .text.HAL_PCDEx_ActivateLPM
                0x08005798       0x48 ./Drivers/STM32U5xx_HAL_Driver/Src/stm32u5xx_hal_pcd_ex.o
                0x08005798                HAL_PCDEx_ActivateLPM
 .text.HAL_PCDEx_LPM_Callback
                0x080057e0       0x18 ./Drivers/STM32U5xx_HAL_Driver/Src/stm32u5xx_hal_pcd_ex.o
                0x080057e0                HAL_PCDEx_LPM_Callback
 .text.HAL_PWREx_ControlVoltageScaling
                0x080057f8       0xfc ./Drivers/STM32U5xx_HAL_Driver/Src/stm32u5xx_hal_pwr_ex.o
                0x080057f8                HAL_PWREx_ControlVoltageScaling
 .text.HAL_PWREx_GetVoltageRange
                0x080058f4       0x1c ./Drivers/STM32U5xx_HAL_Driver/Src/stm32u5xx_hal_pwr_ex.o
                0x080058f4                HAL_PWREx_GetVoltageRange
 .text.HAL_PWREx_ConfigSupply
                0x08005910       0xa0 ./Drivers/STM32U5xx_HAL_Driver/Src/stm32u5xx_hal_pwr_ex.o
                0x08005910                HAL_PWREx_ConfigSupply
 .text.HAL_PWREx_EnableVddUSB
                0x080059b0       0x20 ./Drivers/STM32U5xx_HAL_Driver/Src/stm32u5xx_hal_pwr_ex.o
                0x080059b0                HAL_PWREx_EnableVddUSB
 .text.HAL_PWREx_EnableVddIO2
                0x080059d0       0x20 ./Drivers/STM32U5xx_HAL_Driver/Src/stm32u5xx_hal_pwr_ex.o
                0x080059d0                HAL_PWREx_EnableVddIO2
 .text.HAL_PWREx_EnableVddA
                0x080059f0       0x20 ./Drivers/STM32U5xx_HAL_Driver/Src/stm32u5xx_hal_pwr_ex.o
                0x080059f0                HAL_PWREx_EnableVddA
 .text.HAL_RCC_OscConfig
                0x08005a10      0xdb8 ./Drivers/STM32U5xx_HAL_Driver/Src/stm32u5xx_hal_rcc.o
                0x08005a10                HAL_RCC_OscConfig
 .text.HAL_RCC_ClockConfig
                0x080067c8      0x3e4 ./Drivers/STM32U5xx_HAL_Driver/Src/stm32u5xx_hal_rcc.o
                0x080067c8                HAL_RCC_ClockConfig
 .text.HAL_RCC_GetSysClockFreq
                0x08006bac      0x204 ./Drivers/STM32U5xx_HAL_Driver/Src/stm32u5xx_hal_rcc.o
                0x08006bac                HAL_RCC_GetSysClockFreq
 .text.HAL_RCC_GetHCLKFreq
                0x08006db0       0x34 ./Drivers/STM32U5xx_HAL_Driver/Src/stm32u5xx_hal_rcc.o
                0x08006db0                HAL_RCC_GetHCLKFreq
 .text.HAL_RCC_GetPCLK1Freq
                0x08006de4       0x28 ./Drivers/STM32U5xx_HAL_Driver/Src/stm32u5xx_hal_rcc.o
                0x08006de4                HAL_RCC_GetPCLK1Freq
 .text.HAL_RCC_GetPCLK2Freq
                0x08006e0c       0x28 ./Drivers/STM32U5xx_HAL_Driver/Src/stm32u5xx_hal_rcc.o
                0x08006e0c                HAL_RCC_GetPCLK2Freq
 .text.HAL_RCC_GetPCLK3Freq
                0x08006e34       0x28 ./Drivers/STM32U5xx_HAL_Driver/Src/stm32u5xx_hal_rcc.o
                0x08006e34                HAL_RCC_GetPCLK3Freq
 .text.HAL_RCC_GetClockConfig
                0x08006e5c       0x70 ./Drivers/STM32U5xx_HAL_Driver/Src/stm32u5xx_hal_rcc.o
                0x08006e5c                HAL_RCC_GetClockConfig
 .text.RCC_SetFlashLatencyFromMSIRange
                0x08006ecc      0x10c ./Drivers/STM32U5xx_HAL_Driver/Src/stm32u5xx_hal_rcc.o
 .text.HAL_RCCEx_PeriphCLKConfig
                0x08006fd8      0xb48 ./Drivers/STM32U5xx_HAL_Driver/Src/stm32u5xx_hal_rcc_ex.o
                0x08006fd8                HAL_RCCEx_PeriphCLKConfig
 .text.HAL_RCCEx_GetPLL1ClockFreq
                0x08007b20      0x2b4 ./Drivers/STM32U5xx_HAL_Driver/Src/stm32u5xx_hal_rcc_ex.o
                0x08007b20                HAL_RCCEx_GetPLL1ClockFreq
 .text.HAL_RCCEx_GetPLL2ClockFreq
                0x08007dd4      0x2b4 ./Drivers/STM32U5xx_HAL_Driver/Src/stm32u5xx_hal_rcc_ex.o
                0x08007dd4                HAL_RCCEx_GetPLL2ClockFreq
 .text.HAL_RCCEx_GetPLL3ClockFreq
                0x08008088      0x2b4 ./Drivers/STM32U5xx_HAL_Driver/Src/stm32u5xx_hal_rcc_ex.o
                0x08008088                HAL_RCCEx_GetPLL3ClockFreq
 .text.HAL_RCCEx_GetPeriphCLKFreq
                0x0800833c     0x136c ./Drivers/STM32U5xx_HAL_Driver/Src/stm32u5xx_hal_rcc_ex.o
                0x0800833c                HAL_RCCEx_GetPeriphCLKFreq
 .text.RCCEx_PLL2_Config
                0x080096a8      0x130 ./Drivers/STM32U5xx_HAL_Driver/Src/stm32u5xx_hal_rcc_ex.o
 .text.RCCEx_PLL3_Config
                0x080097d8      0x130 ./Drivers/STM32U5xx_HAL_Driver/Src/stm32u5xx_hal_rcc_ex.o
 .text.HAL_TIM_Base_Init
                0x08009908       0xae ./Drivers/STM32U5xx_HAL_Driver/Src/stm32u5xx_hal_tim.o
                0x08009908                HAL_TIM_Base_Init
 .text.HAL_TIM_Base_MspInit
                0x080099b6       0x14 ./Drivers/STM32U5xx_HAL_Driver/Src/stm32u5xx_hal_tim.o
                0x080099b6                HAL_TIM_Base_MspInit
 *fill*         0x080099ca        0x2 
 .text.HAL_TIM_Base_Start_IT
                0x080099cc      0x140 ./Drivers/STM32U5xx_HAL_Driver/Src/stm32u5xx_hal_tim.o
                0x080099cc                HAL_TIM_Base_Start_IT
 .text.HAL_TIM_IRQHandler
                0x08009b0c      0x29e ./Drivers/STM32U5xx_HAL_Driver/Src/stm32u5xx_hal_tim.o
                0x08009b0c                HAL_TIM_IRQHandler
 .text.HAL_TIM_OC_DelayElapsedCallback
                0x08009daa       0x14 ./Drivers/STM32U5xx_HAL_Driver/Src/stm32u5xx_hal_tim.o
                0x08009daa                HAL_TIM_OC_DelayElapsedCallback
 .text.HAL_TIM_IC_CaptureCallback
                0x08009dbe       0x14 ./Drivers/STM32U5xx_HAL_Driver/Src/stm32u5xx_hal_tim.o
                0x08009dbe                HAL_TIM_IC_CaptureCallback
 .text.HAL_TIM_PWM_PulseFinishedCallback
                0x08009dd2       0x14 ./Drivers/STM32U5xx_HAL_Driver/Src/stm32u5xx_hal_tim.o
                0x08009dd2                HAL_TIM_PWM_PulseFinishedCallback
 .text.HAL_TIM_TriggerCallback
                0x08009de6       0x14 ./Drivers/STM32U5xx_HAL_Driver/Src/stm32u5xx_hal_tim.o
                0x08009de6                HAL_TIM_TriggerCallback
 *fill*         0x08009dfa        0x2 
 .text.TIM_Base_SetConfig
                0x08009dfc      0x20c ./Drivers/STM32U5xx_HAL_Driver/Src/stm32u5xx_hal_tim.o
                0x08009dfc                TIM_Base_SetConfig
 .text.HAL_TIMEx_CommutCallback
                0x0800a008       0x14 ./Drivers/STM32U5xx_HAL_Driver/Src/stm32u5xx_hal_tim_ex.o
                0x0800a008                HAL_TIMEx_CommutCallback
 .text.HAL_TIMEx_BreakCallback
                0x0800a01c       0x14 ./Drivers/STM32U5xx_HAL_Driver/Src/stm32u5xx_hal_tim_ex.o
                0x0800a01c                HAL_TIMEx_BreakCallback
 .text.HAL_TIMEx_Break2Callback
                0x0800a030       0x14 ./Drivers/STM32U5xx_HAL_Driver/Src/stm32u5xx_hal_tim_ex.o
                0x0800a030                HAL_TIMEx_Break2Callback
 .text.HAL_TIMEx_EncoderIndexCallback
                0x0800a044       0x14 ./Drivers/STM32U5xx_HAL_Driver/Src/stm32u5xx_hal_tim_ex.o
                0x0800a044                HAL_TIMEx_EncoderIndexCallback
 .text.HAL_TIMEx_DirectionChangeCallback
                0x0800a058       0x14 ./Drivers/STM32U5xx_HAL_Driver/Src/stm32u5xx_hal_tim_ex.o
                0x0800a058                HAL_TIMEx_DirectionChangeCallback
 .text.HAL_TIMEx_IndexErrorCallback
                0x0800a06c       0x14 ./Drivers/STM32U5xx_HAL_Driver/Src/stm32u5xx_hal_tim_ex.o
                0x0800a06c                HAL_TIMEx_IndexErrorCallback
 .text.HAL_TIMEx_TransitionErrorCallback
                0x0800a080       0x14 ./Drivers/STM32U5xx_HAL_Driver/Src/stm32u5xx_hal_tim_ex.o
                0x0800a080                HAL_TIMEx_TransitionErrorCallback
 .text.HAL_UART_Init
                0x0800a094       0xa0 ./Drivers/STM32U5xx_HAL_Driver/Src/stm32u5xx_hal_uart.o
                0x0800a094                HAL_UART_Init
 .text.UART_SetConfig
                0x0800a134      0x344 ./Drivers/STM32U5xx_HAL_Driver/Src/stm32u5xx_hal_uart.o
                0x0800a134                UART_SetConfig
 .text.UART_AdvFeatureConfig
                0x0800a478      0x144 ./Drivers/STM32U5xx_HAL_Driver/Src/stm32u5xx_hal_uart.o
                0x0800a478                UART_AdvFeatureConfig
 .text.UART_CheckIdleState
                0x0800a5bc      0x154 ./Drivers/STM32U5xx_HAL_Driver/Src/stm32u5xx_hal_uart.o
                0x0800a5bc                UART_CheckIdleState
 .text.UART_WaitOnFlagUntilTimeout
                0x0800a710       0xda ./Drivers/STM32U5xx_HAL_Driver/Src/stm32u5xx_hal_uart.o
                0x0800a710                UART_WaitOnFlagUntilTimeout
 .text.UART_EndRxTransfer
                0x0800a7ea       0xcc ./Drivers/STM32U5xx_HAL_Driver/Src/stm32u5xx_hal_uart.o
 .text.HAL_UARTEx_DisableFifoMode
                0x0800a8b6       0x72 ./Drivers/STM32U5xx_HAL_Driver/Src/stm32u5xx_hal_uart_ex.o
                0x0800a8b6                HAL_UARTEx_DisableFifoMode
 .text.HAL_UARTEx_SetTxFifoThreshold
                0x0800a928       0x7c ./Drivers/STM32U5xx_HAL_Driver/Src/stm32u5xx_hal_uart_ex.o
                0x0800a928                HAL_UARTEx_SetTxFifoThreshold
 .text.HAL_UARTEx_SetRxFifoThreshold
                0x0800a9a4       0x7c ./Drivers/STM32U5xx_HAL_Driver/Src/stm32u5xx_hal_uart_ex.o
                0x0800a9a4                HAL_UARTEx_SetRxFifoThreshold
 .text.UARTEx_SetNbDataToProcess
                0x0800aa20       0x9c ./Drivers/STM32U5xx_HAL_Driver/Src/stm32u5xx_hal_uart_ex.o
 .text.LL_GPIO_SetPinMode
                0x0800aabc       0x7a ./Drivers/STM32U5xx_HAL_Driver/Src/stm32u5xx_ll_gpio.o
 .text.LL_GPIO_SetPinOutputType
                0x0800ab36       0x30 ./Drivers/STM32U5xx_HAL_Driver/Src/stm32u5xx_ll_gpio.o
 .text.LL_GPIO_SetPinSpeed
                0x0800ab66       0x7a ./Drivers/STM32U5xx_HAL_Driver/Src/stm32u5xx_ll_gpio.o
 .text.LL_GPIO_SetPinPull
                0x0800abe0       0x7a ./Drivers/STM32U5xx_HAL_Driver/Src/stm32u5xx_ll_gpio.o
 .text.LL_GPIO_SetAFPin_0_7
                0x0800ac5a       0x7a ./Drivers/STM32U5xx_HAL_Driver/Src/stm32u5xx_ll_gpio.o
 .text.LL_GPIO_SetAFPin_8_15
                0x0800acd4       0x7e ./Drivers/STM32U5xx_HAL_Driver/Src/stm32u5xx_ll_gpio.o
 .text.LL_GPIO_Init
                0x0800ad52       0xfc ./Drivers/STM32U5xx_HAL_Driver/Src/stm32u5xx_ll_gpio.o
                0x0800ad52                LL_GPIO_Init
 .text.USB_CoreInit
                0x0800ae4e       0x5a ./Drivers/STM32U5xx_HAL_Driver/Src/stm32u5xx_ll_usb.o
                0x0800ae4e                USB_CoreInit
 .text.USB_SetTurnaroundTime
                0x0800aea8      0x144 ./Drivers/STM32U5xx_HAL_Driver/Src/stm32u5xx_ll_usb.o
                0x0800aea8                USB_SetTurnaroundTime
 .text.USB_DisableGlobalInt
                0x0800afec       0x22 ./Drivers/STM32U5xx_HAL_Driver/Src/stm32u5xx_ll_usb.o
                0x0800afec                USB_DisableGlobalInt
 .text.USB_SetCurrentMode
                0x0800b00e       0x98 ./Drivers/STM32U5xx_HAL_Driver/Src/stm32u5xx_ll_usb.o
                0x0800b00e                USB_SetCurrentMode
 *fill*         0x0800b0a6        0x2 
 .text.USB_DevInit
                0x0800b0a8      0x298 ./Drivers/STM32U5xx_HAL_Driver/Src/stm32u5xx_ll_usb.o
                0x0800b0a8                USB_DevInit
 .text.USB_FlushTxFifo
                0x0800b340       0x64 ./Drivers/STM32U5xx_HAL_Driver/Src/stm32u5xx_ll_usb.o
                0x0800b340                USB_FlushTxFifo
 .text.USB_FlushRxFifo
                0x0800b3a4       0x5c ./Drivers/STM32U5xx_HAL_Driver/Src/stm32u5xx_ll_usb.o
                0x0800b3a4                USB_FlushRxFifo
 .text.USB_SetDevSpeed
                0x0800b400       0x32 ./Drivers/STM32U5xx_HAL_Driver/Src/stm32u5xx_ll_usb.o
                0x0800b400                USB_SetDevSpeed
 .text.USB_GetDevSpeed
                0x0800b432       0x4a ./Drivers/STM32U5xx_HAL_Driver/Src/stm32u5xx_ll_usb.o
                0x0800b432                USB_GetDevSpeed
 .text.USB_EPStopXfer
                0x0800b47c      0x154 ./Drivers/STM32U5xx_HAL_Driver/Src/stm32u5xx_ll_usb.o
                0x0800b47c                USB_EPStopXfer
 .text.USB_WritePacket
                0x0800b5d0       0x7c ./Drivers/STM32U5xx_HAL_Driver/Src/stm32u5xx_ll_usb.o
                0x0800b5d0                USB_WritePacket
 .text.USB_ReadPacket
                0x0800b64c       0xb0 ./Drivers/STM32U5xx_HAL_Driver/Src/stm32u5xx_ll_usb.o
                0x0800b64c                USB_ReadPacket
 .text.USB_DevDisconnect
                0x0800b6fc       0x42 ./Drivers/STM32U5xx_HAL_Driver/Src/stm32u5xx_ll_usb.o
                0x0800b6fc                USB_DevDisconnect
 .text.USB_ReadInterrupts
                0x0800b73e       0x26 ./Drivers/STM32U5xx_HAL_Driver/Src/stm32u5xx_ll_usb.o
                0x0800b73e                USB_ReadInterrupts
 .text.USB_ReadDevAllOutEpInterrupt
                0x0800b764       0x34 ./Drivers/STM32U5xx_HAL_Driver/Src/stm32u5xx_ll_usb.o
                0x0800b764                USB_ReadDevAllOutEpInterrupt
 .text.USB_ReadDevAllInEpInterrupt
                0x0800b798       0x34 ./Drivers/STM32U5xx_HAL_Driver/Src/stm32u5xx_ll_usb.o
                0x0800b798                USB_ReadDevAllInEpInterrupt
 .text.USB_ReadDevOutEPInterrupt
                0x0800b7cc       0x3c ./Drivers/STM32U5xx_HAL_Driver/Src/stm32u5xx_ll_usb.o
                0x0800b7cc                USB_ReadDevOutEPInterrupt
 .text.USB_ReadDevInEPInterrupt
                0x0800b808       0x5c ./Drivers/STM32U5xx_HAL_Driver/Src/stm32u5xx_ll_usb.o
                0x0800b808                USB_ReadDevInEPInterrupt
 .text.USB_GetMode
                0x0800b864       0x1c ./Drivers/STM32U5xx_HAL_Driver/Src/stm32u5xx_ll_usb.o
                0x0800b864                USB_GetMode
 .text.USB_ActivateSetup
                0x0800b880       0x46 ./Drivers/STM32U5xx_HAL_Driver/Src/stm32u5xx_ll_usb.o
                0x0800b880                USB_ActivateSetup
 *fill*         0x0800b8c6        0x2 
 .text.USB_EP0_OutStart
                0x0800b8c8       0xbc ./Drivers/STM32U5xx_HAL_Driver/Src/stm32u5xx_ll_usb.o
                0x0800b8c8                USB_EP0_OutStart
 .text.USB_CoreReset
                0x0800b984       0x62 ./Drivers/STM32U5xx_HAL_Driver/Src/stm32u5xx_ll_usb.o
 *fill*         0x0800b9e6        0x2 
 .text.__NVIC_SetPriority
                0x0800b9e8       0x54 ./Middlewares/Third_Party/FreeRTOS/Source/CMSIS_RTOS_V2/cmsis_os2.o
 .text.SysTick_Handler
                0x0800ba3c       0x20 ./Middlewares/Third_Party/FreeRTOS/Source/CMSIS_RTOS_V2/cmsis_os2.o
                0x0800ba3c                SysTick_Handler
 .text.SVC_Setup
                0x0800ba5c       0x12 ./Middlewares/Third_Party/FreeRTOS/Source/CMSIS_RTOS_V2/cmsis_os2.o
 .text.IRQ_Context
                0x0800ba6e       0x4e ./Middlewares/Third_Party/FreeRTOS/Source/CMSIS_RTOS_V2/cmsis_os2.o
 .text.osKernelInitialize
                0x0800babc       0x4c ./Middlewares/Third_Party/FreeRTOS/Source/CMSIS_RTOS_V2/cmsis_os2.o
                0x0800babc                osKernelInitialize
 .text.osKernelStart
                0x0800bb08       0x54 ./Middlewares/Third_Party/FreeRTOS/Source/CMSIS_RTOS_V2/cmsis_os2.o
                0x0800bb08                osKernelStart
 .text.osThreadNew
                0x0800bb5c      0x122 ./Middlewares/Third_Party/FreeRTOS/Source/CMSIS_RTOS_V2/cmsis_os2.o
                0x0800bb5c                osThreadNew
 .text.osDelay  0x0800bc7e       0x34 ./Middlewares/Third_Party/FreeRTOS/Source/CMSIS_RTOS_V2/cmsis_os2.o
                0x0800bc7e                osDelay
 *fill*         0x0800bcb2        0x2 
 .text.vApplicationGetIdleTaskMemory
                0x0800bcb4       0x34 ./Middlewares/Third_Party/FreeRTOS/Source/CMSIS_RTOS_V2/cmsis_os2.o
                0x0800bcb4                vApplicationGetIdleTaskMemory
 .text.vApplicationGetTimerTaskMemory
                0x0800bce8       0x34 ./Middlewares/Third_Party/FreeRTOS/Source/CMSIS_RTOS_V2/cmsis_os2.o
                0x0800bce8                vApplicationGetTimerTaskMemory
 .text.vListInitialise
                0x0800bd1c       0x40 ./Middlewares/Third_Party/FreeRTOS/Source/list.o
                0x0800bd1c                vListInitialise
 .text.vListInitialiseItem
                0x0800bd5c       0x1a ./Middlewares/Third_Party/FreeRTOS/Source/list.o
                0x0800bd5c                vListInitialiseItem
 .text.vListInsert
                0x0800bd76       0x72 ./Middlewares/Third_Party/FreeRTOS/Source/list.o
                0x0800bd76                vListInsert
 .text.uxListRemove
                0x0800bde8       0x54 ./Middlewares/Third_Party/FreeRTOS/Source/list.o
                0x0800bde8                uxListRemove
 .text.xQueueGenericReset
                0x0800be3c       0xf2 ./Middlewares/Third_Party/FreeRTOS/Source/queue.o
                0x0800be3c                xQueueGenericReset
 .text.xQueueGenericCreateStatic
                0x0800bf2e       0x92 ./Middlewares/Third_Party/FreeRTOS/Source/queue.o
                0x0800bf2e                xQueueGenericCreateStatic
 .text.prvInitialiseNewQueue
                0x0800bfc0       0x46 ./Middlewares/Third_Party/FreeRTOS/Source/queue.o
 .text.xQueueReceive
                0x0800c006      0x178 ./Middlewares/Third_Party/FreeRTOS/Source/queue.o
                0x0800c006                xQueueReceive
 .text.prvCopyDataFromQueue
                0x0800c17e       0x4c ./Middlewares/Third_Party/FreeRTOS/Source/queue.o
 .text.prvUnlockQueue
                0x0800c1ca       0xa4 ./Middlewares/Third_Party/FreeRTOS/Source/queue.o
 .text.prvIsQueueEmpty
                0x0800c26e       0x2c ./Middlewares/Third_Party/FreeRTOS/Source/queue.o
 *fill*         0x0800c29a        0x2 
 .text.vQueueAddToRegistry
                0x0800c29c       0x8c ./Middlewares/Third_Party/FreeRTOS/Source/queue.o
                0x0800c29c                vQueueAddToRegistry
 .text.vQueueWaitForMessageRestricted
                0x0800c328       0x68 ./Middlewares/Third_Party/FreeRTOS/Source/queue.o
                0x0800c328                vQueueWaitForMessageRestricted
 .text.xTaskCreateStatic
                0x0800c390       0x9a ./Middlewares/Third_Party/FreeRTOS/Source/tasks.o
                0x0800c390                xTaskCreateStatic
 .text.xTaskCreate
                0x0800c42a       0x94 ./Middlewares/Third_Party/FreeRTOS/Source/tasks.o
                0x0800c42a                xTaskCreate
 .text.prvInitialiseNewTask
                0x0800c4be      0x104 ./Middlewares/Third_Party/FreeRTOS/Source/tasks.o
 *fill*         0x0800c5c2        0x2 
 .text.prvAddNewTaskToReadyList
                0x0800c5c4      0x120 ./Middlewares/Third_Party/FreeRTOS/Source/tasks.o
 .text.vTaskDelay
                0x0800c6e4       0x4c ./Middlewares/Third_Party/FreeRTOS/Source/tasks.o
                0x0800c6e4                vTaskDelay
 .text.vTaskStartScheduler
                0x0800c730       0xb8 ./Middlewares/Third_Party/FreeRTOS/Source/tasks.o
                0x0800c730                vTaskStartScheduler
 .text.vTaskSuspendAll
                0x0800c7e8       0x1c ./Middlewares/Third_Party/FreeRTOS/Source/tasks.o
                0x0800c7e8                vTaskSuspendAll
 .text.xTaskResumeAll
                0x0800c804      0x1dc ./Middlewares/Third_Party/FreeRTOS/Source/tasks.o
                0x0800c804                xTaskResumeAll
 .text.xTaskGetTickCount
                0x0800c9e0       0x20 ./Middlewares/Third_Party/FreeRTOS/Source/tasks.o
                0x0800c9e0                xTaskGetTickCount
 .text.xTaskIncrementTick
                0x0800ca00      0x220 ./Middlewares/Third_Party/FreeRTOS/Source/tasks.o
                0x0800ca00                xTaskIncrementTick
 .text.vTaskSwitchContext
                0x0800cc20       0xa8 ./Middlewares/Third_Party/FreeRTOS/Source/tasks.o
                0x0800cc20                vTaskSwitchContext
 .text.vTaskPlaceOnEventList
                0x0800ccc8       0x3c ./Middlewares/Third_Party/FreeRTOS/Source/tasks.o
                0x0800ccc8                vTaskPlaceOnEventList
 .text.vTaskPlaceOnEventListRestricted
                0x0800cd04       0x7c ./Middlewares/Third_Party/FreeRTOS/Source/tasks.o
                0x0800cd04                vTaskPlaceOnEventListRestricted
 .text.xTaskRemoveFromEventList
                0x0800cd80      0x19c ./Middlewares/Third_Party/FreeRTOS/Source/tasks.o
                0x0800cd80                xTaskRemoveFromEventList
 .text.vTaskInternalSetTimeOutState
                0x0800cf1c       0x2c ./Middlewares/Third_Party/FreeRTOS/Source/tasks.o
                0x0800cf1c                vTaskInternalSetTimeOutState
 .text.xTaskCheckForTimeOut
                0x0800cf48       0xb0 ./Middlewares/Third_Party/FreeRTOS/Source/tasks.o
                0x0800cf48                xTaskCheckForTimeOut
 .text.vTaskMissedYield
                0x0800cff8       0x18 ./Middlewares/Third_Party/FreeRTOS/Source/tasks.o
                0x0800cff8                vTaskMissedYield
 .text.prvIdleTask
                0x0800d010       0x20 ./Middlewares/Third_Party/FreeRTOS/Source/tasks.o
 .text.prvInitialiseTaskLists
                0x0800d030       0x80 ./Middlewares/Third_Party/FreeRTOS/Source/tasks.o
 .text.prvCheckTasksWaitingTermination
                0x0800d0b0       0x5c ./Middlewares/Third_Party/FreeRTOS/Source/tasks.o
 .text.prvDeleteTCB
                0x0800d10c       0x50 ./Middlewares/Third_Party/FreeRTOS/Source/tasks.o
 .text.prvResetNextTaskUnblockTime
                0x0800d15c       0x38 ./Middlewares/Third_Party/FreeRTOS/Source/tasks.o
 .text.xTaskGetSchedulerState
                0x0800d194       0x3c ./Middlewares/Third_Party/FreeRTOS/Source/tasks.o
                0x0800d194                xTaskGetSchedulerState
 .text.prvAddCurrentTaskToDelayedList
                0x0800d1d0       0xdc ./Middlewares/Third_Party/FreeRTOS/Source/tasks.o
 .text.xTimerCreateTimerTask
                0x0800d2ac       0x80 ./Middlewares/Third_Party/FreeRTOS/Source/timers.o
                0x0800d2ac                xTimerCreateTimerTask
 .text.prvReloadTimer
                0x0800d32c       0x42 ./Middlewares/Third_Party/FreeRTOS/Source/timers.o
 *fill*         0x0800d36e        0x2 
 .text.prvProcessExpiredTimer
                0x0800d370       0x60 ./Middlewares/Third_Party/FreeRTOS/Source/timers.o
 .text.prvTimerTask
                0x0800d3d0       0x26 ./Middlewares/Third_Party/FreeRTOS/Source/timers.o
 *fill*         0x0800d3f6        0x2 
 .text.prvProcessTimerOrBlockTask
                0x0800d3f8       0x8c ./Middlewares/Third_Party/FreeRTOS/Source/timers.o
 .text.prvGetNextExpireTime
                0x0800d484       0x48 ./Middlewares/Third_Party/FreeRTOS/Source/timers.o
 .text.prvSampleTimeNow
                0x0800d4cc       0x40 ./Middlewares/Third_Party/FreeRTOS/Source/timers.o
 .text.prvInsertTimerInActiveList
                0x0800d50c       0x84 ./Middlewares/Third_Party/FreeRTOS/Source/timers.o
 .text.prvProcessReceivedCommands
                0x0800d590      0x19c ./Middlewares/Third_Party/FreeRTOS/Source/timers.o
 .text.prvSwitchTimerLists
                0x0800d72c       0x4c ./Middlewares/Third_Party/FreeRTOS/Source/timers.o
 .text.prvCheckForValidListAndQueue
                0x0800d778       0x80 ./Middlewares/Third_Party/FreeRTOS/Source/timers.o
 .text.vPortSetupTimerInterrupt
                0x0800d7f8       0x48 ./Middlewares/Third_Party/FreeRTOS/Source/portable/GCC/ARM_CM33_NTZ/non_secure/port.o
                0x0800d7f8                vPortSetupTimerInterrupt
 .text.prvTaskExitError
                0x0800d840       0x38 ./Middlewares/Third_Party/FreeRTOS/Source/portable/GCC/ARM_CM33_NTZ/non_secure/port.o
 .text.vPortYield
                0x0800d878       0x24 ./Middlewares/Third_Party/FreeRTOS/Source/portable/GCC/ARM_CM33_NTZ/non_secure/port.o
                0x0800d878                vPortYield
 .text.vPortEnterCritical
                0x0800d89c       0x24 ./Middlewares/Third_Party/FreeRTOS/Source/portable/GCC/ARM_CM33_NTZ/non_secure/port.o
                0x0800d89c                vPortEnterCritical
 .text.vPortExitCritical
                0x0800d8c0       0x34 ./Middlewares/Third_Party/FreeRTOS/Source/portable/GCC/ARM_CM33_NTZ/non_secure/port.o
                0x0800d8c0                vPortExitCritical
 .text.xPortSysTickHandler
                0x0800d8f4       0x30 ./Middlewares/Third_Party/FreeRTOS/Source/portable/GCC/ARM_CM33_NTZ/non_secure/port.o
                0x0800d8f4                xPortSysTickHandler
 .text.vPortSVCHandler_C
                0x0800d924       0x32 ./Middlewares/Third_Party/FreeRTOS/Source/portable/GCC/ARM_CM33_NTZ/non_secure/port.o
                0x0800d924                vPortSVCHandler_C
 *fill*         0x0800d956        0x2 
 .text.pxPortInitialiseStack
                0x0800d958      0x114 ./Middlewares/Third_Party/FreeRTOS/Source/portable/GCC/ARM_CM33_NTZ/non_secure/port.o
                0x0800d958                pxPortInitialiseStack
 .text.xPortStartScheduler
                0x0800da6c       0x40 ./Middlewares/Third_Party/FreeRTOS/Source/portable/GCC/ARM_CM33_NTZ/non_secure/port.o
                0x0800da6c                xPortStartScheduler
 *fill*         0x0800daac        0x4 
 .text.vRestoreContextOfFirstTask
                0x0800dab0       0x38 ./Middlewares/Third_Party/FreeRTOS/Source/portable/GCC/ARM_CM33_NTZ/non_secure/portasm.o
                0x0800dab0                vRestoreContextOfFirstTask
 *fill*         0x0800dae8        0x8 
 .text.vStartFirstTask
                0x0800daf0       0x28 ./Middlewares/Third_Party/FreeRTOS/Source/portable/GCC/ARM_CM33_NTZ/non_secure/portasm.o
                0x0800daf0                vStartFirstTask
 .text.ulSetInterruptMask
                0x0800db18       0x1a ./Middlewares/Third_Party/FreeRTOS/Source/portable/GCC/ARM_CM33_NTZ/non_secure/portasm.o
                0x0800db18                ulSetInterruptMask
 .text.vClearInterruptMask
                0x0800db32       0x10 ./Middlewares/Third_Party/FreeRTOS/Source/portable/GCC/ARM_CM33_NTZ/non_secure/portasm.o
                0x0800db32                vClearInterruptMask
 *fill*         0x0800db42        0xe 
 .text.PendSV_Handler
                0x0800db50       0x58 ./Middlewares/Third_Party/FreeRTOS/Source/portable/GCC/ARM_CM33_NTZ/non_secure/portasm.o
                0x0800db50                PendSV_Handler
 *fill*         0x0800dba8        0x8 
 .text.SVC_Handler
                0x0800dbb0       0x28 ./Middlewares/Third_Party/FreeRTOS/Source/portable/GCC/ARM_CM33_NTZ/non_secure/portasm.o
                0x0800dbb0                SVC_Handler
 .text.pvPortMalloc
                0x0800dbd8       0xa4 ./Middlewares/Third_Party/FreeRTOS/Source/portable/MemMang/heap_1.o
                0x0800dbd8                pvPortMalloc
 .text.vPortFree
                0x0800dc7c       0x1e ./Middlewares/Third_Party/FreeRTOS/Source/portable/MemMang/heap_1.o
                0x0800dc7c                vPortFree
 *fill*         0x0800dc9a        0x2 
 .text.std      0x0800dc9c       0x6c C:/ST/STM32CubeIDE_1.15.1/STM32CubeIDE/plugins/com.st.stm32cube.ide.mcu.externaltools.gnu-tools-for-stm32.12.3.rel1.win32_1.0.100.202403111256/tools/bin/../lib/gcc/arm-none-eabi/12.3.1/../../../../arm-none-eabi/lib/thumb/v8-m.main+fp/hard\libc_nano.a(libc_a-findfp.o)
 .text.stdio_exit_handler
                0x0800dd08       0x18 C:/ST/STM32CubeIDE_1.15.1/STM32CubeIDE/plugins/com.st.stm32cube.ide.mcu.externaltools.gnu-tools-for-stm32.12.3.rel1.win32_1.0.100.202403111256/tools/bin/../lib/gcc/arm-none-eabi/12.3.1/../../../../arm-none-eabi/lib/thumb/v8-m.main+fp/hard\libc_nano.a(libc_a-findfp.o)
 .text.cleanup_stdio
                0x0800dd20       0x40 C:/ST/STM32CubeIDE_1.15.1/STM32CubeIDE/plugins/com.st.stm32cube.ide.mcu.externaltools.gnu-tools-for-stm32.12.3.rel1.win32_1.0.100.202403111256/tools/bin/../lib/gcc/arm-none-eabi/12.3.1/../../../../arm-none-eabi/lib/thumb/v8-m.main+fp/hard\libc_nano.a(libc_a-findfp.o)
 .text.global_stdio_init.part.0
                0x0800dd60       0x3c C:/ST/STM32CubeIDE_1.15.1/STM32CubeIDE/plugins/com.st.stm32cube.ide.mcu.externaltools.gnu-tools-for-stm32.12.3.rel1.win32_1.0.100.202403111256/tools/bin/../lib/gcc/arm-none-eabi/12.3.1/../../../../arm-none-eabi/lib/thumb/v8-m.main+fp/hard\libc_nano.a(libc_a-findfp.o)
 .text.__sfp_lock_acquire
                0x0800dd9c        0xc C:/ST/STM32CubeIDE_1.15.1/STM32CubeIDE/plugins/com.st.stm32cube.ide.mcu.externaltools.gnu-tools-for-stm32.12.3.rel1.win32_1.0.100.202403111256/tools/bin/../lib/gcc/arm-none-eabi/12.3.1/../../../../arm-none-eabi/lib/thumb/v8-m.main+fp/hard\libc_nano.a(libc_a-findfp.o)
                0x0800dd9c                __sfp_lock_acquire
 .text.__sfp_lock_release
                0x0800dda8        0xc C:/ST/STM32CubeIDE_1.15.1/STM32CubeIDE/plugins/com.st.stm32cube.ide.mcu.externaltools.gnu-tools-for-stm32.12.3.rel1.win32_1.0.100.202403111256/tools/bin/../lib/gcc/arm-none-eabi/12.3.1/../../../../arm-none-eabi/lib/thumb/v8-m.main+fp/hard\libc_nano.a(libc_a-findfp.o)
                0x0800dda8                __sfp_lock_release
 .text.__sinit  0x0800ddb4       0x30 C:/ST/STM32CubeIDE_1.15.1/STM32CubeIDE/plugins/com.st.stm32cube.ide.mcu.externaltools.gnu-tools-for-stm32.12.3.rel1.win32_1.0.100.202403111256/tools/bin/../lib/gcc/arm-none-eabi/12.3.1/../../../../arm-none-eabi/lib/thumb/v8-m.main+fp/hard\libc_nano.a(libc_a-findfp.o)
                0x0800ddb4                __sinit
 .text._fwalk_sglue
                0x0800dde4       0x3c C:/ST/STM32CubeIDE_1.15.1/STM32CubeIDE/plugins/com.st.stm32cube.ide.mcu.externaltools.gnu-tools-for-stm32.12.3.rel1.win32_1.0.100.202403111256/tools/bin/../lib/gcc/arm-none-eabi/12.3.1/../../../../arm-none-eabi/lib/thumb/v8-m.main+fp/hard\libc_nano.a(libc_a-fwalk.o)
                0x0800dde4                _fwalk_sglue
 .text._puts_r  0x0800de20       0xaa C:/ST/STM32CubeIDE_1.15.1/STM32CubeIDE/plugins/com.st.stm32cube.ide.mcu.externaltools.gnu-tools-for-stm32.12.3.rel1.win32_1.0.100.202403111256/tools/bin/../lib/gcc/arm-none-eabi/12.3.1/../../../../arm-none-eabi/lib/thumb/v8-m.main+fp/hard\libc_nano.a(libc_a-puts.o)
                0x0800de20                _puts_r
 *fill*         0x0800deca        0x2 
 .text.puts     0x0800decc       0x10 C:/ST/STM32CubeIDE_1.15.1/STM32CubeIDE/plugins/com.st.stm32cube.ide.mcu.externaltools.gnu-tools-for-stm32.12.3.rel1.win32_1.0.100.202403111256/tools/bin/../lib/gcc/arm-none-eabi/12.3.1/../../../../arm-none-eabi/lib/thumb/v8-m.main+fp/hard\libc_nano.a(libc_a-puts.o)
                0x0800decc                puts
 .text.__sread  0x0800dedc       0x22 C:/ST/STM32CubeIDE_1.15.1/STM32CubeIDE/plugins/com.st.stm32cube.ide.mcu.externaltools.gnu-tools-for-stm32.12.3.rel1.win32_1.0.100.202403111256/tools/bin/../lib/gcc/arm-none-eabi/12.3.1/../../../../arm-none-eabi/lib/thumb/v8-m.main+fp/hard\libc_nano.a(libc_a-stdio.o)
                0x0800dedc                __sread
 .text.__swrite
                0x0800defe       0x38 C:/ST/STM32CubeIDE_1.15.1/STM32CubeIDE/plugins/com.st.stm32cube.ide.mcu.externaltools.gnu-tools-for-stm32.12.3.rel1.win32_1.0.100.202403111256/tools/bin/../lib/gcc/arm-none-eabi/12.3.1/../../../../arm-none-eabi/lib/thumb/v8-m.main+fp/hard\libc_nano.a(libc_a-stdio.o)
                0x0800defe                __swrite
 .text.__sseek  0x0800df36       0x24 C:/ST/STM32CubeIDE_1.15.1/STM32CubeIDE/plugins/com.st.stm32cube.ide.mcu.externaltools.gnu-tools-for-stm32.12.3.rel1.win32_1.0.100.202403111256/tools/bin/../lib/gcc/arm-none-eabi/12.3.1/../../../../arm-none-eabi/lib/thumb/v8-m.main+fp/hard\libc_nano.a(libc_a-stdio.o)
                0x0800df36                __sseek
 .text.__sclose
                0x0800df5a        0x8 C:/ST/STM32CubeIDE_1.15.1/STM32CubeIDE/plugins/com.st.stm32cube.ide.mcu.externaltools.gnu-tools-for-stm32.12.3.rel1.win32_1.0.100.202403111256/tools/bin/../lib/gcc/arm-none-eabi/12.3.1/../../../../arm-none-eabi/lib/thumb/v8-m.main+fp/hard\libc_nano.a(libc_a-stdio.o)
                0x0800df5a                __sclose
 .text.__swbuf_r
                0x0800df62       0x7c C:/ST/STM32CubeIDE_1.15.1/STM32CubeIDE/plugins/com.st.stm32cube.ide.mcu.externaltools.gnu-tools-for-stm32.12.3.rel1.win32_1.0.100.202403111256/tools/bin/../lib/gcc/arm-none-eabi/12.3.1/../../../../arm-none-eabi/lib/thumb/v8-m.main+fp/hard\libc_nano.a(libc_a-wbuf.o)
                0x0800df62                __swbuf_r
 *fill*         0x0800dfde        0x2 
 .text.__swsetup_r
                0x0800dfe0       0xac C:/ST/STM32CubeIDE_1.15.1/STM32CubeIDE/plugins/com.st.stm32cube.ide.mcu.externaltools.gnu-tools-for-stm32.12.3.rel1.win32_1.0.100.202403111256/tools/bin/../lib/gcc/arm-none-eabi/12.3.1/../../../../arm-none-eabi/lib/thumb/v8-m.main+fp/hard\libc_nano.a(libc_a-wsetup.o)
                0x0800dfe0                __swsetup_r
 .text.memset   0x0800e08c       0x10 C:/ST/STM32CubeIDE_1.15.1/STM32CubeIDE/plugins/com.st.stm32cube.ide.mcu.externaltools.gnu-tools-for-stm32.12.3.rel1.win32_1.0.100.202403111256/tools/bin/../lib/gcc/arm-none-eabi/12.3.1/../../../../arm-none-eabi/lib/thumb/v8-m.main+fp/hard\libc_nano.a(libc_a-memset.o)
                0x0800e08c                memset
 .text._close_r
                0x0800e09c       0x20 C:/ST/STM32CubeIDE_1.15.1/STM32CubeIDE/plugins/com.st.stm32cube.ide.mcu.externaltools.gnu-tools-for-stm32.12.3.rel1.win32_1.0.100.202403111256/tools/bin/../lib/gcc/arm-none-eabi/12.3.1/../../../../arm-none-eabi/lib/thumb/v8-m.main+fp/hard\libc_nano.a(libc_a-closer.o)
                0x0800e09c                _close_r
 .text._lseek_r
                0x0800e0bc       0x24 C:/ST/STM32CubeIDE_1.15.1/STM32CubeIDE/plugins/com.st.stm32cube.ide.mcu.externaltools.gnu-tools-for-stm32.12.3.rel1.win32_1.0.100.202403111256/tools/bin/../lib/gcc/arm-none-eabi/12.3.1/../../../../arm-none-eabi/lib/thumb/v8-m.main+fp/hard\libc_nano.a(libc_a-lseekr.o)
                0x0800e0bc                _lseek_r
 .text._read_r  0x0800e0e0       0x24 C:/ST/STM32CubeIDE_1.15.1/STM32CubeIDE/plugins/com.st.stm32cube.ide.mcu.externaltools.gnu-tools-for-stm32.12.3.rel1.win32_1.0.100.202403111256/tools/bin/../lib/gcc/arm-none-eabi/12.3.1/../../../../arm-none-eabi/lib/thumb/v8-m.main+fp/hard\libc_nano.a(libc_a-readr.o)
                0x0800e0e0                _read_r
 .text._write_r
                0x0800e104       0x24 C:/ST/STM32CubeIDE_1.15.1/STM32CubeIDE/plugins/com.st.stm32cube.ide.mcu.externaltools.gnu-tools-for-stm32.12.3.rel1.win32_1.0.100.202403111256/tools/bin/../lib/gcc/arm-none-eabi/12.3.1/../../../../arm-none-eabi/lib/thumb/v8-m.main+fp/hard\libc_nano.a(libc_a-writer.o)
                0x0800e104                _write_r
 .text.__errno  0x0800e128        0xc C:/ST/STM32CubeIDE_1.15.1/STM32CubeIDE/plugins/com.st.stm32cube.ide.mcu.externaltools.gnu-tools-for-stm32.12.3.rel1.win32_1.0.100.202403111256/tools/bin/../lib/gcc/arm-none-eabi/12.3.1/../../../../arm-none-eabi/lib/thumb/v8-m.main+fp/hard\libc_nano.a(libc_a-errno.o)
                0x0800e128                __errno
 .text.__libc_init_array
                0x0800e134       0x48 C:/ST/STM32CubeIDE_1.15.1/STM32CubeIDE/plugins/com.st.stm32cube.ide.mcu.externaltools.gnu-tools-for-stm32.12.3.rel1.win32_1.0.100.202403111256/tools/bin/../lib/gcc/arm-none-eabi/12.3.1/../../../../arm-none-eabi/lib/thumb/v8-m.main+fp/hard\libc_nano.a(libc_a-init.o)
                0x0800e134                __libc_init_array
 .text.__retarget_lock_init_recursive
                0x0800e17c        0x2 C:/ST/STM32CubeIDE_1.15.1/STM32CubeIDE/plugins/com.st.stm32cube.ide.mcu.externaltools.gnu-tools-for-stm32.12.3.rel1.win32_1.0.100.202403111256/tools/bin/../lib/gcc/arm-none-eabi/12.3.1/../../../../arm-none-eabi/lib/thumb/v8-m.main+fp/hard\libc_nano.a(libc_a-lock.o)
                0x0800e17c                __retarget_lock_init_recursive
 .text.__retarget_lock_acquire_recursive
                0x0800e17e        0x2 C:/ST/STM32CubeIDE_1.15.1/STM32CubeIDE/plugins/com.st.stm32cube.ide.mcu.externaltools.gnu-tools-for-stm32.12.3.rel1.win32_1.0.100.202403111256/tools/bin/../lib/gcc/arm-none-eabi/12.3.1/../../../../arm-none-eabi/lib/thumb/v8-m.main+fp/hard\libc_nano.a(libc_a-lock.o)
                0x0800e17e                __retarget_lock_acquire_recursive
 .text.__retarget_lock_release_recursive
                0x0800e180        0x2 C:/ST/STM32CubeIDE_1.15.1/STM32CubeIDE/plugins/com.st.stm32cube.ide.mcu.externaltools.gnu-tools-for-stm32.12.3.rel1.win32_1.0.100.202403111256/tools/bin/../lib/gcc/arm-none-eabi/12.3.1/../../../../arm-none-eabi/lib/thumb/v8-m.main+fp/hard\libc_nano.a(libc_a-lock.o)
                0x0800e180                __retarget_lock_release_recursive
 .text.memcpy   0x0800e182       0x1a C:/ST/STM32CubeIDE_1.15.1/STM32CubeIDE/plugins/com.st.stm32cube.ide.mcu.externaltools.gnu-tools-for-stm32.12.3.rel1.win32_1.0.100.202403111256/tools/bin/../lib/gcc/arm-none-eabi/12.3.1/../../../../arm-none-eabi/lib/thumb/v8-m.main+fp/hard\libc_nano.a(libc_a-memcpy-stub.o)
                0x0800e182                memcpy
 .text._free_r  0x0800e19c       0x94 C:/ST/STM32CubeIDE_1.15.1/STM32CubeIDE/plugins/com.st.stm32cube.ide.mcu.externaltools.gnu-tools-for-stm32.12.3.rel1.win32_1.0.100.202403111256/tools/bin/../lib/gcc/arm-none-eabi/12.3.1/../../../../arm-none-eabi/lib/thumb/v8-m.main+fp/hard\libc_nano.a(libc_a-freer.o)
                0x0800e19c                _free_r
 .text.sbrk_aligned
                0x0800e230       0x44 C:/ST/STM32CubeIDE_1.15.1/STM32CubeIDE/plugins/com.st.stm32cube.ide.mcu.externaltools.gnu-tools-for-stm32.12.3.rel1.win32_1.0.100.202403111256/tools/bin/../lib/gcc/arm-none-eabi/12.3.1/../../../../arm-none-eabi/lib/thumb/v8-m.main+fp/hard\libc_nano.a(libc_a-mallocr.o)
 .text._malloc_r
                0x0800e274      0x100 C:/ST/STM32CubeIDE_1.15.1/STM32CubeIDE/plugins/com.st.stm32cube.ide.mcu.externaltools.gnu-tools-for-stm32.12.3.rel1.win32_1.0.100.202403111256/tools/bin/../lib/gcc/arm-none-eabi/12.3.1/../../../../arm-none-eabi/lib/thumb/v8-m.main+fp/hard\libc_nano.a(libc_a-mallocr.o)
                0x0800e274                _malloc_r
 .text.__malloc_lock
                0x0800e374        0xc C:/ST/STM32CubeIDE_1.15.1/STM32CubeIDE/plugins/com.st.stm32cube.ide.mcu.externaltools.gnu-tools-for-stm32.12.3.rel1.win32_1.0.100.202403111256/tools/bin/../lib/gcc/arm-none-eabi/12.3.1/../../../../arm-none-eabi/lib/thumb/v8-m.main+fp/hard\libc_nano.a(libc_a-mlock.o)
                0x0800e374                __malloc_lock
 .text.__malloc_unlock
                0x0800e380        0xc C:/ST/STM32CubeIDE_1.15.1/STM32CubeIDE/plugins/com.st.stm32cube.ide.mcu.externaltools.gnu-tools-for-stm32.12.3.rel1.win32_1.0.100.202403111256/tools/bin/../lib/gcc/arm-none-eabi/12.3.1/../../../../arm-none-eabi/lib/thumb/v8-m.main+fp/hard\libc_nano.a(libc_a-mlock.o)
                0x0800e380                __malloc_unlock
 .text.__sflush_r
                0x0800e38c      0x108 C:/ST/STM32CubeIDE_1.15.1/STM32CubeIDE/plugins/com.st.stm32cube.ide.mcu.externaltools.gnu-tools-for-stm32.12.3.rel1.win32_1.0.100.202403111256/tools/bin/../lib/gcc/arm-none-eabi/12.3.1/../../../../arm-none-eabi/lib/thumb/v8-m.main+fp/hard\libc_nano.a(libc_a-fflush.o)
                0x0800e38c                __sflush_r
 .text._fflush_r
                0x0800e494       0x50 C:/ST/STM32CubeIDE_1.15.1/STM32CubeIDE/plugins/com.st.stm32cube.ide.mcu.externaltools.gnu-tools-for-stm32.12.3.rel1.win32_1.0.100.202403111256/tools/bin/../lib/gcc/arm-none-eabi/12.3.1/../../../../arm-none-eabi/lib/thumb/v8-m.main+fp/hard\libc_nano.a(libc_a-fflush.o)
                0x0800e494                _fflush_r
 .text.__swhatbuf_r
                0x0800e4e4       0x4a C:/ST/STM32CubeIDE_1.15.1/STM32CubeIDE/plugins/com.st.stm32cube.ide.mcu.externaltools.gnu-tools-for-stm32.12.3.rel1.win32_1.0.100.202403111256/tools/bin/../lib/gcc/arm-none-eabi/12.3.1/../../../../arm-none-eabi/lib/thumb/v8-m.main+fp/hard\libc_nano.a(libc_a-makebuf.o)
                0x0800e4e4                __swhatbuf_r
 .text.__smakebuf_r
                0x0800e52e       0x78 C:/ST/STM32CubeIDE_1.15.1/STM32CubeIDE/plugins/com.st.stm32cube.ide.mcu.externaltools.gnu-tools-for-stm32.12.3.rel1.win32_1.0.100.202403111256/tools/bin/../lib/gcc/arm-none-eabi/12.3.1/../../../../arm-none-eabi/lib/thumb/v8-m.main+fp/hard\libc_nano.a(libc_a-makebuf.o)
                0x0800e52e                __smakebuf_r
 *fill*         0x0800e5a6        0x2 
 .text._fstat_r
                0x0800e5a8       0x24 C:/ST/STM32CubeIDE_1.15.1/STM32CubeIDE/plugins/com.st.stm32cube.ide.mcu.externaltools.gnu-tools-for-stm32.12.3.rel1.win32_1.0.100.202403111256/tools/bin/../lib/gcc/arm-none-eabi/12.3.1/../../../../arm-none-eabi/lib/thumb/v8-m.main+fp/hard\libc_nano.a(libc_a-fstatr.o)
                0x0800e5a8                _fstat_r
 .text._isatty_r
                0x0800e5cc       0x20 C:/ST/STM32CubeIDE_1.15.1/STM32CubeIDE/plugins/com.st.stm32cube.ide.mcu.externaltools.gnu-tools-for-stm32.12.3.rel1.win32_1.0.100.202403111256/tools/bin/../lib/gcc/arm-none-eabi/12.3.1/../../../../arm-none-eabi/lib/thumb/v8-m.main+fp/hard\libc_nano.a(libc_a-isattyr.o)
                0x0800e5cc                _isatty_r
 .text._sbrk_r  0x0800e5ec       0x20 C:/ST/STM32CubeIDE_1.15.1/STM32CubeIDE/plugins/com.st.stm32cube.ide.mcu.externaltools.gnu-tools-for-stm32.12.3.rel1.win32_1.0.100.202403111256/tools/bin/../lib/gcc/arm-none-eabi/12.3.1/../../../../arm-none-eabi/lib/thumb/v8-m.main+fp/hard\libc_nano.a(libc_a-sbrkr.o)
                0x0800e5ec                _sbrk_r
 *(.glue_7)
 .glue_7        0x0800e60c        0x0 linker stubs
 *(.glue_7t)
 .glue_7t       0x0800e60c        0x0 linker stubs
 *(.eh_frame)
 .eh_frame      0x0800e60c        0x0 C:/ST/STM32CubeIDE_1.15.1/STM32CubeIDE/plugins/com.st.stm32cube.ide.mcu.externaltools.gnu-tools-for-stm32.12.3.rel1.win32_1.0.100.202403111256/tools/bin/../lib/gcc/arm-none-eabi/12.3.1/thumb/v8-m.main+fp/hard/crtbegin.o
 *(.init)
 .init          0x0800e60c        0x4 C:/ST/STM32CubeIDE_1.15.1/STM32CubeIDE/plugins/com.st.stm32cube.ide.mcu.externaltools.gnu-tools-for-stm32.12.3.rel1.win32_1.0.100.202403111256/tools/bin/../lib/gcc/arm-none-eabi/12.3.1/thumb/v8-m.main+fp/hard/crti.o
                0x0800e60c                _init
 .init          0x0800e610        0x8 C:/ST/STM32CubeIDE_1.15.1/STM32CubeIDE/plugins/com.st.stm32cube.ide.mcu.externaltools.gnu-tools-for-stm32.12.3.rel1.win32_1.0.100.202403111256/tools/bin/../lib/gcc/arm-none-eabi/12.3.1/thumb/v8-m.main+fp/hard/crtn.o
 *(.fini)
 .fini          0x0800e618        0x4 C:/ST/STM32CubeIDE_1.15.1/STM32CubeIDE/plugins/com.st.stm32cube.ide.mcu.externaltools.gnu-tools-for-stm32.12.3.rel1.win32_1.0.100.202403111256/tools/bin/../lib/gcc/arm-none-eabi/12.3.1/thumb/v8-m.main+fp/hard/crti.o
                0x0800e618                _fini
 .fini          0x0800e61c        0x8 C:/ST/STM32CubeIDE_1.15.1/STM32CubeIDE/plugins/com.st.stm32cube.ide.mcu.externaltools.gnu-tools-for-stm32.12.3.rel1.win32_1.0.100.202403111256/tools/bin/../lib/gcc/arm-none-eabi/12.3.1/thumb/v8-m.main+fp/hard/crtn.o
                0x0800e624                        _etext = .

.vfp11_veneer   0x0800e624        0x0
 .vfp11_veneer  0x0800e624        0x0 linker stubs

.v4_bx          0x0800e624        0x0
 .v4_bx         0x0800e624        0x0 linker stubs

.iplt           0x0800e624        0x0
 .iplt          0x0800e624        0x0 C:/ST/STM32CubeIDE_1.15.1/STM32CubeIDE/plugins/com.st.stm32cube.ide.mcu.externaltools.gnu-tools-for-stm32.12.3.rel1.win32_1.0.100.202403111256/tools/bin/../lib/gcc/arm-none-eabi/12.3.1/thumb/v8-m.main+fp/hard/crtbegin.o

.rodata         0x0800e624      0x1b0
 *(.rodata)
 .rodata        0x0800e624       0x18 ./Core/Src/app_freertos.o
 .rodata        0x0800e63c       0x35 ./Core/Src/i2c.o
 *fill*         0x0800e671        0x3 
 .rodata        0x0800e674        0x5 ./Middlewares/Third_Party/FreeRTOS/Source/tasks.o
 *fill*         0x0800e679        0x3 
 .rodata        0x0800e67c        0xd ./Middlewares/Third_Party/FreeRTOS/Source/timers.o
 *(.rodata*)
 *fill*         0x0800e689        0x3 
 .rodata.defaultTask_attributes
                0x0800e68c       0x24 ./Core/Src/app_freertos.o
                0x0800e68c                defaultTask_attributes
 .rodata.BlinkingLed_attributes
                0x0800e6b0       0x24 ./Core/Src/app_freertos.o
                0x0800e6b0                BlinkingLed_attributes
 .rodata.AHBPrescTable
                0x0800e6d4       0x10 ./Core/Src/system_stm32u5xx.o
                0x0800e6d4                AHBPrescTable
 .rodata.APBPrescTable
                0x0800e6e4        0x8 ./Core/Src/system_stm32u5xx.o
                0x0800e6e4                APBPrescTable
 .rodata.MSIRangeTable
                0x0800e6ec       0x40 ./Core/Src/system_stm32u5xx.o
                0x0800e6ec                MSIRangeTable
 .rodata.LPGPIO_Map
                0x0800e72c       0x80 ./Drivers/STM32U5xx_HAL_Driver/Src/stm32u5xx_hal_gpio.o
 .rodata.UARTPrescTable
                0x0800e7ac       0x18 ./Drivers/STM32U5xx_HAL_Driver/Src/stm32u5xx_hal_uart.o
                0x0800e7ac                UARTPrescTable
 .rodata.numerator.1
                0x0800e7c4        0x8 ./Drivers/STM32U5xx_HAL_Driver/Src/stm32u5xx_hal_uart_ex.o
 .rodata.denominator.0
                0x0800e7cc        0x8 ./Drivers/STM32U5xx_HAL_Driver/Src/stm32u5xx_hal_uart_ex.o

.ARM.extab
 *(.ARM.extab* .gnu.linkonce.armextab.*)

.ARM            0x0800e7d4        0x8
                0x0800e7d4                        __exidx_start = .
 *(.ARM.exidx*)
 .ARM.exidx     0x0800e7d4        0x8 C:/ST/STM32CubeIDE_1.15.1/STM32CubeIDE/plugins/com.st.stm32cube.ide.mcu.externaltools.gnu-tools-for-stm32.12.3.rel1.win32_1.0.100.202403111256/tools/bin/../lib/gcc/arm-none-eabi/12.3.1/thumb/v8-m.main+fp/hard\libgcc.a(_udivmoddi4.o)
                0x0800e7dc                        __exidx_end = .

.preinit_array  0x0800e7dc        0x0
                0x0800e7dc                        PROVIDE (__preinit_array_start = .)
 *(.preinit_array*)
                0x0800e7dc                        PROVIDE (__preinit_array_end = .)

.init_array     0x0800e7dc        0x4
                0x0800e7dc                        PROVIDE (__init_array_start = .)
 *(SORT_BY_NAME(.init_array.*))
 *(.init_array*)
 .init_array    0x0800e7dc        0x4 C:/ST/STM32CubeIDE_1.15.1/STM32CubeIDE/plugins/com.st.stm32cube.ide.mcu.externaltools.gnu-tools-for-stm32.12.3.rel1.win32_1.0.100.202403111256/tools/bin/../lib/gcc/arm-none-eabi/12.3.1/thumb/v8-m.main+fp/hard/crtbegin.o
                0x0800e7e0                        PROVIDE (__init_array_end = .)

.fini_array     0x0800e7e0        0x4
                [!provide]                        PROVIDE (__fini_array_start = .)
 *(SORT_BY_NAME(.fini_array.*))
 *(.fini_array*)
 .fini_array    0x0800e7e0        0x4 C:/ST/STM32CubeIDE_1.15.1/STM32CubeIDE/plugins/com.st.stm32cube.ide.mcu.externaltools.gnu-tools-for-stm32.12.3.rel1.win32_1.0.100.202403111256/tools/bin/../lib/gcc/arm-none-eabi/12.3.1/thumb/v8-m.main+fp/hard/crtbegin.o
                [!provide]                        PROVIDE (__fini_array_end = .)
                0x0800e7e4                        _sidata = LOADADDR (.data)

.rel.dyn        0x0800e7e4        0x0
 .rel.iplt      0x0800e7e4        0x0 C:/ST/STM32CubeIDE_1.15.1/STM32CubeIDE/plugins/com.st.stm32cube.ide.mcu.externaltools.gnu-tools-for-stm32.12.3.rel1.win32_1.0.100.202403111256/tools/bin/../lib/gcc/arm-none-eabi/12.3.1/thumb/v8-m.main+fp/hard/crtbegin.o

.data           0x20000000       0x90 load address 0x0800e7e4
                0x20000000                        _sdata = .
 *(.data)
 *(.data*)
 .data.current_register
                0x20000000        0x1 ./Core/Src/i2c.o
                0x20000000                current_register
 *fill*         0x20000001        0x3 
 .data.SystemCoreClock
                0x20000004        0x4 ./Core/Src/system_stm32u5xx.o
                0x20000004                SystemCoreClock
 .data.uwTickPrio
                0x20000008        0x4 ./Drivers/STM32U5xx_HAL_Driver/Src/stm32u5xx_hal.o
                0x20000008                uwTickPrio
 .data.uwTickFreq
                0x2000000c        0x1 ./Drivers/STM32U5xx_HAL_Driver/Src/stm32u5xx_hal.o
                0x2000000c                uwTickFreq
 *fill*         0x2000000d        0x3 
 .data.pFlash   0x20000010       0x1c ./Drivers/STM32U5xx_HAL_Driver/Src/stm32u5xx_hal_flash.o
                0x20000010                pFlash
 .data.uxTopUsedPriority
                0x2000002c        0x4 ./Middlewares/Third_Party/FreeRTOS/Source/tasks.o
                0x2000002c                uxTopUsedPriority
 .data.ulCriticalNesting
                0x20000030        0x4 ./Middlewares/Third_Party/FreeRTOS/Source/portable/GCC/ARM_CM33_NTZ/non_secure/port.o
 .data.__sglue  0x20000034        0xc C:/ST/STM32CubeIDE_1.15.1/STM32CubeIDE/plugins/com.st.stm32cube.ide.mcu.externaltools.gnu-tools-for-stm32.12.3.rel1.win32_1.0.100.202403111256/tools/bin/../lib/gcc/arm-none-eabi/12.3.1/../../../../arm-none-eabi/lib/thumb/v8-m.main+fp/hard\libc_nano.a(libc_a-findfp.o)
                0x20000034                __sglue
 .data._impure_ptr
                0x20000040        0x4 C:/ST/STM32CubeIDE_1.15.1/STM32CubeIDE/plugins/com.st.stm32cube.ide.mcu.externaltools.gnu-tools-for-stm32.12.3.rel1.win32_1.0.100.202403111256/tools/bin/../lib/gcc/arm-none-eabi/12.3.1/../../../../arm-none-eabi/lib/thumb/v8-m.main+fp/hard\libc_nano.a(libc_a-impure.o)
                0x20000040                _impure_ptr
 .data._impure_data
                0x20000044       0x4c C:/ST/STM32CubeIDE_1.15.1/STM32CubeIDE/plugins/com.st.stm32cube.ide.mcu.externaltools.gnu-tools-for-stm32.12.3.rel1.win32_1.0.100.202403111256/tools/bin/../lib/gcc/arm-none-eabi/12.3.1/../../../../arm-none-eabi/lib/thumb/v8-m.main+fp/hard\libc_nano.a(libc_a-impure.o)
                0x20000044                _impure_data
 *(.RamFunc)
 *(.RamFunc*)
                0x20000090                        _edata = .

.igot.plt       0x20000090        0x0 load address 0x0800e874
 .igot.plt      0x20000090        0x0 C:/ST/STM32CubeIDE_1.15.1/STM32CubeIDE/plugins/com.st.stm32cube.ide.mcu.externaltools.gnu-tools-for-stm32.12.3.rel1.win32_1.0.100.202403111256/tools/bin/../lib/gcc/arm-none-eabi/12.3.1/thumb/v8-m.main+fp/hard/crtbegin.o

.bss            0x20000090     0x33c8 load address 0x0800e874
                0x20000090                        _sbss = .
                0x20000090                        __bss_start__ = _sbss
 *(.bss)
 .bss           0x20000090       0x1c C:/ST/STM32CubeIDE_1.15.1/STM32CubeIDE/plugins/com.st.stm32cube.ide.mcu.externaltools.gnu-tools-for-stm32.12.3.rel1.win32_1.0.100.202403111256/tools/bin/../lib/gcc/arm-none-eabi/12.3.1/thumb/v8-m.main+fp/hard/crtbegin.o
 *(.bss*)
 .bss.hadc1     0x200000ac       0x8c ./Core/Src/adc.o
                0x200000ac                hadc1
 .bss.defaultTaskHandle
                0x20000138        0x4 ./Core/Src/app_freertos.o
                0x20000138                defaultTaskHandle
 .bss.BlinkingLedHandle
                0x2000013c        0x4 ./Core/Src/app_freertos.o
                0x2000013c                BlinkingLedHandle
 .bss.RxData    0x20000140       0x70 ./Core/Src/i2c.o
                0x20000140                RxData
 .bss.rxcount   0x200001b0        0x1 ./Core/Src/i2c.o
                0x200001b0                rxcount
 .bss.txcount   0x200001b1        0x1 ./Core/Src/i2c.o
                0x200001b1                txcount
 .bss.dataReg   0x200001b2        0x1 ./Core/Src/i2c.o
                0x200001b2                dataReg
 .bss.incoming  0x200001b3        0x1 ./Core/Src/i2c.o
                0x200001b3                incoming
 .bss.chunk_counter
                0x200001b4        0x2 ./Core/Src/i2c.o
                0x200001b4                chunk_counter
 .bss.chunk_size
                0x200001b6        0x2 ./Core/Src/i2c.o
                0x200001b6                chunk_size
 .bss.chunk_size_flag
                0x200001b8        0x1 ./Core/Src/i2c.o
                0x200001b8                chunk_size_flag
 *fill*         0x200001b9        0x3 
 .bss.hi2c1     0x200001bc       0x54 ./Core/Src/i2c.o
                0x200001bc                hi2c1
 .bss.htim1     0x20000210       0x4c ./Core/Src/stm32u5xx_hal_timebase_tim.o
                0x20000210                htim1
 .bss.__sbrk_heap_end
                0x2000025c        0x4 ./Core/Src/sysmem.o
 .bss.huart1    0x20000260       0x94 ./Core/Src/usart.o
                0x20000260                huart1
 .bss.hpcd_USB_OTG_FS
                0x200002f4      0x4e4 ./Core/Src/usb_otg.o
                0x200002f4                hpcd_USB_OTG_FS
 .bss.uwTick    0x200007d8        0x4 ./Drivers/STM32U5xx_HAL_Driver/Src/stm32u5xx_hal.o
                0x200007d8                uwTick
 .bss.KernelState
                0x200007dc        0x4 ./Middlewares/Third_Party/FreeRTOS/Source/CMSIS_RTOS_V2/cmsis_os2.o
 .bss.Idle_TCB.3
                0x200007e0       0x5c ./Middlewares/Third_Party/FreeRTOS/Source/CMSIS_RTOS_V2/cmsis_os2.o
 .bss.Idle_Stack.2
                0x2000083c      0x200 ./Middlewares/Third_Party/FreeRTOS/Source/CMSIS_RTOS_V2/cmsis_os2.o
 .bss.Timer_TCB.1
                0x20000a3c       0x5c ./Middlewares/Third_Party/FreeRTOS/Source/CMSIS_RTOS_V2/cmsis_os2.o
 .bss.Timer_Stack.0
                0x20000a98      0x200 ./Middlewares/Third_Party/FreeRTOS/Source/CMSIS_RTOS_V2/cmsis_os2.o
 .bss.xQueueRegistry
                0x20000c98       0x40 ./Middlewares/Third_Party/FreeRTOS/Source/queue.o
                0x20000c98                xQueueRegistry
 .bss.pxCurrentTCB
                0x20000cd8        0x4 ./Middlewares/Third_Party/FreeRTOS/Source/tasks.o
                0x20000cd8                pxCurrentTCB
 .bss.pxReadyTasksLists
                0x20000cdc      0x460 ./Middlewares/Third_Party/FreeRTOS/Source/tasks.o
 .bss.xDelayedTaskList1
                0x2000113c       0x14 ./Middlewares/Third_Party/FreeRTOS/Source/tasks.o
 .bss.xDelayedTaskList2
                0x20001150       0x14 ./Middlewares/Third_Party/FreeRTOS/Source/tasks.o
 .bss.pxDelayedTaskList
                0x20001164        0x4 ./Middlewares/Third_Party/FreeRTOS/Source/tasks.o
 .bss.pxOverflowDelayedTaskList
                0x20001168        0x4 ./Middlewares/Third_Party/FreeRTOS/Source/tasks.o
 .bss.xPendingReadyList
                0x2000116c       0x14 ./Middlewares/Third_Party/FreeRTOS/Source/tasks.o
 .bss.xTasksWaitingTermination
                0x20001180       0x14 ./Middlewares/Third_Party/FreeRTOS/Source/tasks.o
 .bss.uxDeletedTasksWaitingCleanUp
                0x20001194        0x4 ./Middlewares/Third_Party/FreeRTOS/Source/tasks.o
 .bss.xSuspendedTaskList
                0x20001198       0x14 ./Middlewares/Third_Party/FreeRTOS/Source/tasks.o
 .bss.uxCurrentNumberOfTasks
                0x200011ac        0x4 ./Middlewares/Third_Party/FreeRTOS/Source/tasks.o
 .bss.xTickCount
                0x200011b0        0x4 ./Middlewares/Third_Party/FreeRTOS/Source/tasks.o
 .bss.uxTopReadyPriority
                0x200011b4        0x4 ./Middlewares/Third_Party/FreeRTOS/Source/tasks.o
 .bss.xSchedulerRunning
                0x200011b8        0x4 ./Middlewares/Third_Party/FreeRTOS/Source/tasks.o
 .bss.xPendedTicks
                0x200011bc        0x4 ./Middlewares/Third_Party/FreeRTOS/Source/tasks.o
 .bss.xYieldPending
                0x200011c0        0x4 ./Middlewares/Third_Party/FreeRTOS/Source/tasks.o
 .bss.xNumOfOverflows
                0x200011c4        0x4 ./Middlewares/Third_Party/FreeRTOS/Source/tasks.o
 .bss.uxTaskNumber
                0x200011c8        0x4 ./Middlewares/Third_Party/FreeRTOS/Source/tasks.o
 .bss.xNextTaskUnblockTime
                0x200011cc        0x4 ./Middlewares/Third_Party/FreeRTOS/Source/tasks.o
 .bss.xIdleTaskHandle
                0x200011d0        0x4 ./Middlewares/Third_Party/FreeRTOS/Source/tasks.o
 .bss.uxSchedulerSuspended
                0x200011d4        0x4 ./Middlewares/Third_Party/FreeRTOS/Source/tasks.o
 .bss.xActiveTimerList1
                0x200011d8       0x14 ./Middlewares/Third_Party/FreeRTOS/Source/timers.o
 .bss.xActiveTimerList2
                0x200011ec       0x14 ./Middlewares/Third_Party/FreeRTOS/Source/timers.o
 .bss.pxCurrentTimerList
                0x20001200        0x4 ./Middlewares/Third_Party/FreeRTOS/Source/timers.o
 .bss.pxOverflowTimerList
                0x20001204        0x4 ./Middlewares/Third_Party/FreeRTOS/Source/timers.o
 .bss.xTimerQueue
                0x20001208        0x4 ./Middlewares/Third_Party/FreeRTOS/Source/timers.o
 .bss.xTimerTaskHandle
                0x2000120c        0x4 ./Middlewares/Third_Party/FreeRTOS/Source/timers.o
 .bss.xLastTime.2
                0x20001210        0x4 ./Middlewares/Third_Party/FreeRTOS/Source/timers.o