../Core/Src/i2c.c:43:6:MX_I2C1_Init	8	static
../Core/Src/i2c.c:89:6:HAL_I2C_MspInit	240	static
../Core/Src/i2c.c:135:6:HAL_I2C_MspDeInit	16	static
../Core/Src/i2c.c:166:6:go2APP	8	static
../Core/Src/i2c.c:198:6:read_flash	24	static
../Core/Src/i2c.c:220:6:process_data	4	static
../Core/Src/i2c.c:231:6:HAL_I2C_ListenCpltCallback	16	static
../Core/Src/i2c.c:244:6:HAL_I2C_AddrCallback	16	static
../Core/Src/i2c.c:265:6:HAL_I2C_SlaveTxCpltCallback	16	static
../Core/Src/i2c.c:278:6:HAL_I2C_SlaveRxCpltCallback	216	static
../Core/Src/i2c.c:399:6:HAL_I2C_ErrorCallback	24	static
