../Core/Src/i2c.c:41:6:MX_I2C1_Init	8	static
../Core/Src/i2c.c:87:6:HAL_I2C_MspInit	240	static
../Core/Src/i2c.c:133:6:HAL_I2C_MspDeInit	16	static
../Core/Src/i2c.c:163:6:go2Boot	8	static
../Core/Src/i2c.c:194:6:read_flash	24	static
../Core/Src/i2c.c:216:6:process_data	4	static
../Core/Src/i2c.c:227:6:HAL_I2C_ListenCpltCallback	16	static
../Core/Src/i2c.c:240:6:HAL_I2C_AddrCallback	16	static
../Core/Src/i2c.c:261:6:HAL_I2C_SlaveTxCpltCallback	16	static
../Core/Src/i2c.c:274:6:HAL_I2C_SlaveRxCpltCallback	24	static
../Core/Src/i2c.c:304:6:HAL_I2C_ErrorCallback	24	static
