../Core/Src/i2c.c:44:6:MX_I2C1_Init	8	static
../Core/Src/i2c.c:90:6:HAL_I2C_MspInit	240	static
../Core/Src/i2c.c:136:6:HAL_I2C_MspDeInit	16	static
../Core/Src/i2c.c:166:6:go2Boot	8	static
../Core/Src/i2c.c:197:6:read_flash	24	static
../Core/Src/i2c.c:219:6:process_data	4	static
../Core/Src/i2c.c:230:6:HAL_I2C_ListenCpltCallback	16	static
../Core/Src/i2c.c:243:6:HAL_I2C_AddrCallback	16	static
../Core/Src/i2c.c:264:6:HAL_I2C_SlaveTxCpltCallback	16	static
../Core/Src/i2c.c:277:6:HAL_I2C_SlaveRxCpltCallback	24	static
../Core/Src/i2c.c:308:6:HAL_I2C_ErrorCallback	24	static
