2025-03-04 11:20:49,204 [INFO] Activator:176 - 


2025-03-04 11:20:49,212 [INFO] Activator:177 - !SESSION log4j initialized
2025-03-04 11:20:58,482 [INFO] LogOutputStream:77 - [STDOUT_REDIRECT] 
2025-03-04 11:21:03,920 [INFO] ApplicationProperties:184 - Using Application install path: C:\ST\STM32CubeIDE_1.15.1\STM32CubeIDE\plugins\com.st.stm32cube.common.mx_6.11.1.202404110753
2025-03-04 11:21:03,946 [INFO] DbMcusXml:78 - Set database path to: C:\ST\STM32CubeIDE_1.15.1\STM32CubeIDE\plugins\com.st.stm32cube.common.mx_6.11.1.202404110753\\db\/mcu/
2025-03-04 11:21:03,946 [INFO] ApiDb:274 - Set plugin database path to: C:\ST\STM32CubeIDE_1.15.1\STM32CubeIDE\plugins\com.st.stm32cube.common.mx_6.11.1.202404110753\\db\/plugins/boardmanager/
2025-03-04 11:21:03,948 [WARN] ApiDb:259 - Overriding images path with different value:  => C:\ST\STM32CubeIDE_1.15.1\STM32CubeIDE\plugins\com.st.stm32cube.common.mx_6.11.1.202404110753\\db\/plugins/mcufinder/images/
2025-03-04 11:21:03,961 [INFO] ApiDb:250 - Set database path to: C:\Users\nickp\.stmcufinder\plugins\mcufinder//mcu/
2025-03-04 11:21:03,963 [INFO] DbMcusAds:125 - Set database path to: C:\Users\nickp\.stmcufinder\plugins\mcufinder//mcu/
2025-03-04 11:21:03,967 [INFO] CrossReferenceDbSqlite:203 - Set database path to: C:\Users\nickp\.stmcufinder\plugins\mcufinder//mcu/cs/
2025-03-04 11:21:04,178 [INFO] RulesReader:64 - Compatibility file has been processed (297 Rules)
2025-03-04 11:21:04,327 [INFO] DbMcusXml:78 - Set database path to: C:\ST\STM32CubeIDE_1.15.1\STM32CubeIDE\plugins\com.st.stm32cube.common.mx_6.11.1.202404110753\\db\/mcu/
2025-03-04 11:21:04,328 [INFO] ApiDb:274 - Set plugin database path to: C:\ST\STM32CubeIDE_1.15.1\STM32CubeIDE\plugins\com.st.stm32cube.common.mx_6.11.1.202404110753\\db\/plugins/boardmanager/
2025-03-04 11:21:04,328 [INFO] ApiDb:261 - Set plugin images path to: C:\ST\STM32CubeIDE_1.15.1\STM32CubeIDE\plugins\com.st.stm32cube.common.mx_6.11.1.202404110753\\db\/plugins/mcufinder/images/
2025-03-04 11:21:04,328 [WARN] DbFile:41 - Overriding database path with different value: C:\Users\nickp\.stmcufinder\plugins\mcufinder/ => C:\Users\nickp\.stmcufinder\plugins\mcufinder
2025-03-04 11:21:04,328 [INFO] ApiDb:250 - Set database path to: C:\Users\nickp\.stmcufinder\plugins\mcufinder//mcu/
2025-03-04 11:21:04,328 [WARN] DbFile:41 - Overriding database path with different value: C:\Users\nickp\.stmcufinder\plugins\mcufinder/ => C:\Users\nickp\.stmcufinder\plugins\mcufinder
2025-03-04 11:21:04,329 [INFO] DbMcusAds:125 - Set database path to: C:\Users\nickp\.stmcufinder\plugins\mcufinder//mcu/
2025-03-04 11:21:04,329 [WARN] DbFile:41 - Overriding database path with different value: C:\Users\nickp\.stmcufinder\plugins\mcufinder/ => C:\Users\nickp\.stmcufinder\plugins\mcufinder
2025-03-04 11:21:04,329 [WARN] DbFile:41 - Overriding database path with different value: C:\Users\nickp\.stmcufinder\plugins\mcufinder/ => C:\Users\nickp\.stmcufinder\plugins\mcufinder
2025-03-04 11:21:04,329 [INFO] CrossReferenceDbSqlite:203 - Set database path to: C:\Users\nickp\.stmcufinder\plugins\mcufinder//mcu/cs/
2025-03-04 11:21:04,445 [INFO] MainPanel:264 - HeapMemory: 268435456
2025-03-04 11:21:04,600 [INFO] DbMcusXml:78 - Set database path to: C:\ST\STM32CubeIDE_1.15.1\STM32CubeIDE\plugins\com.st.stm32cube.common.mx_6.11.1.202404110753\\db\/mcu/
2025-03-04 11:21:04,600 [INFO] ApiDb:274 - Set plugin database path to: C:\ST\STM32CubeIDE_1.15.1\STM32CubeIDE\plugins\com.st.stm32cube.common.mx_6.11.1.202404110753\\db\/plugins/boardmanager/
2025-03-04 11:21:04,601 [INFO] ApiDb:261 - Set plugin images path to: C:\ST\STM32CubeIDE_1.15.1\STM32CubeIDE\plugins\com.st.stm32cube.common.mx_6.11.1.202404110753\\db\/plugins/mcufinder/images/
2025-03-04 11:21:04,601 [WARN] DbFile:41 - Overriding database path with different value: C:\Users\nickp\.stmcufinder\plugins\mcufinder/ => C:\Users\nickp\.stmcufinder\plugins\mcufinder
2025-03-04 11:21:04,601 [INFO] ApiDb:250 - Set database path to: C:\Users\nickp\.stmcufinder\plugins\mcufinder//mcu/
2025-03-04 11:21:04,602 [WARN] DbFile:41 - Overriding database path with different value: C:\Users\nickp\.stmcufinder\plugins\mcufinder/ => C:\Users\nickp\.stmcufinder\plugins\mcufinder
2025-03-04 11:21:04,602 [INFO] DbMcusAds:125 - Set database path to: C:\Users\nickp\.stmcufinder\plugins\mcufinder//mcu/
2025-03-04 11:21:04,602 [WARN] DbFile:41 - Overriding database path with different value: C:\Users\nickp\.stmcufinder\plugins\mcufinder/ => C:\Users\nickp\.stmcufinder\plugins\mcufinder
2025-03-04 11:21:04,602 [WARN] DbFile:41 - Overriding database path with different value: C:\Users\nickp\.stmcufinder\plugins\mcufinder/ => C:\Users\nickp\.stmcufinder\plugins\mcufinder
2025-03-04 11:21:04,602 [INFO] CrossReferenceDbSqlite:203 - Set database path to: C:\Users\nickp\.stmcufinder\plugins\mcufinder//mcu/cs/
2025-03-04 11:21:04,633 [INFO] ApplicationProperties:184 - Using Application install path: C:\ST\STM32CubeIDE_1.15.1\STM32CubeIDE\plugins\com.st.stm32cube.common.mx_6.11.1.202404110753
2025-03-04 11:21:04,636 [INFO] PluginManage:196 - Search for loadable plugins [exclusion list=, ]
2025-03-04 11:21:04,638 [INFO] PluginManage:310 - Check plugin analytics
2025-03-04 11:21:04,897 [INFO] AnalyticsPlugin:253 - Accepted Software Licenses: 
2025-03-04 11:21:04,897 [INFO] AnalyticsPlugin:255 - Accepted CMSIS Pack Licenses: 
2025-03-04 11:21:04,897 [INFO] AnalyticsPlugin:257 - Accepted Firmware Licenses: 
2025-03-04 11:21:04,901 [INFO] PluginManage:359 - Loaded plugin analytics (category:tool,tabindex:-1)
2025-03-04 11:21:04,901 [INFO] PluginManage:310 - Check plugin cadmodel
2025-03-04 11:21:04,928 [INFO] CADModel:105 - Init CAD model plugin
2025-03-04 11:21:04,928 [INFO] PluginManage:359 - Loaded plugin cadmodel (category:power,tabindex:5)
2025-03-04 11:21:04,929 [INFO] PluginManage:310 - Check plugin clock
2025-03-04 11:21:04,962 [INFO] PluginManage:359 - Loaded plugin clock (category:base,tabindex:2)
2025-03-04 11:21:04,962 [INFO] PluginManage:310 - Check plugin ddr
2025-03-04 11:21:04,966 [INFO] PluginManage:359 - Loaded plugin ddr (category:tool,tabindex:6)
2025-03-04 11:21:04,966 [INFO] PluginManage:310 - Check plugin filemanager
2025-03-04 11:21:05,161 [INFO] PluginManage:359 - Loaded plugin filemanager (category:base,tabindex:10)
2025-03-04 11:21:05,162 [INFO] PluginManage:310 - Check plugin ipmanager
2025-03-04 11:21:05,172 [INFO] PluginManage:359 - Loaded plugin ipmanager (category:base,tabindex:5)
2025-03-04 11:21:05,172 [INFO] PluginManage:310 - Check plugin lpbam
2025-03-04 11:21:05,202 [INFO] PluginManage:359 - Loaded plugin lpbam (category:base,tabindex:0)
2025-03-04 11:21:05,203 [INFO] PluginManage:310 - Check plugin memorymap
2025-03-04 11:21:05,245 [INFO] PluginManage:359 - Loaded plugin memorymap (category:base,tabindex:4)
2025-03-04 11:21:05,245 [INFO] PluginManage:310 - Check plugin pinoutandconfiguration
2025-03-04 11:21:05,274 [INFO] PluginManage:359 - Loaded plugin pinoutandconfiguration (category:base,tabindex:1)
2025-03-04 11:21:05,274 [INFO] PluginManage:310 - Check plugin pinoutconfig
2025-03-04 11:21:05,420 [WARN] SupportedApi:132 - Cannot load RTOS API schema: s4s-elt-must-match.1: The content of 'definitions' must match (annotation?, (simpleType | complexType)?, (unique | key | keyref)*)). A problem was found starting at: attribute.
2025-03-04 11:21:05,636 [INFO] PluginManage:359 - Loaded plugin pinoutconfig (category:base,tabindex:0)
2025-03-04 11:21:05,636 [INFO] PluginManage:310 - Check plugin power
2025-03-04 11:21:05,670 [INFO] PluginManage:359 - Loaded plugin power (category:power,tabindex:4)
2025-03-04 11:21:05,670 [INFO] PluginManage:310 - Check plugin projectmanager
2025-03-04 11:21:05,692 [INFO] PluginManage:359 - Loaded plugin projectmanager (category:projectmanager,tabindex:3)
2025-03-04 11:21:05,692 [INFO] PluginManage:310 - Check plugin thirdparty
2025-03-04 11:21:06,141 [INFO] PluginManage:359 - Loaded plugin thirdparty (category:base,tabindex:-1)
2025-03-04 11:21:06,141 [WARN] IntegrityCheckThread:84 - waiting for thirdparty lock release [integrity check]
2025-03-04 11:21:06,141 [INFO] PluginManage:310 - Check plugin tools
2025-03-04 11:21:06,141 [INFO] IntegrityCheckThread:86 - entering critical section [integrity check]
2025-03-04 11:21:06,142 [INFO] ThirdPartyUpdaterWithRetryManager:70 - Updater plugin not ready yet. [1/15]
2025-03-04 11:21:06,203 [INFO] PluginManage:359 - Loaded plugin tools (category:base,tabindex:7)
2025-03-04 11:21:06,204 [INFO] PluginManage:310 - Check plugin tutovideos
2025-03-04 11:21:06,507 [INFO] PluginManage:359 - Loaded plugin tutovideos (category:base,tabindex:-1)
2025-03-04 11:21:06,507 [INFO] PluginManage:310 - Check plugin updater
2025-03-04 11:21:06,524 [INFO] PluginManage:359 - Loaded plugin updater (category:base,tabindex:12)
2025-03-04 11:21:06,524 [INFO] PluginManage:310 - Check plugin userauth
2025-03-04 11:21:06,532 [INFO] UserAuth:114 - Init User Auth plugin
2025-03-04 11:21:06,532 [INFO] PluginManage:359 - Loaded plugin userauth (category:base,tabindex:14)
2025-03-04 11:21:06,532 [INFO] PluginManage:283 - PluginManage : Loaded plugins [17]
2025-03-04 11:21:06,846 [INFO] PinOutPanel:1561 - setPackage(No Configuration,No Configuration)
2025-03-04 11:21:06,958 [INFO] CADModel:165 - CPN selected for project level
2025-03-04 11:21:06,958 [INFO] CADModel:114 - Register for checkConnection events
2025-03-04 11:21:06,998 [INFO] IPUIPlugin:80 - create IPUIPlugin
2025-03-04 11:21:06,999 [INFO] PluginManager:220 - loadIPPluginJar : add adc
2025-03-04 11:21:07,062 [INFO] IPUIPlugin:80 - create IPUIPlugin
2025-03-04 11:21:07,062 [INFO] PluginManager:220 - loadIPPluginJar : add aes
2025-03-04 11:21:07,136 [INFO] IPUIPlugin:80 - create IPUIPlugin
2025-03-04 11:21:07,136 [INFO] PluginManager:220 - loadIPPluginJar : add can
2025-03-04 11:21:07,179 [INFO] IPUIPlugin:80 - create IPUIPlugin
2025-03-04 11:21:07,179 [INFO] PluginManager:220 - loadIPPluginJar : add comp
2025-03-04 11:21:07,241 [INFO] IPUIPlugin:80 - create IPUIPlugin
2025-03-04 11:21:07,241 [INFO] PluginManager:220 - loadIPPluginJar : add cryp
2025-03-04 11:21:07,296 [INFO] IPUIPlugin:80 - create IPUIPlugin
2025-03-04 11:21:07,296 [INFO] PluginManager:220 - loadIPPluginJar : add dfsdm
2025-03-04 11:21:07,320 [INFO] IPUIPlugin:80 - create IPUIPlugin
2025-03-04 11:21:07,321 [INFO] PluginManager:220 - loadIPPluginJar : add dma
2025-03-04 11:21:07,400 [INFO] IPUIPlugin:80 - create IPUIPlugin
2025-03-04 11:21:07,401 [INFO] PluginManager:220 - loadIPPluginJar : add dma3
2025-03-04 11:21:07,484 [INFO] IPUIPlugin:80 - create IPUIPlugin
2025-03-04 11:21:07,485 [INFO] PluginManager:220 - loadIPPluginJar : add extmemmanager
2025-03-04 11:21:07,528 [INFO] IPUIPlugin:80 - create IPUIPlugin
2025-03-04 11:21:07,528 [INFO] PluginManager:220 - loadIPPluginJar : add fatfs
2025-03-04 11:21:07,629 [INFO] IPUIPlugin:80 - create IPUIPlugin
2025-03-04 11:21:07,629 [INFO] PluginManager:220 - loadIPPluginJar : add fmc
2025-03-04 11:21:07,657 [INFO] IPUIPlugin:80 - create IPUIPlugin
2025-03-04 11:21:07,657 [INFO] PluginManager:220 - loadIPPluginJar : add freertos
2025-03-04 11:21:07,698 [INFO] IPUIPlugin:80 - create IPUIPlugin
2025-03-04 11:21:07,698 [INFO] PluginManager:220 - loadIPPluginJar : add genericplugin
2025-03-04 11:21:07,872 [INFO] IPUIPlugin:80 - create IPUIPlugin
2025-03-04 11:21:07,872 [INFO] PluginManager:220 - loadIPPluginJar : add gfxmmu
2025-03-04 11:21:08,129 [INFO] IPUIPlugin:80 - create IPUIPlugin
2025-03-04 11:21:08,130 [INFO] PluginManager:220 - loadIPPluginJar : add gic
2025-03-04 11:21:08,159 [INFO] IPUIPlugin:80 - create IPUIPlugin
2025-03-04 11:21:08,160 [INFO] PluginManager:220 - loadIPPluginJar : add gpio
2025-03-04 11:21:08,335 [INFO] IPUIPlugin:80 - create IPUIPlugin
2025-03-04 11:21:08,335 [INFO] PluginManager:220 - loadIPPluginJar : add gtzc
2025-03-04 11:21:08,423 [INFO] IPUIPlugin:80 - create IPUIPlugin
2025-03-04 11:21:08,424 [INFO] PluginManager:220 - loadIPPluginJar : add hash
2025-03-04 11:21:08,607 [INFO] IPUIPlugin:80 - create IPUIPlugin
2025-03-04 11:21:08,608 [INFO] PluginManager:220 - loadIPPluginJar : add i2c
2025-03-04 11:21:08,755 [INFO] IPUIPlugin:80 - create IPUIPlugin
2025-03-04 11:21:08,755 [INFO] PluginManager:220 - loadIPPluginJar : add i2s
2025-03-04 11:21:08,910 [INFO] IPUIPlugin:80 - create IPUIPlugin
2025-03-04 11:21:08,910 [INFO] PluginManager:220 - loadIPPluginJar : add i3c
2025-03-04 11:21:09,143 [INFO] ThirdPartyUpdaterWithRetryManager:70 - Updater plugin not ready yet. [2/15]
2025-03-04 11:21:09,282 [INFO] IPUIPlugin:80 - create IPUIPlugin
2025-03-04 11:21:09,283 [INFO] PluginManager:220 - loadIPPluginJar : add ipddr
2025-03-04 11:21:09,620 [INFO] IPUIPlugin:80 - create IPUIPlugin
2025-03-04 11:21:09,620 [INFO] PluginManager:220 - loadIPPluginJar : add linkedlist
2025-03-04 11:21:09,736 [INFO] IPUIPlugin:80 - create IPUIPlugin
2025-03-04 11:21:09,737 [INFO] PluginManager:220 - loadIPPluginJar : add lorawan
2025-03-04 11:21:09,854 [INFO] IPUIPlugin:80 - create IPUIPlugin
2025-03-04 11:21:09,855 [INFO] PluginManager:220 - loadIPPluginJar : add ltdc
2025-03-04 11:21:09,890 [INFO] IPUIPlugin:80 - create IPUIPlugin
2025-03-04 11:21:09,890 [INFO] PluginManager:220 - loadIPPluginJar : add mdma
2025-03-04 11:21:09,924 [INFO] IPUIPlugin:80 - create IPUIPlugin
2025-03-04 11:21:09,924 [INFO] PluginManager:220 - loadIPPluginJar : add nvic
2025-03-04 11:21:10,003 [INFO] IPUIPlugin:80 - create IPUIPlugin
2025-03-04 11:21:10,003 [INFO] PluginManager:220 - loadIPPluginJar : add opamp
2025-03-04 11:21:10,162 [INFO] IPUIPlugin:80 - create IPUIPlugin
2025-03-04 11:21:10,162 [INFO] PluginManager:220 - loadIPPluginJar : add openamp
2025-03-04 11:21:10,265 [INFO] IPUIPlugin:80 - create IPUIPlugin
2025-03-04 11:21:10,265 [INFO] PluginManager:220 - loadIPPluginJar : add pdm2pcm
2025-03-04 11:21:10,301 [INFO] IPUIPlugin:80 - create IPUIPlugin
2025-03-04 11:21:10,305 [INFO] PluginManager:220 - loadIPPluginJar : add plateformsettings
2025-03-04 11:21:10,383 [INFO] IPUIPlugin:80 - create IPUIPlugin
2025-03-04 11:21:10,383 [INFO] PluginManager:220 - loadIPPluginJar : add quadspi
2025-03-04 11:21:10,431 [INFO] IPUIPlugin:80 - create IPUIPlugin
2025-03-04 11:21:10,432 [INFO] PluginManager:220 - loadIPPluginJar : add resmgrutility
2025-03-04 11:21:10,634 [INFO] IPUIPlugin:80 - create IPUIPlugin
2025-03-04 11:21:10,635 [INFO] PluginManager:220 - loadIPPluginJar : add sai
2025-03-04 11:21:10,823 [INFO] IPUIPlugin:80 - create IPUIPlugin
2025-03-04 11:21:10,824 [INFO] PluginManager:220 - loadIPPluginJar : add spi
2025-03-04 11:21:11,013 [INFO] IPUIPlugin:80 - create IPUIPlugin
2025-03-04 11:21:11,013 [INFO] PluginManager:220 - loadIPPluginJar : add stm32_wpan
2025-03-04 11:21:11,070 [INFO] IPUIPlugin:80 - create IPUIPlugin
2025-03-04 11:21:11,070 [INFO] PluginManager:220 - loadIPPluginJar : add tim
2025-03-04 11:21:11,209 [INFO] IPUIPlugin:80 - create IPUIPlugin
2025-03-04 11:21:11,210 [INFO] PluginManager:220 - loadIPPluginJar : add touchsensing
2025-03-04 11:21:11,261 [INFO] IPUIPlugin:80 - create IPUIPlugin
2025-03-04 11:21:11,261 [INFO] PluginManager:220 - loadIPPluginJar : add tracer_emb
2025-03-04 11:21:11,311 [INFO] IPUIPlugin:80 - create IPUIPlugin
2025-03-04 11:21:11,311 [INFO] PluginManager:220 - loadIPPluginJar : add ts
2025-03-04 11:21:11,366 [INFO] IPUIPlugin:80 - create IPUIPlugin
2025-03-04 11:21:11,366 [INFO] PluginManager:220 - loadIPPluginJar : add tsc
2025-03-04 11:21:11,410 [INFO] IPUIPlugin:80 - create IPUIPlugin
2025-03-04 11:21:11,411 [INFO] PluginManager:220 - loadIPPluginJar : add ucpd
2025-03-04 11:21:11,501 [INFO] IPUIPlugin:80 - create IPUIPlugin
2025-03-04 11:21:11,501 [INFO] PluginManager:220 - loadIPPluginJar : add usart
2025-03-04 11:21:11,586 [INFO] IPUIPlugin:80 - create IPUIPlugin
2025-03-04 11:21:11,586 [INFO] PluginManager:220 - loadIPPluginJar : add usbx
2025-03-04 11:21:11,746 [INFO] CADModel:165 - CPN selected for project level
2025-03-04 11:21:11,746 [INFO] CADModel:114 - Register for checkConnection events
2025-03-04 11:21:11,747 [FATAL] Updater:308 - Updater called before beeing initialized
2025-03-04 11:21:11,747 [ERROR] CADModel:125 - Updater not yet initialized, retry later 
2025-03-04 11:21:11,974 [INFO] CADModel:165 - CPN selected for project level
2025-03-04 11:21:11,974 [INFO] CADModel:114 - Register for checkConnection events
2025-03-04 11:21:11,974 [FATAL] Updater:308 - Updater called before beeing initialized
2025-03-04 11:21:11,974 [ERROR] CADModel:125 - Updater not yet initialized, retry later 
2025-03-04 11:21:11,979 [FATAL] Updater:308 - Updater called before beeing initialized
2025-03-04 11:21:12,145 [INFO] ThirdPartyUpdaterWithRetryManager:70 - Updater plugin not ready yet. [3/15]
2025-03-04 11:21:12,160 [FATAL] Updater:308 - Updater called before beeing initialized
2025-03-04 11:21:12,178 [INFO] DbMcusAds:53 - JSON generation date=Tue Dec 17 18:01:15 EET 2024 (1734451275222)
2025-03-04 11:21:12,178 [FATAL] Updater:308 - Updater called before beeing initialized
2025-03-04 11:21:12,308 [WARN] DetailPanel:346 - Failed to get advertising image, set to default
2025-03-04 11:21:12,471 [FATAL] Updater:308 - Updater called before beeing initialized
2025-03-04 11:21:12,474 [FATAL] Updater:308 - Updater called before beeing initialized
2025-03-04 11:21:12,474 [FATAL] Updater:308 - Updater called before beeing initialized
2025-03-04 11:21:12,474 [WARN] DetailPanel:346 - Failed to get advertising image, set to default
2025-03-04 11:21:12,476 [FATAL] Updater:308 - Updater called before beeing initialized
2025-03-04 11:21:12,637 [ERROR] Updater:1120 - MainUpdater not yet initialized. External WinMGr cannot be set.
2025-03-04 11:21:12,663 [INFO] Updater:1056 - Updater Version found : 6.11.1
2025-03-04 11:21:12,703 [INFO] ApplicationProperties:184 - Using Application install path: C:\ST\STM32CubeIDE_1.15.1\STM32CubeIDE\plugins\com.st.stm32cube.common.mx_6.11.1.202404110753
2025-03-04 11:21:14,314 [ERROR] LogOutputStream:75 - [STDERR_REDIRECT] Mar 04, 2025 11:21:14 AM java.util.prefs.WindowsPreferences <init>
2025-03-04 11:21:14,317 [ERROR] LogOutputStream:75 - [STDERR_REDIRECT] WARNING: Could not open/create prefs root node Software\JavaSoft\Prefs at root 0xffffffff80000002. Windows RegCreateKeyEx(...) returned error code 5.
2025-03-04 11:21:14,318 [ERROR] LogOutputStream:75 - [STDERR_REDIRECT] 
2025-03-04 11:21:15,147 [FATAL] Updater:308 - Updater called before beeing initialized
2025-03-04 11:21:15,147 [ERROR] IntegrityCheckThread:130 - Cannot retrieve database content from updater: error 21
2025-03-04 11:21:15,148 [INFO] ThirdParty:978 - Integrity check success = false
2025-03-04 11:21:15,148 [INFO] IntegrityCheckThread:100 - exiting critical section [integrity check]
2025-03-04 11:21:15,148 [INFO] IntegrityCheckThread:103 - End integrity checks thread
2025-03-04 11:21:15,836 [ERROR] CheckConnectionManager:249 - Problem, Http access forbiden
2025-03-04 11:21:15,840 [INFO] MainUpdater:2873 - connection check result : 22
2025-03-04 11:21:15,841 [INFO] MainUpdater:290 - Updater Check For Update Now.
2025-03-04 11:21:15,841 [INFO] MicroXplorer:498 - Change Database Version : DB.6.0.111
2025-03-04 11:21:15,870 [INFO] McuFinderGlobals:63 - Set McuFinder mode to 2 (CubeIDE integrated)
2025-03-04 11:21:15,871 [INFO] UserAuth:179 - activating auth plugin
2025-03-04 11:21:15,880 [INFO] UserAuth:415 - Internet connection configuration mode: 2
2025-03-04 11:21:15,912 [INFO] UserAuth:415 - Internet connection configuration mode: 2
2025-03-04 11:21:16,239 [INFO] CheckServerUpdateThread:120 - End of CheckServer Thread
2025-03-04 11:39:43,309 [ERROR] LogOutputStream:75 - [STDERR_REDIRECT] 
2025-03-04 11:40:23,223 [INFO] Activator:176 - 


2025-03-04 11:40:23,227 [INFO] Activator:177 - !SESSION log4j initialized
2025-03-04 11:40:31,392 [INFO] LogOutputStream:77 - [STDOUT_REDIRECT] 
2025-03-04 11:40:33,689 [INFO] ApplicationProperties:184 - Using Application install path: C:\ST\STM32CubeIDE_1.15.1\STM32CubeIDE\plugins\com.st.stm32cube.common.mx_6.11.1.202404110753
2025-03-04 11:40:33,719 [INFO] DbMcusXml:78 - Set database path to: C:\ST\STM32CubeIDE_1.15.1\STM32CubeIDE\plugins\com.st.stm32cube.common.mx_6.11.1.202404110753\\db\/mcu/
2025-03-04 11:40:33,719 [INFO] ApiDb:274 - Set plugin database path to: C:\ST\STM32CubeIDE_1.15.1\STM32CubeIDE\plugins\com.st.stm32cube.common.mx_6.11.1.202404110753\\db\/plugins/boardmanager/
2025-03-04 11:40:33,720 [WARN] ApiDb:259 - Overriding images path with different value:  => C:\ST\STM32CubeIDE_1.15.1\STM32CubeIDE\plugins\com.st.stm32cube.common.mx_6.11.1.202404110753\\db\/plugins/mcufinder/images/
2025-03-04 11:40:33,730 [INFO] ApiDb:250 - Set database path to: C:\Users\nickp\.stmcufinder\plugins\mcufinder//mcu/
2025-03-04 11:40:33,732 [INFO] DbMcusAds:125 - Set database path to: C:\Users\nickp\.stmcufinder\plugins\mcufinder//mcu/
2025-03-04 11:40:33,736 [INFO] CrossReferenceDbSqlite:203 - Set database path to: C:\Users\nickp\.stmcufinder\plugins\mcufinder//mcu/cs/
2025-03-04 11:40:33,923 [INFO] RulesReader:64 - Compatibility file has been processed (297 Rules)
2025-03-04 11:40:34,046 [INFO] DbMcusXml:78 - Set database path to: C:\ST\STM32CubeIDE_1.15.1\STM32CubeIDE\plugins\com.st.stm32cube.common.mx_6.11.1.202404110753\\db\/mcu/
2025-03-04 11:40:34,046 [INFO] ApiDb:274 - Set plugin database path to: C:\ST\STM32CubeIDE_1.15.1\STM32CubeIDE\plugins\com.st.stm32cube.common.mx_6.11.1.202404110753\\db\/plugins/boardmanager/
2025-03-04 11:40:34,047 [INFO] ApiDb:261 - Set plugin images path to: C:\ST\STM32CubeIDE_1.15.1\STM32CubeIDE\plugins\com.st.stm32cube.common.mx_6.11.1.202404110753\\db\/plugins/mcufinder/images/
2025-03-04 11:40:34,047 [WARN] DbFile:41 - Overriding database path with different value: C:\Users\nickp\.stmcufinder\plugins\mcufinder/ => C:\Users\nickp\.stmcufinder\plugins\mcufinder
2025-03-04 11:40:34,047 [INFO] ApiDb:250 - Set database path to: C:\Users\nickp\.stmcufinder\plugins\mcufinder//mcu/
2025-03-04 11:40:34,047 [WARN] DbFile:41 - Overriding database path with different value: C:\Users\nickp\.stmcufinder\plugins\mcufinder/ => C:\Users\nickp\.stmcufinder\plugins\mcufinder
2025-03-04 11:40:34,048 [INFO] DbMcusAds:125 - Set database path to: C:\Users\nickp\.stmcufinder\plugins\mcufinder//mcu/
2025-03-04 11:40:34,048 [WARN] DbFile:41 - Overriding database path with different value: C:\Users\nickp\.stmcufinder\plugins\mcufinder/ => C:\Users\nickp\.stmcufinder\plugins\mcufinder
2025-03-04 11:40:34,048 [WARN] DbFile:41 - Overriding database path with different value: C:\Users\nickp\.stmcufinder\plugins\mcufinder/ => C:\Users\nickp\.stmcufinder\plugins\mcufinder
2025-03-04 11:40:34,048 [INFO] CrossReferenceDbSqlite:203 - Set database path to: C:\Users\nickp\.stmcufinder\plugins\mcufinder//mcu/cs/
2025-03-04 11:40:34,164 [INFO] MainPanel:264 - HeapMemory: 268435456
2025-03-04 11:40:34,277 [INFO] DbMcusXml:78 - Set database path to: C:\ST\STM32CubeIDE_1.15.1\STM32CubeIDE\plugins\com.st.stm32cube.common.mx_6.11.1.202404110753\\db\/mcu/
2025-03-04 11:40:34,277 [INFO] ApiDb:274 - Set plugin database path to: C:\ST\STM32CubeIDE_1.15.1\STM32CubeIDE\plugins\com.st.stm32cube.common.mx_6.11.1.202404110753\\db\/plugins/boardmanager/
2025-03-04 11:40:34,277 [INFO] ApiDb:261 - Set plugin images path to: C:\ST\STM32CubeIDE_1.15.1\STM32CubeIDE\plugins\com.st.stm32cube.common.mx_6.11.1.202404110753\\db\/plugins/mcufinder/images/
2025-03-04 11:40:34,279 [WARN] DbFile:41 - Overriding database path with different value: C:\Users\nickp\.stmcufinder\plugins\mcufinder/ => C:\Users\nickp\.stmcufinder\plugins\mcufinder
2025-03-04 11:40:34,279 [INFO] ApiDb:250 - Set database path to: C:\Users\nickp\.stmcufinder\plugins\mcufinder//mcu/
2025-03-04 11:40:34,279 [WARN] DbFile:41 - Overriding database path with different value: C:\Users\nickp\.stmcufinder\plugins\mcufinder/ => C:\Users\nickp\.stmcufinder\plugins\mcufinder
2025-03-04 11:40:34,279 [INFO] DbMcusAds:125 - Set database path to: C:\Users\nickp\.stmcufinder\plugins\mcufinder//mcu/
2025-03-04 11:40:34,280 [WARN] DbFile:41 - Overriding database path with different value: C:\Users\nickp\.stmcufinder\plugins\mcufinder/ => C:\Users\nickp\.stmcufinder\plugins\mcufinder
2025-03-04 11:40:34,280 [WARN] DbFile:41 - Overriding database path with different value: C:\Users\nickp\.stmcufinder\plugins\mcufinder/ => C:\Users\nickp\.stmcufinder\plugins\mcufinder
2025-03-04 11:40:34,281 [INFO] CrossReferenceDbSqlite:203 - Set database path to: C:\Users\nickp\.stmcufinder\plugins\mcufinder//mcu/cs/
2025-03-04 11:40:34,322 [INFO] ApplicationProperties:184 - Using Application install path: C:\ST\STM32CubeIDE_1.15.1\STM32CubeIDE\plugins\com.st.stm32cube.common.mx_6.11.1.202404110753
2025-03-04 11:40:34,324 [INFO] PluginManage:196 - Search for loadable plugins [exclusion list=, ]
2025-03-04 11:40:34,327 [INFO] PluginManage:310 - Check plugin analytics
2025-03-04 11:40:34,606 [INFO] AnalyticsPlugin:253 - Accepted Software Licenses: 
2025-03-04 11:40:34,606 [INFO] AnalyticsPlugin:255 - Accepted CMSIS Pack Licenses: 
2025-03-04 11:40:34,606 [INFO] AnalyticsPlugin:257 - Accepted Firmware Licenses: 
2025-03-04 11:40:34,610 [INFO] PluginManage:359 - Loaded plugin analytics (category:tool,tabindex:-1)
2025-03-04 11:40:34,611 [INFO] PluginManage:310 - Check plugin cadmodel
2025-03-04 11:40:34,618 [INFO] CADModel:105 - Init CAD model plugin
2025-03-04 11:40:34,619 [INFO] PluginManage:359 - Loaded plugin cadmodel (category:power,tabindex:5)
2025-03-04 11:40:34,619 [INFO] PluginManage:310 - Check plugin clock
2025-03-04 11:40:34,636 [INFO] PluginManage:359 - Loaded plugin clock (category:base,tabindex:2)
2025-03-04 11:40:34,636 [INFO] PluginManage:310 - Check plugin ddr
2025-03-04 11:40:34,640 [INFO] PluginManage:359 - Loaded plugin ddr (category:tool,tabindex:6)
2025-03-04 11:40:34,641 [INFO] PluginManage:310 - Check plugin filemanager
2025-03-04 11:40:34,849 [INFO] PluginManage:359 - Loaded plugin filemanager (category:base,tabindex:10)
2025-03-04 11:40:34,849 [INFO] PluginManage:310 - Check plugin ipmanager
2025-03-04 11:40:34,863 [INFO] PluginManage:359 - Loaded plugin ipmanager (category:base,tabindex:5)
2025-03-04 11:40:34,863 [INFO] PluginManage:310 - Check plugin lpbam
2025-03-04 11:40:34,873 [INFO] PluginManage:359 - Loaded plugin lpbam (category:base,tabindex:0)
2025-03-04 11:40:34,873 [INFO] PluginManage:310 - Check plugin memorymap
2025-03-04 11:40:34,890 [INFO] PluginManage:359 - Loaded plugin memorymap (category:base,tabindex:4)
2025-03-04 11:40:34,891 [INFO] PluginManage:310 - Check plugin pinoutandconfiguration
2025-03-04 11:40:34,903 [INFO] PluginManage:359 - Loaded plugin pinoutandconfiguration (category:base,tabindex:1)
2025-03-04 11:40:34,903 [INFO] PluginManage:310 - Check plugin pinoutconfig
2025-03-04 11:40:35,035 [WARN] SupportedApi:132 - Cannot load RTOS API schema: s4s-elt-must-match.1: The content of 'definitions' must match (annotation?, (simpleType | complexType)?, (unique | key | keyref)*)). A problem was found starting at: attribute.
2025-03-04 11:40:35,232 [INFO] PluginManage:359 - Loaded plugin pinoutconfig (category:base,tabindex:0)
2025-03-04 11:40:35,233 [INFO] PluginManage:310 - Check plugin power
2025-03-04 11:40:35,249 [INFO] PluginManage:359 - Loaded plugin power (category:power,tabindex:4)
2025-03-04 11:40:35,250 [INFO] PluginManage:310 - Check plugin projectmanager
2025-03-04 11:40:35,280 [INFO] PluginManage:359 - Loaded plugin projectmanager (category:projectmanager,tabindex:3)
2025-03-04 11:40:35,281 [INFO] PluginManage:310 - Check plugin thirdparty
2025-03-04 11:40:35,487 [INFO] PluginManage:359 - Loaded plugin thirdparty (category:base,tabindex:-1)
2025-03-04 11:40:35,486 [WARN] IntegrityCheckThread:84 - waiting for thirdparty lock release [integrity check]
2025-03-04 11:40:35,487 [INFO] IntegrityCheckThread:86 - entering critical section [integrity check]
2025-03-04 11:40:35,487 [INFO] PluginManage:310 - Check plugin tools
2025-03-04 11:40:35,488 [INFO] ThirdPartyUpdaterWithRetryManager:70 - Updater plugin not ready yet. [1/15]
2025-03-04 11:40:35,491 [INFO] PluginManage:359 - Loaded plugin tools (category:base,tabindex:7)
2025-03-04 11:40:35,491 [INFO] PluginManage:310 - Check plugin tutovideos
2025-03-04 11:40:35,720 [INFO] PluginManage:359 - Loaded plugin tutovideos (category:base,tabindex:-1)
2025-03-04 11:40:35,720 [INFO] PluginManage:310 - Check plugin updater
2025-03-04 11:40:35,734 [INFO] PluginManage:359 - Loaded plugin updater (category:base,tabindex:12)
2025-03-04 11:40:35,734 [INFO] PluginManage:310 - Check plugin userauth
2025-03-04 11:40:35,740 [INFO] UserAuth:114 - Init User Auth plugin
2025-03-04 11:40:35,741 [INFO] PluginManage:359 - Loaded plugin userauth (category:base,tabindex:14)
2025-03-04 11:40:35,742 [INFO] PluginManage:283 - PluginManage : Loaded plugins [17]
2025-03-04 11:40:36,039 [INFO] PinOutPanel:1561 - setPackage(No Configuration,No Configuration)
2025-03-04 11:40:36,168 [INFO] CADModel:165 - CPN selected for project level
2025-03-04 11:40:36,169 [INFO] CADModel:114 - Register for checkConnection events
2025-03-04 11:40:36,193 [INFO] IPUIPlugin:80 - create IPUIPlugin
2025-03-04 11:40:36,193 [INFO] PluginManager:220 - loadIPPluginJar : add adc
2025-03-04 11:40:36,198 [INFO] IPUIPlugin:80 - create IPUIPlugin
2025-03-04 11:40:36,198 [INFO] PluginManager:220 - loadIPPluginJar : add aes
2025-03-04 11:40:36,202 [INFO] IPUIPlugin:80 - create IPUIPlugin
2025-03-04 11:40:36,203 [INFO] PluginManager:220 - loadIPPluginJar : add can
2025-03-04 11:40:36,206 [INFO] IPUIPlugin:80 - create IPUIPlugin
2025-03-04 11:40:36,207 [INFO] PluginManager:220 - loadIPPluginJar : add comp
2025-03-04 11:40:36,212 [INFO] IPUIPlugin:80 - create IPUIPlugin
2025-03-04 11:40:36,212 [INFO] PluginManager:220 - loadIPPluginJar : add cryp
2025-03-04 11:40:36,216 [INFO] IPUIPlugin:80 - create IPUIPlugin
2025-03-04 11:40:36,217 [INFO] PluginManager:220 - loadIPPluginJar : add dfsdm
2025-03-04 11:40:36,226 [INFO] IPUIPlugin:80 - create IPUIPlugin
2025-03-04 11:40:36,227 [INFO] PluginManager:220 - loadIPPluginJar : add dma
2025-03-04 11:40:36,233 [INFO] IPUIPlugin:80 - create IPUIPlugin
2025-03-04 11:40:36,233 [INFO] PluginManager:220 - loadIPPluginJar : add dma3
2025-03-04 11:40:36,238 [INFO] IPUIPlugin:80 - create IPUIPlugin
2025-03-04 11:40:36,238 [INFO] PluginManager:220 - loadIPPluginJar : add extmemmanager
2025-03-04 11:40:36,241 [INFO] IPUIPlugin:80 - create IPUIPlugin
2025-03-04 11:40:36,241 [INFO] PluginManager:220 - loadIPPluginJar : add fatfs
2025-03-04 11:40:36,252 [INFO] IPUIPlugin:80 - create IPUIPlugin
2025-03-04 11:40:36,252 [INFO] PluginManager:220 - loadIPPluginJar : add fmc
2025-03-04 11:40:36,260 [INFO] IPUIPlugin:80 - create IPUIPlugin
2025-03-04 11:40:36,260 [INFO] PluginManager:220 - loadIPPluginJar : add freertos
2025-03-04 11:40:36,263 [INFO] IPUIPlugin:80 - create IPUIPlugin
2025-03-04 11:40:36,263 [INFO] PluginManager:220 - loadIPPluginJar : add genericplugin
2025-03-04 11:40:36,269 [INFO] IPUIPlugin:80 - create IPUIPlugin
2025-03-04 11:40:36,269 [INFO] PluginManager:220 - loadIPPluginJar : add gfxmmu
2025-03-04 11:40:36,278 [INFO] IPUIPlugin:80 - create IPUIPlugin
2025-03-04 11:40:36,278 [INFO] PluginManager:220 - loadIPPluginJar : add gic
2025-03-04 11:40:36,288 [INFO] IPUIPlugin:80 - create IPUIPlugin
2025-03-04 11:40:36,288 [INFO] PluginManager:220 - loadIPPluginJar : add gpio
2025-03-04 11:40:36,294 [INFO] IPUIPlugin:80 - create IPUIPlugin
2025-03-04 11:40:36,294 [INFO] PluginManager:220 - loadIPPluginJar : add gtzc
2025-03-04 11:40:36,299 [INFO] IPUIPlugin:80 - create IPUIPlugin
2025-03-04 11:40:36,299 [INFO] PluginManager:220 - loadIPPluginJar : add hash
2025-03-04 11:40:36,305 [INFO] IPUIPlugin:80 - create IPUIPlugin
2025-03-04 11:40:36,305 [INFO] PluginManager:220 - loadIPPluginJar : add i2c
2025-03-04 11:40:36,312 [INFO] IPUIPlugin:80 - create IPUIPlugin
2025-03-04 11:40:36,312 [INFO] PluginManager:220 - loadIPPluginJar : add i2s
2025-03-04 11:40:36,317 [INFO] IPUIPlugin:80 - create IPUIPlugin
2025-03-04 11:40:36,318 [INFO] PluginManager:220 - loadIPPluginJar : add i3c
2025-03-04 11:40:36,323 [INFO] IPUIPlugin:80 - create IPUIPlugin
2025-03-04 11:40:36,323 [INFO] PluginManager:220 - loadIPPluginJar : add ipddr
2025-03-04 11:40:36,336 [INFO] IPUIPlugin:80 - create IPUIPlugin
2025-03-04 11:40:36,336 [INFO] PluginManager:220 - loadIPPluginJar : add linkedlist
2025-03-04 11:40:36,341 [INFO] IPUIPlugin:80 - create IPUIPlugin
2025-03-04 11:40:36,341 [INFO] PluginManager:220 - loadIPPluginJar : add lorawan
2025-03-04 11:40:36,344 [INFO] IPUIPlugin:80 - create IPUIPlugin
2025-03-04 11:40:36,345 [INFO] PluginManager:220 - loadIPPluginJar : add ltdc
2025-03-04 11:40:36,356 [INFO] IPUIPlugin:80 - create IPUIPlugin
2025-03-04 11:40:36,356 [INFO] PluginManager:220 - loadIPPluginJar : add mdma
2025-03-04 11:40:36,361 [INFO] IPUIPlugin:80 - create IPUIPlugin
2025-03-04 11:40:36,362 [INFO] PluginManager:220 - loadIPPluginJar : add nvic
2025-03-04 11:40:36,368 [INFO] IPUIPlugin:80 - create IPUIPlugin
2025-03-04 11:40:36,368 [INFO] PluginManager:220 - loadIPPluginJar : add opamp
2025-03-04 11:40:36,375 [INFO] IPUIPlugin:80 - create IPUIPlugin
2025-03-04 11:40:36,375 [INFO] PluginManager:220 - loadIPPluginJar : add openamp
2025-03-04 11:40:36,380 [INFO] IPUIPlugin:80 - create IPUIPlugin
2025-03-04 11:40:36,380 [INFO] PluginManager:220 - loadIPPluginJar : add pdm2pcm
2025-03-04 11:40:36,392 [INFO] IPUIPlugin:80 - create IPUIPlugin
2025-03-04 11:40:36,397 [INFO] PluginManager:220 - loadIPPluginJar : add plateformsettings
2025-03-04 11:40:36,400 [INFO] IPUIPlugin:80 - create IPUIPlugin
2025-03-04 11:40:36,400 [INFO] PluginManager:220 - loadIPPluginJar : add quadspi
2025-03-04 11:40:36,407 [INFO] IPUIPlugin:80 - create IPUIPlugin
2025-03-04 11:40:36,407 [INFO] PluginManager:220 - loadIPPluginJar : add resmgrutility
2025-03-04 11:40:36,413 [INFO] IPUIPlugin:80 - create IPUIPlugin
2025-03-04 11:40:36,414 [INFO] PluginManager:220 - loadIPPluginJar : add sai
2025-03-04 11:40:36,418 [INFO] IPUIPlugin:80 - create IPUIPlugin
2025-03-04 11:40:36,418 [INFO] PluginManager:220 - loadIPPluginJar : add spi
2025-03-04 11:40:36,428 [INFO] IPUIPlugin:80 - create IPUIPlugin
2025-03-04 11:40:36,428 [INFO] PluginManager:220 - loadIPPluginJar : add stm32_wpan
2025-03-04 11:40:36,432 [INFO] IPUIPlugin:80 - create IPUIPlugin
2025-03-04 11:40:36,432 [INFO] PluginManager:220 - loadIPPluginJar : add tim
2025-03-04 11:40:36,437 [INFO] IPUIPlugin:80 - create IPUIPlugin
2025-03-04 11:40:36,437 [INFO] PluginManager:220 - loadIPPluginJar : add touchsensing
2025-03-04 11:40:36,440 [INFO] IPUIPlugin:80 - create IPUIPlugin
2025-03-04 11:40:36,441 [INFO] PluginManager:220 - loadIPPluginJar : add tracer_emb
2025-03-04 11:40:36,444 [INFO] IPUIPlugin:80 - create IPUIPlugin
2025-03-04 11:40:36,444 [INFO] PluginManager:220 - loadIPPluginJar : add ts
2025-03-04 11:40:36,448 [INFO] IPUIPlugin:80 - create IPUIPlugin
2025-03-04 11:40:36,448 [INFO] PluginManager:220 - loadIPPluginJar : add tsc
2025-03-04 11:40:36,452 [INFO] IPUIPlugin:80 - create IPUIPlugin
2025-03-04 11:40:36,452 [INFO] PluginManager:220 - loadIPPluginJar : add ucpd
2025-03-04 11:40:36,457 [INFO] IPUIPlugin:80 - create IPUIPlugin
2025-03-04 11:40:36,457 [INFO] PluginManager:220 - loadIPPluginJar : add usart
2025-03-04 11:40:36,462 [INFO] IPUIPlugin:80 - create IPUIPlugin
2025-03-04 11:40:36,462 [INFO] PluginManager:220 - loadIPPluginJar : add usbx
2025-03-04 11:40:36,638 [INFO] CADModel:165 - CPN selected for project level
2025-03-04 11:40:36,639 [INFO] CADModel:114 - Register for checkConnection events
2025-03-04 11:40:36,639 [FATAL] Updater:308 - Updater called before beeing initialized
2025-03-04 11:40:36,639 [ERROR] CADModel:125 - Updater not yet initialized, retry later 
2025-03-04 11:40:36,828 [INFO] CADModel:165 - CPN selected for project level
2025-03-04 11:40:36,828 [INFO] CADModel:114 - Register for checkConnection events
2025-03-04 11:40:36,828 [FATAL] Updater:308 - Updater called before beeing initialized
2025-03-04 11:40:36,828 [ERROR] CADModel:125 - Updater not yet initialized, retry later 
2025-03-04 11:40:36,835 [FATAL] Updater:308 - Updater called before beeing initialized
2025-03-04 11:40:37,074 [FATAL] Updater:308 - Updater called before beeing initialized
2025-03-04 11:40:37,079 [INFO] DbMcusAds:53 - JSON generation date=Tue Dec 17 18:01:15 EET 2024 (1734451275222)
2025-03-04 11:40:37,080 [FATAL] Updater:308 - Updater called before beeing initialized
2025-03-04 11:40:37,131 [WARN] DetailPanel:346 - Failed to get advertising image, set to default
2025-03-04 11:40:37,262 [FATAL] Updater:308 - Updater called before beeing initialized
2025-03-04 11:40:37,264 [FATAL] Updater:308 - Updater called before beeing initialized
2025-03-04 11:40:37,264 [FATAL] Updater:308 - Updater called before beeing initialized
2025-03-04 11:40:37,264 [WARN] DetailPanel:346 - Failed to get advertising image, set to default
2025-03-04 11:40:37,265 [FATAL] Updater:308 - Updater called before beeing initialized
2025-03-04 11:40:37,336 [ERROR] Updater:1120 - MainUpdater not yet initialized. External WinMGr cannot be set.
2025-03-04 11:40:37,340 [INFO] Updater:1056 - Updater Version found : 6.11.1
2025-03-04 11:40:37,366 [INFO] ApplicationProperties:184 - Using Application install path: C:\ST\STM32CubeIDE_1.15.1\STM32CubeIDE\plugins\com.st.stm32cube.common.mx_6.11.1.202404110753
2025-03-04 11:40:38,489 [INFO] ThirdPartyUpdaterWithRetryManager:70 - Updater plugin not ready yet. [2/15]
2025-03-04 11:40:38,958 [ERROR] LogOutputStream:75 - [STDERR_REDIRECT] Mar 04, 2025 11:40:38 AM java.util.prefs.WindowsPreferences <init>
2025-03-04 11:40:38,962 [ERROR] LogOutputStream:75 - [STDERR_REDIRECT] WARNING: Could not open/create prefs root node Software\JavaSoft\Prefs at root 0xffffffff80000002. Windows RegCreateKeyEx(...) returned error code 5.
2025-03-04 11:40:38,963 [ERROR] LogOutputStream:75 - [STDERR_REDIRECT] 
2025-03-04 11:40:39,814 [ERROR] CheckConnectionManager:249 - Problem, Http access forbiden
2025-03-04 11:40:39,819 [INFO] MainUpdater:2873 - connection check result : 22
2025-03-04 11:40:39,819 [INFO] MainUpdater:290 - Updater Check For Update Now.
2025-03-04 11:40:39,820 [INFO] MicroXplorer:498 - Change Database Version : DB.6.0.111
2025-03-04 11:40:39,828 [INFO] McuFinderGlobals:63 - Set McuFinder mode to 2 (CubeIDE integrated)
2025-03-04 11:40:39,829 [INFO] UserAuth:179 - activating auth plugin
2025-03-04 11:40:39,833 [INFO] UserAuth:415 - Internet connection configuration mode: 2
2025-03-04 11:40:39,865 [INFO] UserAuth:415 - Internet connection configuration mode: 2
2025-03-04 11:40:40,255 [INFO] CheckServerUpdateThread:120 - End of CheckServer Thread
2025-03-04 11:40:42,190 [WARN] PackLoader:240 - Cannot read IP mode file for STMicroelectronics.FP-SNS-MOTENVWB1.1.4.0
2025-03-04 11:40:42,350 [WARN] PackLoader:240 - Cannot read IP mode file for STMicroelectronics.FP-ATR-ASTRA1.2.0.1
2025-03-04 11:40:42,379 [WARN] PackLoader:240 - Cannot read IP mode file for STMicroelectronics.X-CUBE-SMBUS.2.1.0
2025-03-04 11:40:42,495 [WARN] PackLoader:240 - Cannot read IP mode file for STMicroelectronics.X-CUBE-WB05N.1.1.0
2025-03-04 11:40:42,527 [WARN] PackLoader:240 - Cannot read IP mode file for STMicroelectronics.X-CUBE-TOUCHGFX.4.23.2
2025-03-04 11:40:42,726 [WARN] PackLoader:240 - Cannot read IP mode file for STMicroelectronics.X-CUBE-AZRTOS-F7.1.1.0
2025-03-04 11:40:43,114 [WARN] PackLoader:240 - Cannot read IP mode file for STMicroelectronics.FP-SNS-FLIGHT1.5.0.2
2025-03-04 11:40:43,225 [WARN] PackLoader:240 - Cannot read IP mode file for STMicroelectronics.X-CUBE-DISPLAY.3.0.0
2025-03-04 11:40:43,368 [WARN] PackLoader:240 - Cannot read IP mode file for STMicroelectronics.X-CUBE-BLE1.7.0.0
2025-03-04 11:40:43,485 [WARN] PackLoader:240 - Cannot read IP mode file for STMicroelectronics.X-CUBE-NFC10.1.0.0
2025-03-04 11:40:43,536 [WARN] PackLoader:240 - Cannot read IP mode file for STMicroelectronics.X-CUBE-BLEMGR.4.0.0
2025-03-04 11:40:43,573 [WARN] PackLoader:240 - Cannot read IP mode file for emotas.I-CUBE-CANOPEN.1.3.0
2025-03-04 11:40:43,676 [WARN] PackLoader:240 - Cannot read IP mode file for STMicroelectronics.X-CUBE-BLEMGR.3.1.0
2025-03-04 11:40:43,793 [WARN] PackLoader:240 - Cannot read IP mode file for STMicroelectronics.X-CUBE-AI.10.0.0
2025-03-04 11:40:43,822 [WARN] PackLoader:240 - Cannot read IP mode file for STMicroelectronics.FP-SNS-SMARTAG2.1.2.0
2025-03-04 11:40:44,024 [WARN] PackLoader:240 - Cannot read IP mode file for STMicroelectronics.X-CUBE-MEMS1.11.1.0
2025-03-04 11:40:44,294 [INFO] LogOutputStream:77 - [STDOUT_REDIRECT] 1 : Invalid condition id : UX_CORESTACK_Condition cause : null
2025-03-04 11:40:44,294 [INFO] LogOutputStream:77 - [STDOUT_REDIRECT] 1 : Invalid condition id : UX_CORESTACK_Condition cause : null
2025-03-04 11:40:44,297 [INFO] LogOutputStream:77 - [STDOUT_REDIRECT] 1 : Invalid condition id : UX_CORESTACK_Condition cause : null
2025-03-04 11:40:44,300 [INFO] LogOutputStream:77 - [STDOUT_REDIRECT] 1 : Invalid condition id : UX_CORESTACK_Condition cause : null
2025-03-04 11:40:44,302 [INFO] LogOutputStream:77 - [STDOUT_REDIRECT] 1 : Invalid condition id : UX_CORESTACK_Condition cause : null
2025-03-04 11:40:44,306 [WARN] PackLoader:240 - Cannot read IP mode file for STMicroelectronics.X-CUBE-AZRTOS-WL.2.0.0
2025-03-04 11:40:44,311 [INFO] LogOutputStream:77 - [STDOUT_REDIRECT] 1 : Invalid condition id : UX_CORESTACK_Condition cause : null
2025-03-04 11:40:44,314 [INFO] LogOutputStream:77 - [STDOUT_REDIRECT] 1 : Invalid condition id : UX_CORESTACK_Condition cause : null
2025-03-04 11:40:44,316 [INFO] LogOutputStream:77 - [STDOUT_REDIRECT] 1 : Invalid condition id : UX_CORESTACK_Condition cause : null
2025-03-04 11:40:44,319 [INFO] LogOutputStream:77 - [STDOUT_REDIRECT] 1 : Invalid condition id : UX_CORESTACK_Condition cause : null
2025-03-04 11:40:44,321 [INFO] LogOutputStream:77 - [STDOUT_REDIRECT] 1 : Invalid condition id : UX_CORESTACK_Condition cause : null
2025-03-04 11:40:44,559 [WARN] PackLoader:240 - Cannot read IP mode file for STMicroelectronics.FP-SNS-MOTENV1.5.0.0
2025-03-04 11:40:44,667 [WARN] PackLoader:240 - Cannot read IP mode file for wolfSSL.I-CUBE-wolfMQTT.1.19.0
2025-03-04 11:40:44,696 [WARN] PackLoader:240 - Cannot read IP mode file for WES.I-CUBE-Cesium.1.3.0
2025-03-04 11:40:44,725 [WARN] PackLoader:240 - Cannot read IP mode file for STMicroelectronics.X-CUBE-BLE2.3.3.0
2025-03-04 11:40:44,827 [WARN] PackLoader:240 - Cannot read IP mode file for STMicroelectronics.X-CUBE-NFC9.1.0.0
2025-03-04 11:40:44,924 [WARN] PackLoader:240 - Cannot read IP mode file for STMicroelectronics.X-CUBE-TCPP.4.1.0
2025-03-04 11:40:45,088 [WARN] PackLoader:240 - Cannot read IP mode file for STMicroelectronics.X-CUBE-AZRTOS-G0.1.1.0
2025-03-04 11:40:45,291 [WARN] PackLoader:240 - Cannot read IP mode file for STMicroelectronics.X-CUBE-SAFEA1.1.2.2
2025-03-04 11:40:45,392 [WARN] PackLoader:240 - Cannot read IP mode file for STMicroelectronics.X-CUBE-NFC4.3.0.0
2025-03-04 11:40:45,502 [WARN] PackLoader:240 - Cannot read IP mode file for EmbeddedOffice.I-CUBE-FS-RTOS.1.0.1
2025-03-04 11:40:45,503 [ERROR] ConditionMgr:805 - Attr not supported : Dmpu
2025-03-04 11:40:45,504 [ERROR] ConditionMgr:805 - Attr not supported : Dmpu
2025-03-04 11:40:45,504 [ERROR] ConditionMgr:805 - Attr not supported : Dmpu
2025-03-04 11:40:45,504 [ERROR] ConditionMgr:805 - Attr not supported : Dmpu
2025-03-04 11:40:45,505 [ERROR] ConditionMgr:805 - Attr not supported : Dmpu
2025-03-04 11:40:45,505 [ERROR] ConditionMgr:805 - Attr not supported : Dmpu
2025-03-04 11:40:45,505 [ERROR] ConditionMgr:805 - Attr not supported : Dmpu
2025-03-04 11:40:45,505 [ERROR] ConditionMgr:805 - Attr not supported : Dmpu
2025-03-04 11:40:45,505 [ERROR] ConditionMgr:805 - Attr not supported : Dmpu
2025-03-04 11:40:45,505 [ERROR] ConditionMgr:805 - Attr not supported : Dmpu
2025-03-04 11:40:45,506 [ERROR] ConditionMgr:805 - Attr not supported : Dmpu
2025-03-04 11:40:45,506 [ERROR] ConditionMgr:805 - Attr not supported : Dmpu
2025-03-04 11:40:45,506 [ERROR] ConditionMgr:805 - Attr not supported : Dmpu
2025-03-04 11:40:45,506 [ERROR] ConditionMgr:805 - Attr not supported : Dmpu
2025-03-04 11:40:45,506 [ERROR] ConditionMgr:805 - Attr not supported : Dmpu
2025-03-04 11:40:45,506 [ERROR] ConditionMgr:805 - Attr not supported : Dmpu
2025-03-04 11:40:45,506 [ERROR] ConditionMgr:805 - Attr not supported : Dmpu
2025-03-04 11:40:45,507 [ERROR] ConditionMgr:805 - Attr not supported : Dmpu
2025-03-04 11:40:45,507 [ERROR] ConditionMgr:805 - Attr not supported : Dmpu
2025-03-04 11:40:45,507 [ERROR] ConditionMgr:805 - Attr not supported : Dmpu
2025-03-04 11:40:45,507 [ERROR] ConditionMgr:805 - Attr not supported : Dmpu
2025-03-04 11:40:45,507 [ERROR] ConditionMgr:805 - Attr not supported : Dmpu
2025-03-04 11:40:45,507 [ERROR] ConditionMgr:805 - Attr not supported : Dmpu
2025-03-04 11:40:45,507 [ERROR] ConditionMgr:805 - Attr not supported : Dmpu
2025-03-04 11:40:45,507 [ERROR] ConditionMgr:805 - Attr not supported : Dmpu
2025-03-04 11:40:45,508 [ERROR] ConditionMgr:805 - Attr not supported : Dmpu
2025-03-04 11:40:45,508 [ERROR] ConditionMgr:805 - Attr not supported : Dmpu
2025-03-04 11:40:45,508 [ERROR] ConditionMgr:805 - Attr not supported : Dmpu
2025-03-04 11:40:45,508 [ERROR] ConditionMgr:805 - Attr not supported : Dmpu
2025-03-04 11:40:45,508 [ERROR] ConditionMgr:805 - Attr not supported : Dmpu
2025-03-04 11:40:45,508 [ERROR] ConditionMgr:805 - Attr not supported : Dmpu
2025-03-04 11:40:45,508 [ERROR] ConditionMgr:805 - Attr not supported : Dmpu
2025-03-04 11:40:45,509 [ERROR] ConditionMgr:805 - Attr not supported : Dmpu
2025-03-04 11:40:45,509 [ERROR] ConditionMgr:805 - Attr not supported : Dmpu
2025-03-04 11:40:45,509 [ERROR] ConditionMgr:805 - Attr not supported : Dmpu
2025-03-04 11:40:45,509 [ERROR] ConditionMgr:805 - Attr not supported : Dmpu
2025-03-04 11:40:45,509 [ERROR] ConditionMgr:805 - Attr not supported : Dmpu
2025-03-04 11:40:45,509 [ERROR] ConditionMgr:805 - Attr not supported : Dmpu
2025-03-04 11:40:45,510 [ERROR] ConditionMgr:805 - Attr not supported : Dmpu
2025-03-04 11:40:45,510 [ERROR] ConditionMgr:805 - Attr not supported : Dmpu
2025-03-04 11:40:45,510 [ERROR] ConditionMgr:805 - Attr not supported : Dmpu
2025-03-04 11:40:45,510 [ERROR] ConditionMgr:805 - Attr not supported : Dmpu
2025-03-04 11:40:45,510 [ERROR] ConditionMgr:805 - Attr not supported : Dmpu
2025-03-04 11:40:45,510 [ERROR] ConditionMgr:805 - Attr not supported : Dmpu
2025-03-04 11:40:45,510 [ERROR] ConditionMgr:805 - Attr not supported : Dmpu
2025-03-04 11:40:45,510 [ERROR] ConditionMgr:805 - Attr not supported : Dmpu
2025-03-04 11:40:45,511 [ERROR] ConditionMgr:805 - Attr not supported : Dmpu
2025-03-04 11:40:45,511 [ERROR] ConditionMgr:805 - Attr not supported : Dmpu
2025-03-04 11:40:45,511 [ERROR] ConditionMgr:805 - Attr not supported : Dmpu
2025-03-04 11:40:45,511 [ERROR] ConditionMgr:805 - Attr not supported : Dmpu
2025-03-04 11:40:45,511 [ERROR] ConditionMgr:805 - Attr not supported : Dmpu
2025-03-04 11:40:45,511 [ERROR] ConditionMgr:805 - Attr not supported : Dmpu
2025-03-04 11:40:45,511 [ERROR] ConditionMgr:805 - Attr not supported : Dmpu
2025-03-04 11:40:45,512 [ERROR] ConditionMgr:805 - Attr not supported : Dmpu
2025-03-04 11:40:45,512 [ERROR] ConditionMgr:805 - Attr not supported : Dmpu
2025-03-04 11:40:45,512 [ERROR] ConditionMgr:805 - Attr not supported : Dmpu
2025-03-04 11:40:45,512 [ERROR] ConditionMgr:805 - Attr not supported : Dmpu
2025-03-04 11:40:45,512 [ERROR] ConditionMgr:805 - Attr not supported : Dmpu
2025-03-04 11:40:45,512 [ERROR] ConditionMgr:805 - Attr not supported : Dmpu
2025-03-04 11:40:45,512 [ERROR] ConditionMgr:805 - Attr not supported : Dmpu
2025-03-04 11:40:45,513 [ERROR] ConditionMgr:805 - Attr not supported : Dmpu
2025-03-04 11:40:45,513 [ERROR] ConditionMgr:805 - Attr not supported : Dmpu
2025-03-04 11:40:45,513 [ERROR] ConditionMgr:805 - Attr not supported : Dmpu
2025-03-04 11:40:45,513 [ERROR] ConditionMgr:805 - Attr not supported : Dmpu
2025-03-04 11:40:45,535 [ERROR] Engine:466 - C:\Users\nickp\.stm32cubemx\thirdparties\pdsc\STMicroelectronics.X-CUBE-TCPP.4.2.0.pdsc: PDSC version is not supported
2025-03-04 11:40:45,560 [WARN] PackLoader:240 - Cannot read IP mode file for RealThread.X-CUBE-RT-Thread_Nano.4.1.1
2025-03-04 11:40:45,586 [WARN] PackLoader:240 - Cannot read IP mode file for wolfSSL.I-CUBE-wolfSSL.5.7.0
2025-03-04 11:40:45,670 [WARN] PackLoader:240 - Cannot read IP mode file for STMicroelectronics.FP-ATR-SIGFOX1.3.2.0
2025-03-04 11:40:45,755 [WARN] ConditionMgr:438 - getConditionDescription Invalid condition id : Cortex-A Device cause : null
2025-03-04 11:40:45,785 [WARN] ConditionMgr:1039 - genDependencies : Invalid condition id : Cortex-A Device cause : null
2025-03-04 11:40:45,785 [WARN] ConditionMgr:1039 - genDependencies : Invalid condition id : Cortex-A Device cause : null
2025-03-04 11:40:45,786 [WARN] ConditionMgr:1039 - genDependencies : Invalid condition id : Cortex-A Device cause : null
2025-03-04 11:40:45,813 [WARN] PackLoader:240 - Cannot read IP mode file for STMicroelectronics.X-CUBE-EEPRMA1.5.1.0
2025-03-04 11:40:45,912 [WARN] PackLoader:240 - Cannot read IP mode file for ITTIA_DB.I-CUBE-ITTIADB.8.9.0
2025-03-04 11:40:46,029 [WARN] PackLoader:240 - Cannot read IP mode file for SEGGER.I-CUBE-embOS.1.3.1
2025-03-04 11:40:46,192 [WARN] PackLoader:240 - Cannot read IP mode file for STMicroelectronics.X-CUBE-ALGOBUILD.1.4.0
2025-03-04 11:40:46,281 [WARN] PackLoader:240 - Cannot read IP mode file for STMicroelectronics.X-CUBE-GNSS1.6.0.0
2025-03-04 11:40:46,398 [WARN] PackLoader:240 - Cannot read IP mode file for STMicroelectronics.X-CUBE-AZRTOS-F4.1.1.0
2025-03-04 11:40:46,566 [WARN] PackLoader:240 - Cannot read IP mode file for STMicroelectronics.X-CUBE-ISPU.2.1.0
2025-03-04 11:40:46,598 [WARN] PackLoader:240 - Cannot read IP mode file for STMicroelectronics.X-CUBE-FREERTOS.1.2.0
2025-03-04 11:40:46,721 [WARN] PackLoader:240 - Cannot read IP mode file for STMicroelectronics.X-CUBE-AZRTOS-L5.2.0.0
2025-03-04 11:40:46,878 [WARN] PackLoader:240 - Cannot read IP mode file for STMicroelectronics.X-CUBE-NFC6.3.1.0
2025-03-04 11:40:46,969 [WARN] PackLoader:240 - Cannot read IP mode file for STMicroelectronics.X-CUBE-DPower.1.2.0
2025-03-04 11:40:46,996 [WARN] PackLoader:240 - Cannot read IP mode file for STMicroelectronics.X-CUBE-AI.9.0.0
2025-03-04 11:40:47,067 [WARN] PackLoader:240 - Cannot read IP mode file for STMicroelectronics.X-CUBE-FREERTOS.1.3.0
2025-03-04 11:40:47,089 [WARN] PackLoader:240 - Cannot read IP mode file for STMicroelectronics.X-CUBE-NFC7.1.0.1
2025-03-04 11:40:47,191 [WARN] ConditionMgr:438 - getConditionDescription Invalid condition id : LAN8742 Phy interface Condition cause : null
2025-03-04 11:40:47,192 [WARN] PackLoader:240 - Cannot read IP mode file for STMicroelectronics.X-CUBE-AZRTOS-L4.2.0.0
2025-03-04 11:40:47,195 [WARN] ConditionMgr:1039 - genDependencies : Invalid condition id : LAN8742 Phy interface Condition cause : null
2025-03-04 11:40:47,195 [WARN] ConditionMgr:1039 - genDependencies : Invalid condition id : LAN8742 Phy interface Condition cause : null
2025-03-04 11:40:47,196 [WARN] ConditionMgr:1039 - genDependencies : Invalid condition id : LAN8742 Phy interface Condition cause : null
2025-03-04 11:40:47,204 [WARN] ConditionMgr:438 - getConditionDescription Invalid condition id : LAN8742 Phy interface Condition cause : null
2025-03-04 11:40:47,375 [WARN] PackLoader:240 - Cannot read IP mode file for STMicroelectronics.X-CUBE-SFXS2LP1.4.0.0
2025-03-04 11:40:47,491 [WARN] PackLoader:240 - Cannot read IP mode file for STMicroelectronics.X-CUBE-AZRTOS-H7.3.3.0
2025-03-04 11:40:47,538 [WARN] ConditionMgr:438 - getConditionDescription Invalid condition id : UX DEVICE CLASS RTOS Condition cause : null
2025-03-04 11:40:47,539 [WARN] ConditionMgr:438 - getConditionDescription Invalid condition id : UX DEVICE CLASS RTOS Condition cause : null
2025-03-04 11:40:47,541 [WARN] PackLoader:240 - Cannot read IP mode file for STMicroelectronics.X-CUBE-AZRTOS-WB.2.0.0
2025-03-04 11:40:47,543 [WARN] ConditionMgr:1039 - genDependencies : Invalid condition id : UX DEVICE CLASS RTOS Condition cause : null
2025-03-04 11:40:47,543 [WARN] ConditionMgr:1039 - genDependencies : Invalid condition id : UX DEVICE CLASS RTOS Condition cause : null
2025-03-04 11:40:47,544 [WARN] ConditionMgr:1039 - genDependencies : Invalid condition id : UX DEVICE CLASS RTOS Condition cause : null
2025-03-04 11:40:47,544 [WARN] ConditionMgr:1039 - genDependencies : Invalid condition id : UX DEVICE CLASS RTOS Condition cause : null
2025-03-04 11:40:47,544 [WARN] ConditionMgr:1039 - genDependencies : Invalid condition id : UX DEVICE CLASS RTOS Condition cause : null
2025-03-04 11:40:47,548 [WARN] ConditionMgr:438 - getConditionDescription Invalid condition id : UX DEVICE CLASS RTOS Condition cause : null
2025-03-04 11:40:47,549 [WARN] ConditionMgr:438 - getConditionDescription Invalid condition id : UX DEVICE CLASS RTOS Condition cause : null
2025-03-04 11:40:47,708 [WARN] PackLoader:240 - Cannot read IP mode file for STMicroelectronics.X-CUBE-GNSS1.7.0.1
2025-03-04 11:40:47,731 [WARN] PackLoader:240 - Cannot read IP mode file for STMicroelectronics.FP-SNS-STBOX1.2.0.0
2025-03-04 11:40:47,763 [WARN] PackLoader:240 - Cannot read IP mode file for STMicroelectronics.X-CUBE-SUBG2.5.0.0
2025-03-04 11:40:47,867 [WARN] PackLoader:240 - Cannot read IP mode file for Cesanta.I-CUBE-Mongoose.7.13.0
2025-03-04 11:40:47,964 [WARN] PackLoader:240 - Cannot read IP mode file for STMicroelectronics.X-CUBE-AZRTOS-G4.2.0.0
2025-03-04 11:40:48,095 [WARN] PackLoader:240 - Cannot read IP mode file for STMicroelectronics.X-CUBE-ISPU.2.0.0
2025-03-04 11:40:48,183 [ERROR] Engine:466 - C:\Users\nickp\.stm32cubemx\thirdparties\pdsc\STMicroelectronics.X-CUBE-IPS.3.1.0.pdsc: PDSC version is not supported
2025-03-04 11:40:48,206 [WARN] PackLoader:240 - Cannot read IP mode file for STMicroelectronics.X-CUBE-ALS.1.0.2
2025-03-04 11:40:48,326 [WARN] PackLoader:240 - Cannot read IP mode file for STMicroelectronics.X-CUBE-MEMS1.10.0.0
2025-03-04 11:40:48,594 [WARN] PackLoader:240 - Cannot read IP mode file for STMicroelectronics.X-CUBE-TOUCHGFX.4.24.0
2025-03-04 11:40:48,613 [WARN] PackLoader:240 - Cannot read IP mode file for STMicroelectronics.X-CUBE-TOUCHGFX.4.24.2
2025-03-04 11:40:48,633 [WARN] PackLoader:240 - Cannot read IP mode file for wolfSSL.I-CUBE-wolfTPM.3.4.0
2025-03-04 11:40:48,657 [WARN] PackLoader:240 - Cannot read IP mode file for portGmbH.I-Cube-SoM-uGOAL.1.1.0
2025-03-04 11:40:48,751 [WARN] PackLoader:240 - Cannot read IP mode file for STMicroelectronics.X-CUBE-AZRTOS-H7RS.1.0.0
2025-03-04 11:40:48,888 [WARN] PackLoader:240 - Cannot read IP mode file for STMicroelectronics.FP-ATR-ASTRA1.2.0.0
2025-03-04 11:40:48,963 [WARN] PackLoader:240 - Cannot read IP mode file for STMicroelectronics.X-CUBE-TOF1.3.4.2
2025-03-04 11:40:49,000 [WARN] PackLoader:240 - Cannot read IP mode file for STMicroelectronics.X-CUBE-TOF1.3.4.1
2025-03-04 11:40:49,115 [WARN] PackLoader:240 - Cannot read IP mode file for STMicroelectronics.X-CUBE-AZRTOS-H7.3.2.0
2025-03-04 11:40:49,278 [WARN] PackLoader:240 - Cannot read IP mode file for Infineon.AIROC-Wi-Fi-Bluetooth-STM32.1.6.0
2025-03-04 11:40:49,370 [WARN] PackLoader:240 - Cannot read IP mode file for wolfSSL.I-CUBE-wolfSSH.1.4.17
2025-03-04 11:40:49,371 [INFO] ThirdParty:978 - Integrity check success = true
2025-03-04 11:40:49,371 [INFO] IntegrityCheckThread:100 - exiting critical section [integrity check]
2025-03-04 11:40:49,371 [INFO] IntegrityCheckThread:103 - End integrity checks thread
